../Core/Src/Display/coordinatesystem.c:25:10:getMaxPixelRangeXStart	4	static
../Core/Src/Display/coordinatesystem.c:30:10:getPixelRangeYStart	4	static
../Core/Src/Display/coordinatesystem.c:35:10:getPixelRangeYEnd	4	static
../Core/Src/Display/coordinatesystem.c:40:7:getMaxValueRangeXStart	4	static
../Core/Src/Display/coordinatesystem.c:45:7:getMaxValueRangeXEnd	4	static
../Core/Src/Display/coordinatesystem.c:50:7:getValueRangeYStart	4	static
../Core/Src/Display/coordinatesystem.c:55:7:getValueRangeYEnd	4	static
../Core/Src/Display/coordinatesystem.c:60:10:getMaxPixelRangeYStart	8	static
../Core/Src/Display/coordinatesystem.c:61:10:getMaxPixelRangeYEnd	8	static
../Core/Src/Display/coordinatesystem.c:62:7:getMaxValueRangeYStart	8	static
../Core/Src/Display/coordinatesystem.c:63:7:getMaxValueRangeYEnd	8	static
../Core/Src/Display/coordinatesystem.c:65:7:getValueRangeXStart	4	static
../Core/Src/Display/coordinatesystem.c:70:7:getValueRangeXEnd	4	static
../Core/Src/Display/coordinatesystem.c:75:10:coordinateToDisplay	16	static
../Core/Src/Display/coordinatesystem.c:80:10:getXValue	24	static
../Core/Src/Display/coordinatesystem.c:92:10:getYValue	32	static
../Core/Src/Display/coordinatesystem.c:102:7:getXFrequency	24	static
../Core/Src/Display/coordinatesystem.c:113:10:getYPixel	24	static
../Core/Src/Display/coordinatesystem.c:119:6:setMaximum	16	static
