../Core/Src/main.c:103:6:displayInit	64	static
../Core/Src/main.c:114:6:HAL_I2S_RxHalfCpltCallback	16	static
../Core/Src/main.c:119:6:HAL_I2S_RxCpltCallback	16	static
../Core/Src/main.c:124:6:fftPipe	8	static
../Core/Src/main.c:134:6:HAL_TIM_PeriodElapsedCallback	16	static
../Core/Src/main.c:148:5:main	96	static
../Core/Src/main.c:299:6:SystemClock_Config	88	static
../Core/Src/main.c:345:13:MX_ETH_Init	8	static
../Core/Src/main.c:394:13:MX_I2S2_Init	8	static
../Core/Src/main.c:428:13:MX_SPI1_Init	8	static
../Core/Src/main.c:466:13:MX_TIM2_Init	32	static
../Core/Src/main.c:511:13:MX_USART3_UART_Init	8	static
../Core/Src/main.c:544:13:MX_USB_OTG_FS_PCD_Init	8	static
../Core/Src/main.c:577:13:MX_DMA_Init	16	static
../Core/Src/main.c:595:13:MX_GPIO_Init	64	static
../Core/Src/main.c:681:6:Error_Handler	4	static,ignoring_inline_asm
