Archive member included to satisfy reference by file (symbol)

C:/ST/STM32CubeIDE_1.16.1/STM32CubeIDE/plugins/com.st.stm32cube.ide.mcu.externaltools.gnu-tools-for-stm32.12.3.rel1.win32_1.0.200.202406191623/tools/bin/../lib/gcc/arm-none-eabi/12.3.1/../../../../arm-none-eabi/lib/thumb/v7e-m+fp/hard\libc_nano.a(libc_a-exit.o)
                              C:/ST/STM32CubeIDE_1.16.1/STM32CubeIDE/plugins/com.st.stm32cube.ide.mcu.externaltools.gnu-tools-for-stm32.12.3.rel1.win32_1.0.200.202406191623/tools/bin/../lib/gcc/arm-none-eabi/12.3.1/../../../../arm-none-eabi/lib/thumb/v7e-m+fp/hard/crt0.o (exit)
C:/ST/STM32CubeIDE_1.16.1/STM32CubeIDE/plugins/com.st.stm32cube.ide.mcu.externaltools.gnu-tools-for-stm32.12.3.rel1.win32_1.0.200.202406191623/tools/bin/../lib/gcc/arm-none-eabi/12.3.1/../../../../arm-none-eabi/lib/thumb/v7e-m+fp/hard\libc_nano.a(libc_a-realloc.o)
                              ./Core/Src/FFT/fft_test.o (realloc)
C:/ST/STM32CubeIDE_1.16.1/STM32CubeIDE/plugins/com.st.stm32cube.ide.mcu.externaltools.gnu-tools-for-stm32.12.3.rel1.win32_1.0.200.202406191623/tools/bin/../lib/gcc/arm-none-eabi/12.3.1/../../../../arm-none-eabi/lib/thumb/v7e-m+fp/hard\libc_nano.a(libc_a-reallocr.o)
                              C:/ST/STM32CubeIDE_1.16.1/STM32CubeIDE/plugins/com.st.stm32cube.ide.mcu.externaltools.gnu-tools-for-stm32.12.3.rel1.win32_1.0.200.202406191623/tools/bin/../lib/gcc/arm-none-eabi/12.3.1/../../../../arm-none-eabi/lib/thumb/v7e-m+fp/hard\libc_nano.a(libc_a-realloc.o) (_realloc_r)
C:/ST/STM32CubeIDE_1.16.1/STM32CubeIDE/plugins/com.st.stm32cube.ide.mcu.externaltools.gnu-tools-for-stm32.12.3.rel1.win32_1.0.200.202406191623/tools/bin/../lib/gcc/arm-none-eabi/12.3.1/../../../../arm-none-eabi/lib/thumb/v7e-m+fp/hard\libc_nano.a(libc_a-findfp.o)
                              C:/ST/STM32CubeIDE_1.16.1/STM32CubeIDE/plugins/com.st.stm32cube.ide.mcu.externaltools.gnu-tools-for-stm32.12.3.rel1.win32_1.0.200.202406191623/tools/bin/../lib/gcc/arm-none-eabi/12.3.1/../../../../arm-none-eabi/lib/thumb/v7e-m+fp/hard\libc_nano.a(libc_a-exit.o) (__stdio_exit_handler)
C:/ST/STM32CubeIDE_1.16.1/STM32CubeIDE/plugins/com.st.stm32cube.ide.mcu.externaltools.gnu-tools-for-stm32.12.3.rel1.win32_1.0.200.202406191623/tools/bin/../lib/gcc/arm-none-eabi/12.3.1/../../../../arm-none-eabi/lib/thumb/v7e-m+fp/hard\libc_nano.a(libc_a-fwalk.o)
                              C:/ST/STM32CubeIDE_1.16.1/STM32CubeIDE/plugins/com.st.stm32cube.ide.mcu.externaltools.gnu-tools-for-stm32.12.3.rel1.win32_1.0.200.202406191623/tools/bin/../lib/gcc/arm-none-eabi/12.3.1/../../../../arm-none-eabi/lib/thumb/v7e-m+fp/hard\libc_nano.a(libc_a-findfp.o) (_fwalk_sglue)
C:/ST/STM32CubeIDE_1.16.1/STM32CubeIDE/plugins/com.st.stm32cube.ide.mcu.externaltools.gnu-tools-for-stm32.12.3.rel1.win32_1.0.200.202406191623/tools/bin/../lib/gcc/arm-none-eabi/12.3.1/../../../../arm-none-eabi/lib/thumb/v7e-m+fp/hard\libc_nano.a(libc_a-stdio.o)
                              C:/ST/STM32CubeIDE_1.16.1/STM32CubeIDE/plugins/com.st.stm32cube.ide.mcu.externaltools.gnu-tools-for-stm32.12.3.rel1.win32_1.0.200.202406191623/tools/bin/../lib/gcc/arm-none-eabi/12.3.1/../../../../arm-none-eabi/lib/thumb/v7e-m+fp/hard\libc_nano.a(libc_a-findfp.o) (__sread)
C:/ST/STM32CubeIDE_1.16.1/STM32CubeIDE/plugins/com.st.stm32cube.ide.mcu.externaltools.gnu-tools-for-stm32.12.3.rel1.win32_1.0.200.202406191623/tools/bin/../lib/gcc/arm-none-eabi/12.3.1/../../../../arm-none-eabi/lib/thumb/v7e-m+fp/hard\libc_nano.a(libc_a-memset.o)
                              C:/ST/STM32CubeIDE_1.16.1/STM32CubeIDE/plugins/com.st.stm32cube.ide.mcu.externaltools.gnu-tools-for-stm32.12.3.rel1.win32_1.0.200.202406191623/tools/bin/../lib/gcc/arm-none-eabi/12.3.1/../../../../arm-none-eabi/lib/thumb/v7e-m+fp/hard/crt0.o (memset)
C:/ST/STM32CubeIDE_1.16.1/STM32CubeIDE/plugins/com.st.stm32cube.ide.mcu.externaltools.gnu-tools-for-stm32.12.3.rel1.win32_1.0.200.202406191623/tools/bin/../lib/gcc/arm-none-eabi/12.3.1/../../../../arm-none-eabi/lib/thumb/v7e-m+fp/hard\libc_nano.a(libc_a-closer.o)
                              C:/ST/STM32CubeIDE_1.16.1/STM32CubeIDE/plugins/com.st.stm32cube.ide.mcu.externaltools.gnu-tools-for-stm32.12.3.rel1.win32_1.0.200.202406191623/tools/bin/../lib/gcc/arm-none-eabi/12.3.1/../../../../arm-none-eabi/lib/thumb/v7e-m+fp/hard\libc_nano.a(libc_a-stdio.o) (_close_r)
C:/ST/STM32CubeIDE_1.16.1/STM32CubeIDE/plugins/com.st.stm32cube.ide.mcu.externaltools.gnu-tools-for-stm32.12.3.rel1.win32_1.0.200.202406191623/tools/bin/../lib/gcc/arm-none-eabi/12.3.1/../../../../arm-none-eabi/lib/thumb/v7e-m+fp/hard\libc_nano.a(libc_a-reent.o)
                              C:/ST/STM32CubeIDE_1.16.1/STM32CubeIDE/plugins/com.st.stm32cube.ide.mcu.externaltools.gnu-tools-for-stm32.12.3.rel1.win32_1.0.200.202406191623/tools/bin/../lib/gcc/arm-none-eabi/12.3.1/../../../../arm-none-eabi/lib/thumb/v7e-m+fp/hard\libc_nano.a(libc_a-closer.o) (errno)
[...]
Memory Configuration

Name             Origin             Length             Attributes
CCMRAM           0x10000000         0x00010000         xrw
RAM              0x20000000         0x00030000         xrw
FLASH            0x08000000         0x00200000         xr
*default*        0x00000000         0xffffffff

Linker script and memory map

LOAD C:/ST/STM32CubeIDE_1.16.1/STM32CubeIDE/plugins/com.st.stm32cube.ide.mcu.externaltools.gnu-tools-for-stm32.12.3.rel1.win32_1.0.200.202406191623/tools/bin/../lib/gcc/arm-none-eabi/12.3.1/thumb/v7e-m+fp/hard/crti.o
LOAD C:/ST/STM32CubeIDE_1.16.1/STM32CubeIDE/plugins/com.st.stm32cube.ide.mcu.externaltools.gnu-tools-for-stm32.12.3.rel1.win32_1.0.200.202406191623/tools/bin/../lib/gcc/arm-none-eabi/12.3.1/thumb/v7e-m+fp/hard/crtbegin.o
LOAD C:/ST/STM32CubeIDE_1.16.1/STM32CubeIDE/plugins/com.st.stm32cube.ide.mcu.externaltools.gnu-tools-for-stm32.12.3.rel1.win32_1.0.200.202406191623/tools/bin/../lib/gcc/arm-none-eabi/12.3.1/../../../../arm-none-eabi/lib/thumb/v7e-m+fp/hard/crt0.o
LOAD ./Core/Src/DSP/arm_bitreversal.o
LOAD ./Core/Src/DSP/arm_bitreversal2.o
LOAD ./Core/Src/DSP/arm_bitreversal_f16.o
LOAD ./Core/Src/DSP/arm_cfft_q15.o
LOAD ./Core/Src/DSP/arm_cfft_radix4_q15.o
LOAD ./Core/Src/DSP/arm_common_tables.o
LOAD ./Core/Src/DSP/arm_const_structs.o
LOAD ./Core/Src/DSP/arm_float_to_q15.o
LOAD ./Core/Src/DSP/arm_rfft_init_q15.o
LOAD ./Core/Src/DSP/arm_rfft_q15.o
LOAD ./Core/Src/DSP/arm_shift_q15.o
LOAD ./Core/Src/DSP/arm_sin_f32.o
LOAD ./Core/Src/Display/GFX_FUNCTIONS.o
LOAD ./Core/Src/Display/ST7735.o
LOAD ./Core/Src/Display/fonts.o
LOAD ./Core/Src/FFT/fft.o
LOAD ./Core/Src/FFT/fft_test.o
LOAD ./Core/Src/main.o
LOAD ./Core/Src/stm32f4xx_hal_msp.o
LOAD ./Core/Src/stm32f4xx_it.o
LOAD ./Core/Src/syscalls.o
LOAD ./Core/Src/sysmem.o
LOAD ./Core/Src/system_stm32f4xx.o
LOAD ./Core/Startup/startup_stm32f429zitx.o
LOAD ./Drivers/STM32F4xx_HAL_Driver/Src/stm32f4xx_hal.o
LOAD ./Drivers/STM32F4xx_HAL_Driver/Src/stm32f4xx_hal_cortex.o
LOAD ./Drivers/STM32F4xx_HAL_Driver/Src/stm32f4xx_hal_dma.o
LOAD ./Drivers/STM32F4xx_HAL_Driver/Src/stm32f4xx_hal_dma_ex.o
LOAD ./Drivers/STM32F4xx_HAL_Driver/Src/stm32f4xx_hal_eth.o
LOAD ./Drivers/STM32F4xx_HAL_Driver/Src/stm32f4xx_hal_exti.o
LOAD ./Drivers/STM32F4xx_HAL_Driver/Src/stm32f4xx_hal_flash.o
LOAD ./Drivers/STM32F4xx_HAL_Driver/Src/stm32f4xx_hal_flash_ex.o
LOAD ./Drivers/STM32F4xx_HAL_Driver/Src/stm32f4xx_hal_flash_ramfunc.o
LOAD ./Drivers/STM32F4xx_HAL_Driver/Src/stm32f4xx_hal_gpio.o
LOAD ./Drivers/STM32F4xx_HAL_Driver/Src/stm32f4xx_hal_pcd.o
LOAD ./Drivers/STM32F4xx_HAL_Driver/Src/stm32f4xx_hal_pcd_ex.o
LOAD ./Drivers/STM32F4xx_HAL_Driver/Src/stm32f4xx_hal_pwr.o
LOAD ./Drivers/STM32F4xx_HAL_Driver/Src/stm32f4xx_hal_pwr_ex.o
LOAD ./Drivers/STM32F4xx_HAL_Driver/Src/stm32f4xx_hal_rcc.o
LOAD ./Drivers/STM32F4xx_HAL_Driver/Src/stm32f4xx_hal_rcc_ex.o
LOAD ./Drivers/STM32F4xx_HAL_Driver/Src/stm32f4xx_hal_spi.o
LOAD ./Drivers/STM32F4xx_HAL_Driver/Src/stm32f4xx_hal_tim.o
LOAD ./Drivers/STM32F4xx_HAL_Driver/Src/stm32f4xx_hal_tim_ex.o
LOAD ./Drivers/STM32F4xx_HAL_Driver/Src/stm32f4xx_hal_uart.o
LOAD ./Drivers/STM32F4xx_HAL_Driver/Src/stm32f4xx_ll_usb.o
START GROUP
LOAD C:/ST/STM32CubeIDE_1.16.1/STM32CubeIDE/plugins/com.st.stm32cube.ide.mcu.externaltools.gnu-tools-for-stm32.12.3.rel1.win32_1.0.200.202406191623/tools/bin/../lib/gcc/arm-none-eabi/12.3.1/../../../../arm-none-eabi/lib/thumb/v7e-m+fp/hard\libc_nano.a
LOAD C:/ST/STM32CubeIDE_1.16.1/STM32CubeIDE/plugins/com.st.stm32cube.ide.mcu.externaltools.gnu-tools-for-stm32.12.3.rel1.win32_1.0.200.202406191623/tools/bin/../lib/gcc/arm-none-eabi/12.3.1/../../../../arm-none-eabi/lib/thumb/v7e-m+fp/hard\libm.a
END GROUP
START GROUP
LOAD C:/ST/STM32CubeIDE_1.16.1/STM32CubeIDE/plugins/com.st.stm32cube.ide.mcu.externaltools.gnu-tools-for-stm32.12.3.rel1.win32_1.0.200.202406191623/tools/bin/../lib/gcc/arm-none-eabi/12.3.1/thumb/v7e-m+fp/hard\libgcc.a
LOAD C:/ST/STM32CubeIDE_1.16.1/STM32CubeIDE/plugins/com.st.stm32cube.ide.mcu.externaltools.gnu-tools-for-stm32.12.3.rel1.win32_1.0.200.202406191623/tools/bin/../lib/gcc/arm-none-eabi/12.3.1/../../../../arm-none-eabi/lib/thumb/v7e-m+fp/hard\libc_nano.a
END GROUP
START GROUP
LOAD C:/ST/STM32CubeIDE_1.16.1/STM32CubeIDE/plugins/com.st.stm32cube.ide.mcu.externaltools.gnu-tools-for-stm32.12.3.rel1.win32_1.0.200.202406191623/tools/bin/../lib/gcc/arm-none-eabi/12.3.1/thumb/v7e-m+fp/hard\libgcc.a
LOAD C:/ST/STM32CubeIDE_1.16.1/STM32CubeIDE/plugins/com.st.stm32cube.ide.mcu.externaltools.gnu-tools-for-stm32.12.3.rel1.win32_1.0.200.202406191623/tools/bin/../lib/gcc/arm-none-eabi/12.3.1/../../../../arm-none-eabi/lib/thumb/v7e-m+fp/hard\libc_nano.a
LOAD C:/ST/STM32CubeIDE_1.16.1/STM32CubeIDE/plugins/com.st.stm32cube.ide.mcu.externaltools.gnu-tools-for-stm32.12.3.rel1.win32_1.0.200.202406191623/tools/bin/../lib/gcc/arm-none-eabi/12.3.1/../../../../arm-none-eabi/lib/thumb/v7e-m+fp/hard\libnosys.a
END GROUP
START GROUP
LOAD C:/ST/STM32CubeIDE_1.16.1/STM32CubeIDE/plugins/com.st.stm32cube.ide.mcu.externaltools.gnu-tools-for-stm32.12.3.rel1.win32_1.0.200.202406191623/tools/bin/../lib/gcc/arm-none-eabi/12.3.1/thumb/v7e-m+fp/hard\libgcc.a
LOAD C:/ST/STM32CubeIDE_1.16.1/STM32CubeIDE/plugins/com.st.stm32cube.ide.mcu.externaltools.gnu-tools-for-stm32.12.3.rel1.win32_1.0.200.202406191623/tools/bin/../lib/gcc/arm-none-eabi/12.3.1/../../../../arm-none-eabi/lib/thumb/v7e-m+fp/hard\libc_nano.a
LOAD C:/ST/STM32CubeIDE_1.16.1/STM32CubeIDE/plugins/com.st.stm32cube.ide.mcu.externaltools.gnu-tools-for-stm32.12.3.rel1.win32_1.0.200.202406191623/tools/bin/../lib/gcc/arm-none-eabi/12.3.1/../../../../arm-none-eabi/lib/thumb/v7e-m+fp/hard\libnosys.a
END GROUP
LOAD C:/ST/STM32CubeIDE_1.16.1/STM32CubeIDE/plugins/com.st.stm32cube.ide.mcu.externaltools.gnu-tools-for-stm32.12.3.rel1.win32_1.0.200.202406191623/tools/bin/../lib/gcc/arm-none-eabi/12.3.1/thumb/v7e-m+fp/hard/crtend.o
LOAD C:/ST/STM32CubeIDE_1.16.1/STM32CubeIDE/plugins/com.st.stm32cube.ide.mcu.externaltools.gnu-tools-for-stm32.12.3.rel1.win32_1.0.200.202406191623/tools/bin/../lib/gcc/arm-none-eabi/12.3.1/thumb/v7e-m+fp/hard/crtn.o
                0x20030000                        _estack = (ORIGIN (RAM) + LENGTH (RAM))
                0x00000200                        _Min_Heap_Size = 0x200
                0x00000400                        _Min_Stack_Size = 0x400

.isr_vector     0x08000000      0x1ac
                0x08000000                        . = ALIGN (0x4)
 *(.isr_vector)
 .isr_vector    0x08000000      0x1ac ./Core/Startup/startup_stm32f429zitx.o
                0x08000000                g_pfnVectors
                0x080001ac                        . = ALIGN (0x4)

.text           0x080001ac     0x5acc
                0x080001ac                        . = ALIGN (0x4)
 *(.text)
 .text          0x080001ac       0x40 C:/ST/STM32CubeIDE_1.16.1/STM32CubeIDE/plugins/com.st.stm32cube.ide.mcu.externaltools.gnu-tools-for-stm32.12.3.rel1.win32_1.0.200.202406191623/tools/bin/../lib/gcc/arm-none-eabi/12.3.1/thumb/v7e-m+fp/hard/crtbegin.o
 .text          0x080001ec       0x30 C:/ST/STM32CubeIDE_1.16.1/STM32CubeIDE/plugins/com.st.stm32cube.ide.mcu.externaltools.gnu-tools-for-stm32.12.3.rel1.win32_1.0.200.202406191623/tools/bin/../lib/gcc/arm-none-eabi/12.3.1/thumb/v7e-m+fp/hard\libgcc.a(_aeabi_uldivmod.o)
                0x080001ec                __aeabi_uldivmod
 .text          0x0800021c      0x2bc C:/ST/STM32CubeIDE_1.16.1/STM32CubeIDE/plugins/com.st.stm32cube.ide.mcu.externaltools.gnu-tools-for-stm32.12.3.rel1.win32_1.0.200.202406191623/tools/bin/../lib/gcc/arm-none-eabi/12.3.1/thumb/v7e-m+fp/hard\libgcc.a(_udivmoddi4.o)
                0x0800021c                __udivmoddi4
 .text          0x080004d8        0x4 C:/ST/STM32CubeIDE_1.16.1/STM32CubeIDE/plugins/com.st.stm32cube.ide.mcu.externaltools.gnu-tools-for-stm32.12.3.rel1.win32_1.0.200.202406191623/tools/bin/../lib/gcc/arm-none-eabi/12.3.1/thumb/v7e-m+fp/hard\libgcc.a(_dvmd_tls.o)
                0x080004d8                __aeabi_idiv0
                0x080004d8                __aeabi_ldiv0
 *(.text*)
 .text.arm_rfft_init_8192_q15
                0x080004dc       0x58 ./Core/Src/DSP/arm_rfft_init_q15.o
                0x080004dc                arm_rfft_init_8192_q15
 .text.arm_rfft_init_4096_q15
                0x08000534       0x58 ./Core/Src/DSP/arm_rfft_init_q15.o
                0x08000534                arm_rfft_init_4096_q15
 .text.arm_rfft_init_2048_q15
                0x0800058c       0x58 ./Core/Src/DSP/arm_rfft_init_q15.o
                0x0800058c                arm_rfft_init_2048_q15
 .text.arm_rfft_init_1024_q15
                0x080005e4       0x58 ./Core/Src/DSP/arm_rfft_init_q15.o
                0x080005e4                arm_rfft_init_1024_q15
 .text.arm_rfft_init_512_q15
                0x0800063c       0x58 ./Core/Src/DSP/arm_rfft_init_q15.o
                0x0800063c                arm_rfft_init_512_q15
 .text.arm_rfft_init_256_q15
                0x08000694       0x58 ./Core/Src/DSP/arm_rfft_init_q15.o
                0x08000694                arm_rfft_init_256_q15
 .text.arm_rfft_init_128_q15
                0x080006ec       0x54 ./Core/Src/DSP/arm_rfft_init_q15.o
                0x080006ec                arm_rfft_init_128_q15
 .text.arm_rfft_init_64_q15
                0x08000740       0x54 ./Core/Src/DSP/arm_rfft_init_q15.o
                0x08000740                arm_rfft_init_64_q15
 .text.arm_rfft_init_32_q15
                0x08000794       0x58 ./Core/Src/DSP/arm_rfft_init_q15.o
                0x08000794                arm_rfft_init_32_q15
 .text.arm_rfft_init_q15
                0x080007ec      0x12e ./Core/Src/DSP/arm_rfft_init_q15.o
                0x080007ec                arm_rfft_init_q15
 .text.drawPixel
                0x0800091a       0x26 ./Core/Src/Display/GFX_FUNCTIONS.o
                0x0800091a                drawPixel
 .text.fillRect
                0x08000940       0x38 ./Core/Src/Display/GFX_FUNCTIONS.o
                0x08000940                fillRect
 .text.writePixel
                0x08000978       0x2a ./Core/Src/Display/GFX_FUNCTIONS.o
                0x08000978                writePixel
 .text.writeLine
                0x080009a2      0x144 ./Core/Src/Display/GFX_FUNCTIONS.o
                0x080009a2                writeLine
 .text.drawFastVLine
                0x08000ae6       0x4a ./Core/Src/Display/GFX_FUNCTIONS.o
                0x08000ae6                drawFastVLine
 .text.drawFastHLine
                0x08000b30       0x4a ./Core/Src/Display/GFX_FUNCTIONS.o
                0x08000b30                drawFastHLine
 .text.drawLine
                0x08000b7a       0xc4 ./Core/Src/Display/GFX_FUNCTIONS.o
                0x08000b7a                drawLine
 .text.drawCircle
                0x08000c3e      0x1d8 ./Core/Src/Display/GFX_FUNCTIONS.o
                0x08000c3e                drawCircle
 .text.drawCircleHelper
                0x08000e16      0x1a8 ./Core/Src/Display/GFX_FUNCTIONS.o
                0x08000e16                drawCircleHelper
 .text.fillCircleHelper
                0x08000fbe      0x19c ./Core/Src/Display/GFX_FUNCTIONS.o
                0x08000fbe                fillCircleHelper
 .text.fillCircle
                0x0800115a       0x60 ./Core/Src/Display/GFX_FUNCTIONS.o
                0x0800115a                fillCircle
 .text.drawRect
                0x080011ba       0x82 ./Core/Src/Display/GFX_FUNCTIONS.o
                0x080011ba                drawRect
 .text.drawRoundRect
                0x0800123c      0x19a ./Core/Src/Display/GFX_FUNCTIONS.o
                0x0800123c                drawRoundRect
 .text.fillRoundRect
                0x080013d6       0xf2 ./Core/Src/Display/GFX_FUNCTIONS.o
                0x080013d6                fillRoundRect
 .text.drawTriangle
                0x080014c8       0x74 ./Core/Src/Display/GFX_FUNCTIONS.o
                0x080014c8                drawTriangle
 .text.fillTriangle
                0x0800153c      0x2be ./Core/Src/Display/GFX_FUNCTIONS.o
                0x0800153c                fillTriangle
 *fill*         0x080017fa        0x2 
 .text.fillScreen
                0x080017fc       0x34 ./Core/Src/Display/GFX_FUNCTIONS.o
                0x080017fc                fillScreen
 .text.testLines
                0x08001830      0x204 ./Core/Src/Display/GFX_FUNCTIONS.o
                0x08001830                testLines
 .text.testFastLines
                0x08001a34       0x80 ./Core/Src/Display/GFX_FUNCTIONS.o
                0x08001a34                testFastLines
 .text.testRects
                0x08001ab4       0xa4 ./Core/Src/Display/GFX_FUNCTIONS.o
                0x08001ab4                testRects
 .text.testFilledRects
                0x08001b58       0xdc ./Core/Src/Display/GFX_FUNCTIONS.o
                0x08001b58                testFilledRects
 .text.testFilledCircles
                0x08001c34       0x7c ./Core/Src/Display/GFX_FUNCTIONS.o
                0x08001c34                testFilledCircles
 .text.testCircles
                0x08001cb0       0x84 ./Core/Src/Display/GFX_FUNCTIONS.o
                0x08001cb0                testCircles
 .text.testTriangles
                0x08001d34       0xc8 ./Core/Src/Display/GFX_FUNCTIONS.o
                0x08001d34                testTriangles
 .text.testFilledTriangles
                0x08001dfc      0x15c ./Core/Src/Display/GFX_FUNCTIONS.o
                0x08001dfc                testFilledTriangles
 .text.testRoundRects
                0x08001f58       0xdc ./Core/Src/Display/GFX_FUNCTIONS.o
                0x08001f58                testRoundRects
 .text.testFilledRoundRects
                0x08002034       0xe8 ./Core/Src/Display/GFX_FUNCTIONS.o
                0x08002034                testFilledRoundRects
 .text.testFillScreen
                0x0800211c       0x2a ./Core/Src/Display/GFX_FUNCTIONS.o
                0x0800211c                testFillScreen
 .text.testAll  0x08002146       0x56 ./Core/Src/Display/GFX_FUNCTIONS.o
                0x08002146                testAll
 .text.ST7735_Select
                0x0800219c       0x18 ./Core/Src/Display/ST7735.o
                0x0800219c                ST7735_Select
 .text.ST7735_Unselect
                0x080021b4       0x18 ./Core/Src/Display/ST7735.o
                0x080021b4                ST7735_Unselect
 .text.ST7735_Reset
                0x080021cc       0x2c ./Core/Src/Display/ST7735.o
                0x080021cc                ST7735_Reset
 .text.ST7735_WriteCommand
                0x080021f8       0x34 ./Core/Src/Display/ST7735.o
                0x080021f8                ST7735_WriteCommand
 .text.ST7735_WriteData
                0x0800222c       0x38 ./Core/Src/Display/ST7735.o
                0x0800222c                ST7735_WriteData
 .text.DisplayInit
                0x08002264       0x92 ./Core/Src/Display/ST7735.o
                0x08002264                DisplayInit
 *fill*         0x080022f6        0x2 
 .text.ST7735_SetAddressWindow
                0x080022f8       0x90 ./Core/Src/Display/ST7735.o
                0x080022f8                ST7735_SetAddressWindow
 .text.ST7735_Init
                0x08002388       0x58 ./Core/Src/Display/ST7735.o
                0x08002388                ST7735_Init
 .text.ST7735_SetRotation
                0x080023e0      0x100 ./Core/Src/Display/ST7735.o
                0x080023e0                ST7735_SetRotation
 .text.ST7735_DrawPixel
                0x080024e0       0x7c ./Core/Src/Display/ST7735.o
                0x080024e0                ST7735_DrawPixel
 .text.ST7735_WriteChar
                0x0800255c       0xee ./Core/Src/Display/ST7735.o
                0x0800255c                ST7735_WriteChar
 *fill*         0x0800264a        0x2 
 .text.ST7735_WriteString
                0x0800264c       0xa8 ./Core/Src/Display/ST7735.o
                0x0800264c                ST7735_WriteString
 .text.ST7735_FillRectangle
                0x080026f4      0x114 ./Core/Src/Display/ST7735.o
                0x080026f4                ST7735_FillRectangle
 .text.FFT_init
                0x08002808       0x48 ./Core/Src/FFT/fft.o
                0x08002808                FFT_init
 .text.main     0x08002850      0x11c ./Core/Src/main.o
                0x08002850                main
 .text.SystemClock_Config
                0x0800296c       0xd4 ./Core/Src/main.o
                0x0800296c                SystemClock_Config
 .text.MX_ETH_Init
                0x08002a40       0x9c ./Core/Src/main.o
 .text.MX_SPI1_Init
                0x08002adc       0x6c ./Core/Src/main.o
 .text.MX_USART3_UART_Init
                0x08002b48       0x54 ./Core/Src/main.o
 .text.MX_USB_OTG_FS_PCD_Init
                0x08002b9c       0x5c ./Core/Src/main.o
 .text.MX_GPIO_Init
                0x08002bf8      0x1f0 ./Core/Src/main.o
 .text.Error_Handler
                0x08002de8        0xc ./Core/Src/main.o
                0x08002de8                Error_Handler
 .text.HAL_MspInit
                0x08002df4       0x50 ./Core/Src/stm32f4xx_hal_msp.o
                0x08002df4                HAL_MspInit
 .text.HAL_ETH_MspInit
                0x08002e44      0x18c ./Core/Src/stm32f4xx_hal_msp.o
                0x08002e44                HAL_ETH_MspInit
 .text.HAL_SPI_MspInit
                0x08002fd0       0xd0 ./Core/Src/stm32f4xx_hal_msp.o
                0x08002fd0                HAL_SPI_MspInit
 .text.HAL_UART_MspInit
                0x080030a0       0x90 ./Core/Src/stm32f4xx_hal_msp.o
                0x080030a0                HAL_UART_MspInit
 .text.HAL_PCD_MspInit
                0x08003130       0xb4 ./Core/Src/stm32f4xx_hal_msp.o
                0x08003130                HAL_PCD_MspInit
 .text.NMI_Handler
                0x080031e4        0x8 ./Core/Src/stm32f4xx_it.o
                0x080031e4                NMI_Handler
 .text.HardFault_Handler
                0x080031ec        0x8 ./Core/Src/stm32f4xx_it.o
                0x080031ec                HardFault_Handler
 .text.MemManage_Handler
                0x080031f4        0x8 ./Core/Src/stm32f4xx_it.o
                0x080031f4                MemManage_Handler
 .text.BusFault_Handler
                0x080031fc        0x8 ./Core/Src/stm32f4xx_it.o
                0x080031fc                BusFault_Handler
 .text.UsageFault_Handler
                0x08003204        0x8 ./Core/Src/stm32f4xx_it.o
                0x08003204                UsageFault_Handler
 .text.SVC_Handler
                0x0800320c        0xe ./Core/Src/stm32f4xx_it.o
                0x0800320c                SVC_Handler
 .text.DebugMon_Handler
                0x0800321a        0xe ./Core/Src/stm32f4xx_it.o
                0x0800321a                DebugMon_Handler
 .text.PendSV_Handler
                0x08003228        0xe ./Core/Src/stm32f4xx_it.o
                0x08003228                PendSV_Handler
 .text.SysTick_Handler
                0x08003236        0xc ./Core/Src/stm32f4xx_it.o
                0x08003236                SysTick_Handler
 *fill*         0x08003242        0x2 
 .text.SystemInit
                0x08003244       0x24 ./Core/Src/system_stm32f4xx.o
                0x08003244                SystemInit
 .text.Reset_Handler
                0x08003268       0x50 ./Core/Startup/startup_stm32f429zitx.o
                0x08003268                Reset_Handler
 .text.Default_Handler
                0x080032b8        0x2 ./Core/Startup/startup_stm32f429zitx.o
                0x080032b8                RTC_Alarm_IRQHandler
                0x080032b8                HASH_RNG_IRQHandler
                0x080032b8                EXTI2_IRQHandler
                0x080032b8                TIM8_CC_IRQHandler
                0x080032b8                UART8_IRQHandler
                0x080032b8                SPI4_IRQHandler
                0x080032b8                TIM1_CC_IRQHandler
                0x080032b8                DMA2_Stream5_IRQHandler
                0x080032b8                DMA1_Stream5_IRQHandler
                0x080032b8                PVD_IRQHandler
                0x080032b8                SDIO_IRQHandler
                0x080032b8                TAMP_STAMP_IRQHandler
                0x080032b8                CAN2_RX1_IRQHandler
                0x080032b8                EXTI3_IRQHandler
                0x080032b8                TIM8_TRG_COM_TIM14_IRQHandler
                0x080032b8                TIM1_UP_TIM10_IRQHandler
                0x080032b8                TIM8_UP_TIM13_IRQHandler
                0x080032b8                I2C3_ER_IRQHandler
                0x080032b8                EXTI0_IRQHandler
                0x080032b8                I2C2_EV_IRQHandler
                0x080032b8                DMA1_Stream2_IRQHandler
                0x080032b8                CAN1_RX0_IRQHandler
                0x080032b8                FPU_IRQHandler
                0x080032b8                OTG_HS_WKUP_IRQHandler
                0x080032b8                LTDC_ER_IRQHandler
                0x080032b8                CAN2_SCE_IRQHandler
                0x080032b8                DMA2_Stream2_IRQHandler
                0x080032b8                SPI1_IRQHandler
                0x080032b8                TIM6_DAC_IRQHandler
                0x080032b8                TIM1_BRK_TIM9_IRQHandler
                0x080032b8                DCMI_IRQHandler
                0x080032b8                CAN2_RX0_IRQHandler
                0x080032b8                DMA2_Stream3_IRQHandler
                0x080032b8                USART6_IRQHandler
                0x080032b8                USART3_IRQHandler
                0x080032b8                CAN1_RX1_IRQHandler
                0x080032b8                UART5_IRQHandler
                0x080032b8                DMA2_Stream0_IRQHandler
                0x080032b8                TIM4_IRQHandler
                0x080032b8                I2C1_EV_IRQHandler
                0x080032b8                DMA1_Stream6_IRQHandler
                0x080032b8                DMA1_Stream1_IRQHandler
                0x080032b8                UART4_IRQHandler
                0x080032b8                TIM3_IRQHandler
                0x080032b8                RCC_IRQHandler
                0x080032b8                TIM8_BRK_TIM12_IRQHandler
                0x080032b8                Default_Handler
                0x080032b8                EXTI15_10_IRQHandler
                0x080032b8                ADC_IRQHandler
                0x080032b8                DMA1_Stream7_IRQHandler
                0x080032b8                SPI5_IRQHandler
                0x080032b8                TIM7_IRQHandler
                0x080032b8                CAN2_TX_IRQHandler
                0x080032b8                TIM5_IRQHandler
                0x080032b8                DMA2_Stream7_IRQHandler
                0x080032b8                I2C3_EV_IRQHandler
                0x080032b8                EXTI9_5_IRQHandler
                0x080032b8                RTC_WKUP_IRQHandler
                0x080032b8                LTDC_IRQHandler
                0x080032b8                ETH_WKUP_IRQHandler
                0x080032b8                SPI2_IRQHandler
                0x080032b8                OTG_HS_EP1_IN_IRQHandler
                0x080032b8                DMA1_Stream0_IRQHandler
                0x080032b8                CAN1_TX_IRQHandler
                0x080032b8                EXTI4_IRQHandler
                0x080032b8                ETH_IRQHandler
                0x080032b8                OTG_HS_EP1_OUT_IRQHandler
                0x080032b8                WWDG_IRQHandler
                0x080032b8                SPI6_IRQHandler
                0x080032b8                TIM2_IRQHandler
                0x080032b8                OTG_FS_WKUP_IRQHandler
                0x080032b8                TIM1_TRG_COM_TIM11_IRQHandler
                0x080032b8                OTG_HS_IRQHandler
                0x080032b8                DMA2D_IRQHandler
                0x080032b8                EXTI1_IRQHandler
                0x080032b8                UART7_IRQHandler
                0x080032b8                USART2_IRQHandler
                0x080032b8                I2C2_ER_IRQHandler
                0x080032b8                DMA2_Stream1_IRQHandler
                0x080032b8                CAN1_SCE_IRQHandler
                0x080032b8                FLASH_IRQHandler
                0x080032b8                DMA2_Stream4_IRQHandler
                0x080032b8                USART1_IRQHandler
                0x080032b8                OTG_FS_IRQHandler
                0x080032b8                SPI3_IRQHandler
                0x080032b8                DMA1_Stream4_IRQHandler
                0x080032b8                I2C1_ER_IRQHandler
                0x080032b8                FMC_IRQHandler
                0x080032b8                DMA2_Stream6_IRQHandler
                0x080032b8                SAI1_IRQHandler
                0x080032b8                DMA1_Stream3_IRQHandler
 *fill*         0x080032ba        0x2 
 .text.HAL_Init
                0x080032bc       0x44 ./Drivers/STM32F4xx_HAL_Driver/Src/stm32f4xx_hal.o
                0x080032bc                HAL_Init
 .text.HAL_InitTick
                0x08003300       0x60 ./Drivers/STM32F4xx_HAL_Driver/Src/stm32f4xx_hal.o
                0x08003300                HAL_InitTick
 .text.HAL_IncTick
                0x08003360       0x28 ./Drivers/STM32F4xx_HAL_Driver/Src/stm32f4xx_hal.o
                0x08003360                HAL_IncTick
 .text.HAL_GetTick
                0x08003388       0x18 ./Drivers/STM32F4xx_HAL_Driver/Src/stm32f4xx_hal.o
                0x08003388                HAL_GetTick
 .text.HAL_Delay
                0x080033a0       0x48 ./Drivers/STM32F4xx_HAL_Driver/Src/stm32f4xx_hal.o
                0x080033a0                HAL_Delay
 .text.__NVIC_SetPriorityGrouping
                0x080033e8       0x48 ./Drivers/STM32F4xx_HAL_Driver/Src/stm32f4xx_hal_cortex.o
 .text.__NVIC_GetPriorityGrouping
                0x08003430       0x1c ./Drivers/STM32F4xx_HAL_Driver/Src/stm32f4xx_hal_cortex.o
 .text.__NVIC_SetPriority
                0x0800344c       0x54 ./Drivers/STM32F4xx_HAL_Driver/Src/stm32f4xx_hal_cortex.o
 .text.NVIC_EncodePriority
                0x080034a0       0x66 ./Drivers/STM32F4xx_HAL_Driver/Src/stm32f4xx_hal_cortex.o
 *fill*         0x08003506        0x2 
 .text.SysTick_Config
                0x08003508       0x44 ./Drivers/STM32F4xx_HAL_Driver/Src/stm32f4xx_hal_cortex.o
 .text.HAL_NVIC_SetPriorityGrouping
                0x0800354c       0x16 ./Drivers/STM32F4xx_HAL_Driver/Src/stm32f4xx_hal_cortex.o
                0x0800354c                HAL_NVIC_SetPriorityGrouping
 .text.HAL_NVIC_SetPriority
                0x08003562       0x38 ./Drivers/STM32F4xx_HAL_Driver/Src/stm32f4xx_hal_cortex.o
                0x08003562                HAL_NVIC_SetPriority
 .text.HAL_SYSTICK_Config
                0x0800359a       0x18 ./Drivers/STM32F4xx_HAL_Driver/Src/stm32f4xx_hal_cortex.o
                0x0800359a                HAL_SYSTICK_Config
 *fill*         0x080035b2        0x2 
 .text.HAL_ETH_Init
                0x080035b4      0x138 ./Drivers/STM32F4xx_HAL_Driver/Src/stm32f4xx_hal_eth.o
                0x080035b4                HAL_ETH_Init
 .text.ETH_SetMACConfig
                0x080036ec      0x168 ./Drivers/STM32F4xx_HAL_Driver/Src/stm32f4xx_hal_eth.o
 .text.ETH_SetDMAConfig
                0x08003854      0x114 ./Drivers/STM32F4xx_HAL_Driver/Src/stm32f4xx_hal_eth.o
 .text.ETH_MACDMAConfig
                0x08003968       0xea ./Drivers/STM32F4xx_HAL_Driver/Src/stm32f4xx_hal_eth.o
 *fill*         0x08003a52        0x2 
 .text.ETH_MACAddressConfig
                0x08003a54       0x70 ./Drivers/STM32F4xx_HAL_Driver/Src/stm32f4xx_hal_eth.o
 .text.ETH_DMATxDescListInit
                0x08003ac4       0xb2 ./Drivers/STM32F4xx_HAL_Driver/Src/stm32f4xx_hal_eth.o
 .text.ETH_DMARxDescListInit
                0x08003b76       0xde ./Drivers/STM32F4xx_HAL_Driver/Src/stm32f4xx_hal_eth.o
 .text.HAL_GPIO_Init
                0x08003c54      0x358 ./Drivers/STM32F4xx_HAL_Driver/Src/stm32f4xx_hal_gpio.o
                0x08003c54                HAL_GPIO_Init
 .text.HAL_GPIO_WritePin
                0x08003fac       0x32 ./Drivers/STM32F4xx_HAL_Driver/Src/stm32f4xx_hal_gpio.o
                0x08003fac                HAL_GPIO_WritePin
 .text.HAL_PCD_Init
                0x08003fde      0x21e ./Drivers/STM32F4xx_HAL_Driver/Src/stm32f4xx_hal_pcd.o
                0x08003fde                HAL_PCD_Init
 .text.HAL_RCC_OscConfig
                0x080041fc      0x4f0 ./Drivers/STM32F4xx_HAL_Driver/Src/stm32f4xx_hal_rcc.o
                0x080041fc                HAL_RCC_OscConfig
 .text.HAL_RCC_ClockConfig
                0x080046ec      0x1cc ./Drivers/STM32F4xx_HAL_Driver/Src/stm32f4xx_hal_rcc.o
                0x080046ec                HAL_RCC_ClockConfig
 .text.HAL_RCC_GetSysClockFreq
                0x080048b8      0x20c ./Drivers/STM32F4xx_HAL_Driver/Src/stm32f4xx_hal_rcc.o
                0x080048b8                HAL_RCC_GetSysClockFreq
 .text.HAL_RCC_GetHCLKFreq
                0x08004ac4       0x18 ./Drivers/STM32F4xx_HAL_Driver/Src/stm32f4xx_hal_rcc.o
                0x08004ac4                HAL_RCC_GetHCLKFreq
 .text.HAL_RCC_GetPCLK1Freq
                0x08004adc       0x28 ./Drivers/STM32F4xx_HAL_Driver/Src/stm32f4xx_hal_rcc.o
                0x08004adc                HAL_RCC_GetPCLK1Freq
 .text.HAL_RCC_GetPCLK2Freq
                0x08004b04       0x28 ./Drivers/STM32F4xx_HAL_Driver/Src/stm32f4xx_hal_rcc.o
                0x08004b04                HAL_RCC_GetPCLK2Freq
 .text.HAL_SPI_Init
                0x08004b2c      0x112 ./Drivers/STM32F4xx_HAL_Driver/Src/stm32f4xx_hal_spi.o
                0x08004b2c                HAL_SPI_Init
 .text.HAL_SPI_Transmit
                0x08004c3e      0x288 ./Drivers/STM32F4xx_HAL_Driver/Src/stm32f4xx_hal_spi.o
                0x08004c3e                HAL_SPI_Transmit
 *fill*         0x08004ec6        0x2 
 .text.SPI_WaitFlagStateUntilTimeout
                0x08004ec8      0x110 ./Drivers/STM32F4xx_HAL_Driver/Src/stm32f4xx_hal_spi.o
 .text.SPI_EndRxTxTransaction
                0x08004fd8       0xa8 ./Drivers/STM32F4xx_HAL_Driver/Src/stm32f4xx_hal_spi.o
 .text.HAL_UART_Init
                0x08005080       0xa0 ./Drivers/STM32F4xx_HAL_Driver/Src/stm32f4xx_hal_uart.o
                0x08005080                HAL_UART_Init
 .text.UART_SetConfig
                0x08005120      0x4e8 ./Drivers/STM32F4xx_HAL_Driver/Src/stm32f4xx_hal_uart.o
 .text.USB_CoreInit
                0x08005608       0xc8 ./Drivers/STM32F4xx_HAL_Driver/Src/stm32f4xx_ll_usb.o
                0x08005608                USB_CoreInit
 .text.USB_DisableGlobalInt
                0x080056d0       0x22 ./Drivers/STM32F4xx_HAL_Driver/Src/stm32f4xx_ll_usb.o
                0x080056d0                USB_DisableGlobalInt
 .text.USB_SetCurrentMode
                0x080056f2       0x98 ./Drivers/STM32F4xx_HAL_Driver/Src/stm32f4xx_ll_usb.o
                0x080056f2                USB_SetCurrentMode
 *fill*         0x0800578a        0x2 
 .text.USB_DevInit
                0x0800578c      0x2c8 ./Drivers/STM32F4xx_HAL_Driver/Src/stm32f4xx_ll_usb.o
                0x0800578c                USB_DevInit
 .text.USB_FlushTxFifo
                0x08005a54       0x64 ./Drivers/STM32F4xx_HAL_Driver/Src/stm32f4xx_ll_usb.o
                0x08005a54                USB_FlushTxFifo
 .text.USB_FlushRxFifo
                0x08005ab8       0x5c ./Drivers/STM32F4xx_HAL_Driver/Src/stm32f4xx_ll_usb.o
                0x08005ab8                USB_FlushRxFifo
 .text.USB_SetDevSpeed
                0x08005b14       0x32 ./Drivers/STM32F4xx_HAL_Driver/Src/stm32f4xx_ll_usb.o
                0x08005b14                USB_SetDevSpeed
 .text.USB_DevDisconnect
                0x08005b46       0x42 ./Drivers/STM32F4xx_HAL_Driver/Src/stm32f4xx_ll_usb.o
                0x08005b46                USB_DevDisconnect
 .text.USB_GetMode
                0x08005b88       0x1c ./Drivers/STM32F4xx_HAL_Driver/Src/stm32f4xx_ll_usb.o
                0x08005b88                USB_GetMode
 .text.USB_CoreReset
                0x08005ba4       0x62 ./Drivers/STM32F4xx_HAL_Driver/Src/stm32f4xx_ll_usb.o
 .text.memset   0x08005c06       0x10 C:/ST/STM32CubeIDE_1.16.1/STM32CubeIDE/plugins/com.st.stm32cube.ide.mcu.externaltools.gnu-tools-for-stm32.12.3.rel1.win32_1.0.200.202406191623/tools/bin/../lib/gcc/arm-none-eabi/12.3.1/../../../../arm-none-eabi/lib/thumb/v7e-m+fp/hard\libc_nano.a(libc_a-memset.o)
                0x08005c06                memset
 *fill*         0x08005c16        0x2 
 .text.__libc_init_array
                0x08005c18       0x48 C:/ST/STM32CubeIDE_1.16.1/STM32CubeIDE/plugins/com.st.stm32cube.ide.mcu.externaltools.gnu-tools-for-stm32.12.3.rel1.win32_1.0.200.202406191623/tools/bin/../lib/gcc/arm-none-eabi/12.3.1/../../../../arm-none-eabi/lib/thumb/v7e-m+fp/hard\libc_nano.a(libc_a-init.o)
                0x08005c18                __libc_init_array
 *(.glue_7)
 .glue_7        0x08005c60        0x0 linker stubs
 *(.glue_7t)
 .glue_7t       0x08005c60        0x0 linker stubs
 *(.eh_frame)
 .eh_frame      0x08005c60        0x0 C:/ST/STM32CubeIDE_1.16.1/STM32CubeIDE/plugins/com.st.stm32cube.ide.mcu.externaltools.gnu-tools-for-stm32.12.3.rel1.win32_1.0.200.202406191623/tools/bin/../lib/gcc/arm-none-eabi/12.3.1/thumb/v7e-m+fp/hard/crtbegin.o
 *(.init)
 .init          0x08005c60        0x4 C:/ST/STM32CubeIDE_1.16.1/STM32CubeIDE/plugins/com.st.stm32cube.ide.mcu.externaltools.gnu-tools-for-stm32.12.3.rel1.win32_1.0.200.202406191623/tools/bin/../lib/gcc/arm-none-eabi/12.3.1/thumb/v7e-m+fp/hard/crti.o
                0x08005c60                _init
 .init          0x08005c64        0x8 C:/ST/STM32CubeIDE_1.16.1/STM32CubeIDE/plugins/com.st.stm32cube.ide.mcu.externaltools.gnu-tools-for-stm32.12.3.rel1.win32_1.0.200.202406191623/tools/bin/../lib/gcc/arm-none-eabi/12.3.1/thumb/v7e-m+fp/hard/crtn.o
 *(.fini)
 .fini          0x08005c6c        0x4 C:/ST/STM32CubeIDE_1.16.1/STM32CubeIDE/plugins/com.st.stm32cube.ide.mcu.externaltools.gnu-tools-for-stm32.12.3.rel1.win32_1.0.200.202406191623/tools/bin/../lib/gcc/arm-none-eabi/12.3.1/thumb/v7e-m+fp/hard/crti.o
                0x08005c6c                _fini
 .fini          0x08005c70        0x8 C:/ST/STM32CubeIDE_1.16.1/STM32CubeIDE/plugins/com.st.stm32cube.ide.mcu.externaltools.gnu-tools-for-stm32.12.3.rel1.win32_1.0.200.202406191623/tools/bin/../lib/gcc/arm-none-eabi/12.3.1/thumb/v7e-m+fp/hard/crtn.o
                0x08005c78                        . = ALIGN (0x4)
                0x08005c78                        _etext = .

.vfp11_veneer   0x08005c78        0x0
 .vfp11_veneer  0x08005c78        0x0 linker stubs

.v4_bx          0x08005c78        0x0
 .v4_bx         0x08005c78        0x0 linker stubs

.iplt           0x08005c78        0x0
 .iplt          0x08005c78        0x0 C:/ST/STM32CubeIDE_1.16.1/STM32CubeIDE/plugins/com.st.stm32cube.ide.mcu.externaltools.gnu-tools-for-stm32.12.3.rel1.win32_1.0.200.202406191623/tools/bin/../lib/gcc/arm-none-eabi/12.3.1/thumb/v7e-m+fp/hard/crtbegin.o

.rodata         0x08005c78    0x13fb4
                0x08005c78                        . = ALIGN (0x4)
 *(.rodata)
 .rodata        0x08005c78       0x28 ./Core/Src/main.o
 *(.rodata*)
 .rodata.twiddleCoef_16_q15
                0x08005ca0       0x30 ./Core/Src/DSP/arm_common_tables.o
                0x08005ca0                twiddleCoef_16_q15
 .rodata.twiddleCoef_32_q15
                0x08005cd0       0x60 ./Core/Src/DSP/arm_common_tables.o
                0x08005cd0                twiddleCoef_32_q15
 .rodata.twiddleCoef_64_q15
                0x08005d30       0xc0 ./Core/Src/DSP/arm_common_tables.o
                0x08005d30                twiddleCoef_64_q15
 .rodata.twiddleCoef_128_q15
                0x08005df0      0x180 ./Core/Src/DSP/arm_common_tables.o
                0x08005df0                twiddleCoef_128_q15
 .rodata.twiddleCoef_256_q15
                0x08005f70      0x300 ./Core/Src/DSP/arm_common_tables.o
                0x08005f70                twiddleCoef_256_q15
 .rodata.twiddleCoef_512_q15
                0x08006270      0x600 ./Core/Src/DSP/arm_common_tables.o
                0x08006270                twiddleCoef_512_q15
 .rodata.twiddleCoef_1024_q15
                0x08006870      0xc00 ./Core/Src/DSP/arm_common_tables.o
                0x08006870                twiddleCoef_1024_q15
 .rodata.twiddleCoef_2048_q15
                0x08007470     0x1800 ./Core/Src/DSP/arm_common_tables.o
                0x08007470                twiddleCoef_2048_q15
 .rodata.twiddleCoef_4096_q15
                0x08008c70     0x3000 ./Core/Src/DSP/arm_common_tables.o
                0x08008c70                twiddleCoef_4096_q15
 .rodata.armBitRevIndexTable_fixed_16
                0x0800bc70       0x18 ./Core/Src/DSP/arm_common_tables.o
                0x0800bc70                armBitRevIndexTable_fixed_16
 .rodata.armBitRevIndexTable_fixed_32
                0x0800bc88       0x30 ./Core/Src/DSP/arm_common_tables.o
                0x0800bc88                armBitRevIndexTable_fixed_32
 .rodata.armBitRevIndexTable_fixed_64
                0x0800bcb8       0x70 ./Core/Src/DSP/arm_common_tables.o
                0x0800bcb8                armBitRevIndexTable_fixed_64
 .rodata.armBitRevIndexTable_fixed_128
                0x0800bd28       0xe0 ./Core/Src/DSP/arm_common_tables.o
                0x0800bd28                armBitRevIndexTable_fixed_128
 .rodata.armBitRevIndexTable_fixed_256
                0x0800be08      0x1e0 ./Core/Src/DSP/arm_common_tables.o
                0x0800be08                armBitRevIndexTable_fixed_256
 .rodata.armBitRevIndexTable_fixed_512
                0x0800bfe8      0x3c0 ./Core/Src/DSP/arm_common_tables.o
                0x0800bfe8                armBitRevIndexTable_fixed_512
 .rodata.armBitRevIndexTable_fixed_1024
                0x0800c3a8      0x7c0 ./Core/Src/DSP/arm_common_tables.o
                0x0800c3a8                armBitRevIndexTable_fixed_1024
 .rodata.armBitRevIndexTable_fixed_2048
                0x0800cb68      0xf80 ./Core/Src/DSP/arm_common_tables.o
                0x0800cb68                armBitRevIndexTable_fixed_2048
 .rodata.armBitRevIndexTable_fixed_4096
                0x0800dae8     0x1f80 ./Core/Src/DSP/arm_common_tables.o
                0x0800dae8                armBitRevIndexTable_fixed_4096
 .rodata.realCoefAQ15
                0x0800fa68     0x4000 ./Core/Src/DSP/arm_common_tables.o
                0x0800fa68                realCoefAQ15
 .rodata.realCoefBQ15
                0x08013a68     0x4000 ./Core/Src/DSP/arm_common_tables.o
                0x08013a68                realCoefBQ15
 .rodata.arm_cfft_sR_q15_len16
                0x08017a68       0x10 ./Core/Src/DSP/arm_const_structs.o
                0x08017a68                arm_cfft_sR_q15_len16
 .rodata.arm_cfft_sR_q15_len32
                0x08017a78       0x10 ./Core/Src/DSP/arm_const_structs.o
                0x08017a78                arm_cfft_sR_q15_len32
 .rodata.arm_cfft_sR_q15_len64
                0x08017a88       0x10 ./Core/Src/DSP/arm_const_structs.o
                0x08017a88                arm_cfft_sR_q15_len64
 .rodata.arm_cfft_sR_q15_len128
                0x08017a98       0x10 ./Core/Src/DSP/arm_const_structs.o
                0x08017a98                arm_cfft_sR_q15_len128
 .rodata.arm_cfft_sR_q15_len256
                0x08017aa8       0x10 ./Core/Src/DSP/arm_const_structs.o
                0x08017aa8                arm_cfft_sR_q15_len256
 .rodata.arm_cfft_sR_q15_len512
                0x08017ab8       0x10 ./Core/Src/DSP/arm_const_structs.o
                0x08017ab8                arm_cfft_sR_q15_len512
 .rodata.arm_cfft_sR_q15_len1024
                0x08017ac8       0x10 ./Core/Src/DSP/arm_const_structs.o
                0x08017ac8                arm_cfft_sR_q15_len1024
 .rodata.arm_cfft_sR_q15_len2048
                0x08017ad8       0x10 ./Core/Src/DSP/arm_const_structs.o
                0x08017ad8                arm_cfft_sR_q15_len2048
 .rodata.arm_cfft_sR_q15_len4096
                0x08017ae8       0x10 ./Core/Src/DSP/arm_const_structs.o
                0x08017ae8                arm_cfft_sR_q15_len4096
 .rodata.init_cmds1
                0x08017af8       0x38 ./Core/Src/Display/ST7735.o
                0x08017af8                init_cmds1
 .rodata.init_cmds2
                0x08017b30        0xd ./Core/Src/Display/ST7735.o
                0x08017b30                init_cmds2
 *fill*         0x08017b3d        0x3 
 .rodata.init_cmds3
                0x08017b40       0x2b ./Core/Src/Display/ST7735.o
                0x08017b40                init_cmds3
 *fill*         0x08017b6b        0x1 
 .rodata.Font11x18
                0x08017b6c      0xd5c ./Core/Src/Display/fonts.o
 .rodata.Font16x26
                0x080188c8     0x134c ./Core/Src/Display/fonts.o
 .rodata.AHBPrescTable
                0x08019c14       0x10 ./Core/Src/system_stm32f4xx.o
                0x08019c14                AHBPrescTable
 .rodata.APBPrescTable
                0x08019c24        0x8 ./Core/Src/system_stm32f4xx.o
                0x08019c24                APBPrescTable
                0x08019c2c                        . = ALIGN (0x4)

.ARM.extab      0x08019c2c        0x0
                0x08019c2c                        . = ALIGN (0x4)
 *(.ARM.extab* .gnu.linkonce.armextab.*)
                0x08019c2c                        . = ALIGN (0x4)

.ARM            0x08019c2c        0x8
                0x08019c2c                        . = ALIGN (0x4)
                0x08019c2c                        __exidx_start = .
 *(.ARM.exidx*)
 .ARM.exidx     0x08019c2c        0x8 C:/ST/STM32CubeIDE_1.16.1/STM32CubeIDE/plugins/com.st.stm32cube.ide.mcu.externaltools.gnu-tools-for-stm32.12.3.rel1.win32_1.0.200.202406191623/tools/bin/../lib/gcc/arm-none-eabi/12.3.1/thumb/v7e-m+fp/hard\libgcc.a(_udivmoddi4.o)
                0x08019c34                        __exidx_end = .
                0x08019c34                        . = ALIGN (0x4)

.preinit_array  0x08019c34        0x0
                0x08019c34                        . = ALIGN (0x4)
                0x08019c34                        PROVIDE (__preinit_array_start = .)
 *(.preinit_array*)
                0x08019c34                        PROVIDE (__preinit_array_end = .)
                0x08019c34                        . = ALIGN (0x4)

.init_array     0x08019c34        0x4
                0x08019c34                        . = ALIGN (0x4)
                0x08019c34                        PROVIDE (__init_array_start = .)
 *(SORT_BY_NAME(.init_array.*))
 *(.init_array*)
 .init_array    0x08019c34        0x4 C:/ST/STM32CubeIDE_1.16.1/STM32CubeIDE/plugins/com.st.stm32cube.ide.mcu.externaltools.gnu-tools-for-stm32.12.3.rel1.win32_1.0.200.202406191623/tools/bin/../lib/gcc/arm-none-eabi/12.3.1/thumb/v7e-m+fp/hard/crtbegin.o
                0x08019c38                        PROVIDE (__init_array_end = .)
                0x08019c38                        . = ALIGN (0x4)

.fini_array     0x08019c38        0x4
                0x08019c38                        . = ALIGN (0x4)
                [!provide]                        PROVIDE (__fini_array_start = .)
 *(SORT_BY_NAME(.fini_array.*))
 *(.fini_array*)
 .fini_array    0x08019c38        0x4 C:/ST/STM32CubeIDE_1.16.1/STM32CubeIDE/plugins/com.st.stm32cube.ide.mcu.externaltools.gnu-tools-for-stm32.12.3.rel1.win32_1.0.200.202406191623/tools/bin/../lib/gcc/arm-none-eabi/12.3.1/thumb/v7e-m+fp/hard/crtbegin.o
                [!provide]                        PROVIDE (__fini_array_end = .)
                0x08019c3c                        . = ALIGN (0x4)
                0x08019c3c                        _sidata = LOADADDR (.data)

.rel.dyn        0x08019c3c        0x0
 .rel.iplt      0x08019c3c        0x0 C:/ST/STM32CubeIDE_1.16.1/STM32CubeIDE/plugins/com.st.stm32cube.ide.mcu.externaltools.gnu-tools-for-stm32.12.3.rel1.win32_1.0.200.202406191623/tools/bin/../lib/gcc/arm-none-eabi/12.3.1/thumb/v7e-m+fp/hard/crtbegin.o

.data           0x20000000       0x1c load address 0x08019c3c
                0x20000000                        . = ALIGN (0x4)
                0x20000000                        _sdata = .
 *(.data)
 *(.data*)
 .data.Font_11x18
                0x20000000        0x8 ./Core/Src/Display/fonts.o
                0x20000000                Font_11x18
 .data.Font_16x26
                0x20000008        0x8 ./Core/Src/Display/fonts.o
                0x20000008                Font_16x26
 .data.SystemCoreClock
                0x20000010        0x4 ./Core/Src/system_stm32f4xx.o
                0x20000010                SystemCoreClock
 .data.uwTickPrio
                0x20000014        0x4 ./Drivers/STM32F4xx_HAL_Driver/Src/stm32f4xx_hal.o
                0x20000014                uwTickPrio
 .data.uwTickFreq
                0x20000018        0x1 ./Drivers/STM32F4xx_HAL_Driver/Src/stm32f4xx_hal.o
                0x20000018                uwTickFreq
 *(.RamFunc)
 *(.RamFunc*)
                0x2000001c                        . = ALIGN (0x4)
 *fill*         0x20000019        0x3 
                0x2000001c                        _edata = .
                0x08019c58                        _siccmram = LOADADDR (.ccmram)

.igot.plt       0x2000001c        0x0 load address 0x08019c58
 .igot.plt      0x2000001c        0x0 C:/ST/STM32CubeIDE_1.16.1/STM32CubeIDE/plugins/com.st.stm32cube.ide.mcu.externaltools.gnu-tools-for-stm32.12.3.rel1.win32_1.0.200.202406191623/tools/bin/../lib/gcc/arm-none-eabi/12.3.1/thumb/v7e-m+fp/hard/crtbegin.o

.ccmram         0x10000000        0x0 load address 0x08019c58
                0x10000000                        . = ALIGN (0x4)
                0x10000000                        _sccmram = .
 *(.ccmram)
 *(.ccmram*)
                0x10000000                        . = ALIGN (0x4)
                0x10000000                        _eccmram = .
                0x10000000                        . = ALIGN (0x4)

.bss            0x2000001c      0x800
                0x2000001c                        _sbss = .
                0x2000001c                        __bss_start__ = _sbss
 *(.bss)
 .bss           0x2000001c       0x1c C:/ST/STM32CubeIDE_1.16.1/STM32CubeIDE/plugins/com.st.stm32cube.ide.mcu.externaltools.gnu-tools-for-stm32.12.3.rel1.win32_1.0.200.202406191623/tools/bin/../lib/gcc/arm-none-eabi/12.3.1/thumb/v7e-m+fp/hard/crtbegin.o
 *(.bss*)
 .bss._width    0x20000038        0x2 ./Core/Src/Display/ST7735.o
                0x20000038                _width
 .bss._height   0x2000003a        0x2 ./Core/Src/Display/ST7735.o
                0x2000003a                _height
 .bss.rotation  0x2000003c        0x1 ./Core/Src/Display/ST7735.o
                0x2000003c                rotation
 .bss._colstart
                0x2000003d        0x1 ./Core/Src/Display/ST7735.o
                0x2000003d                _colstart
 .bss._rowstart
                0x2000003e        0x1 ./Core/Src/Display/ST7735.o
                0x2000003e                _rowstart
 .bss._xstart   0x2000003f        0x1 ./Core/Src/Display/ST7735.o
                0x2000003f                _xstart
 .bss._ystart   0x20000040        0x1 ./Core/Src/Display/ST7735.o
                0x20000040                _ystart
 *fill*         0x20000041        0x3 
 .bss.pRFFTInstance
                0x20000044       0x18 ./Core/Src/FFT/fft.o
                0x20000044                pRFFTInstance
 .bss.bInitialized
                0x2000005c        0x1 ./Core/Src/FFT/fft.o
                0x2000005c                bInitialized
 *fill*         0x2000005d        0x3 
 .bss.uGlobalFFTSize
                0x20000060        0x4 ./Core/Src/FFT/fft.o
                0x20000060                uGlobalFFTSize
 .bss.TxConfig  0x20000064       0x38 ./Core/Src/main.o
                0x20000064                TxConfig
 .bss.DMARxDscrTab
                0x2000009c       0xa0 ./Core/Src/main.o
                0x2000009c                DMARxDscrTab
 .bss.DMATxDscrTab
                0x2000013c       0xa0 ./Core/Src/main.o
                0x2000013c                DMATxDscrTab
 .bss.heth      0x200001dc       0xb0 ./Core/Src/main.o
                0x200001dc                heth
 .bss.hspi1     0x2000028c       0x58 ./Core/Src/main.o
                0x2000028c                hspi1
 .bss.huart3    0x200002e4       0x48 ./Core/Src/main.o
                0x200002e4                huart3
 .bss.hpcd_USB_OTG_FS
                0x2000032c      0x4e4 ./Core/Src/main.o
                0x2000032c                hpcd_USB_OTG_FS
 .bss.MACAddr.0
                0x20000810        0x6 ./Core/Src/main.o
 *fill*         0x20000816        0x2 
 .bss.uwTick    0x20000818        0x4 ./Drivers/STM32F4xx_HAL_Driver/Src/stm32f4xx_hal.o
                0x20000818                uwTick
 *(COMMON)
                0x2000081c                        . = ALIGN (0x4)
                0x2000081c                        _ebss = .
                0x2000081c                        __bss_end__ = _ebss

._user_heap_stack
                0x2000081c      0x604
                0x20000820                        . = ALIGN (0x8)
 *fill*         0x2000081c        0x4 
                [!provide]                        PROVIDE (end = .)
                0x20000820                        PROVIDE (_end = .)
                0x20000a20                        . = (. + _Min_Heap_Size)
 *fill*         0x20000820      0x200 
                0x20000e20                        . = (. + _Min_Stack_Size)
 *fill*         0x20000a20      0x400 
                0x20000e20                        . = ALIGN (0x8)

/DISCARD/
 libc.a(*)
 libm.a(*)
 libgcc.a(*)

.ARM.attributes
                0x00000000       0x30
 *(.ARM.attributes)
 .ARM.attributes
                0x00000000       0x22 C:/ST/STM32CubeIDE_1.16.1/STM32CubeIDE/plugins/com.st.stm32cube.ide.mcu.externaltools.gnu-tools-for-stm32.12.3.rel1.win32_1.0.200.202406191623/tools/bin/../lib/gcc/arm-none-eabi/12.3.1/thumb/v7e-m+fp/hard/crti.o
 .ARM.attributes
                0x00000022       0x34 C:/ST/STM32CubeIDE_1.16.1/STM32CubeIDE/plugins/com.st.stm32cube.ide.mcu.externaltools.gnu-tools-for-stm32.12.3.rel1.win32_1.0.200.202406191623/tools/bin/../lib/gcc/arm-none-eabi/12.3.1/thumb/v7e-m+fp/hard/crtbegin.o
 .ARM.attributes
                0x00000056       0x34 ./Core/Src/DSP/arm_common_tables.o
 .ARM.attributes
                0x0000008a       0x34 ./Core/Src/DSP/arm_const_structs.o
 .ARM.attributes
                0x000000be       0x34 ./Core/Src/DSP/arm_rfft_init_q15.o
 .ARM.attributes
                0x000000f2       0x34 ./Core/Src/Display/GFX_FUNCTIONS.o
 .ARM.attributes
                0x00000126       0x34 ./Core/Src/Display/ST7735.o
 .ARM.attributes
                0x0000015a       0x34 ./Core/Src/Display/fonts.o
 .ARM.attributes
                0x0000018e       0x34 ./Core/Src/FFT/fft.o
 .ARM.attributes
                0x000001c2       0x34 ./Core/Src/main.o
 .ARM.attributes
                0x000001f6       0x34 ./Core/Src/stm32f4xx_hal_msp.o
 .ARM.attributes
                0x0000022a       0x34 ./Core/Src/stm32f4xx_it.o
 .ARM.attributes
                0x0000025e       0x34 ./Core/Src/system_stm32f4xx.o
 .ARM.attributes
                0x00000292       0x21 ./Core/Startup/startup_stm32f429zitx.o
 .ARM.attributes
                0x000002b3       0x34 ./Drivers/STM32F4xx_HAL_Driver/Src/stm32f4xx_hal.o
 .ARM.attributes
                0x000002e7       0x34 ./Drivers/STM32F4xx_HAL_Driver/Src/stm32f4xx_hal_cortex.o
 .ARM.attributes
                0x0000031b       0x34 ./Drivers/STM32F4xx_HAL_Driver/Src/stm32f4xx_hal_eth.o
 .ARM.attributes
                0x0000034f       0x34 ./Drivers/STM32F4xx_HAL_Driver/Src/stm32f4xx_hal_gpio.o
 .ARM.attributes
                0x00000383       0x34 ./Drivers/STM32F4xx_HAL_Driver/Src/stm32f4xx_hal_pcd.o
 .ARM.attributes
                0x000003b7       0x34 ./Drivers/STM32F4xx_HAL_Driver/Src/stm32f4xx_hal_rcc.o
 .ARM.attributes
                0x000003eb       0x34 ./Drivers/STM32F4xx_HAL_Driver/Src/stm32f4xx_hal_spi.o
 .ARM.attributes
                0x0000041f       0x34 ./Drivers/STM32F4xx_HAL_Driver/Src/stm32f4xx_hal_uart.o
 .ARM.attributes
                0x00000453       0x34 ./Drivers/STM32F4xx_HAL_Driver/Src/stm32f4xx_ll_usb.o
 .ARM.attributes
                0x00000487       0x34 C:/ST/STM32CubeIDE_1.16.1/STM32CubeIDE/plugins/com.st.stm32cube.ide.mcu.externaltools.gnu-tools-for-stm32.12.3.rel1.win32_1.0.200.202406191623/tools/bin/../lib/gcc/arm-none-eabi/12.3.1/../../../../arm-none-eabi/lib/thumb/v7e-m+fp/hard\libc_nano.a(libc_a-memset.o)
 .ARM.attributes
                0x000004bb       0x34 C:/ST/STM32CubeIDE_1.16.1/STM32CubeIDE/plugins/com.st.stm32cube.ide.mcu.externaltools.gnu-tools-for-stm32.12.3.rel1.win32_1.0.200.202406191623/tools/bin/../lib/gcc/arm-none-eabi/12.3.1/../../../../arm-none-eabi/lib/thumb/v7e-m+fp/hard\libc_nano.a(libc_a-init.o)
 .ARM.attributes
                0x000004ef       0x22 C:/ST/STM32CubeIDE_1.16.1/STM32CubeIDE/plugins/com.st.stm32cube.ide.mcu.externaltools.gnu-tools-for-stm32.12.3.rel1.win32_1.0.200.202406191623/tools/bin/../lib/gcc/arm-none-eabi/12.3.1/thumb/v7e-m+fp/hard\libgcc.a(_aeabi_uldivmod.o)
 .ARM.attributes
                0x00000511       0x34 C:/ST/STM32CubeIDE_1.16.1/STM32CubeIDE/plugins/com.st.stm32cube.ide.mcu.externaltools.gnu-tools-for-stm32.12.3.rel1.win32_1.0.200.202406191623/tools/bin/../lib/gcc/arm-none-eabi/12.3.1/thumb/v7e-m+fp/hard\libgcc.a(_udivmoddi4.o)
 .ARM.attributes
                0x00000545       0x22 C:/ST/STM32CubeIDE_1.16.1/STM32CubeIDE/plugins/com.st.stm32cube.ide.mcu.externaltools.gnu-tools-for-stm32.12.3.rel1.win32_1.0.200.202406191623/tools/bin/../lib/gcc/arm-none-eabi/12.3.1/thumb/v7e-m+fp/hard\libgcc.a(_dvmd_tls.o)
 .ARM.attributes
                0x00000567       0x22 C:/ST/STM32CubeIDE_1.16.1/STM32CubeIDE/plugins/com.st.stm32cube.ide.mcu.externaltools.gnu-tools-for-stm32.12.3.rel1.win32_1.0.200.202406191623/tools/bin/../lib/gcc/arm-none-eabi/12.3.1/thumb/v7e-m+fp/hard/crtn.o
OUTPUT(Audio Analyser.elf elf32-littlearm)
LOAD linker stubs
LOAD C:/ST/STM32CubeIDE_1.16.1/STM32CubeIDE/plugins/com.st.stm32cube.ide.mcu.externaltools.gnu-tools-for-stm32.12.3.rel1.win32_1.0.200.202406191623/tools/bin/../lib/gcc/arm-none-eabi/12.3.1/../../../../arm-none-eabi/lib/thumb/v7e-m+fp/hard\libc.a
LOAD C:/ST/STM32CubeIDE_1.16.1/STM32CubeIDE/plugins/com.st.stm32cube.ide.mcu.externaltools.gnu-tools-for-stm32.12.3.rel1.win32_1.0.200.202406191623/tools/bin/../lib/gcc/arm-none-eabi/12.3.1/../../../../arm-none-eabi/lib/thumb/v7e-m+fp/hard\libm.a
LOAD C:/ST/STM32CubeIDE_1.16.1/STM32CubeIDE/plugins/com.st.stm32cube.ide.mcu.externaltools.gnu-tools-for-stm32.12.3.rel1.win32_1.0.200.202406191623/tools/bin/../lib/gcc/arm-none-eabi/12.3.1/thumb/v7e-m+fp/hard\libgcc.a

.debug_info     0x00000000    0x1496b
 .debug_info    0x00000000     0x1338 ./Core/Src/DSP/arm_common_tables.o
 .debug_info    0x00001338     0x1257 ./Core/Src/DSP/arm_const_structs.o
 .debug_info    0x0000258f      0x564 ./Core/Src/DSP/arm_rfft_init_q15.o
 .debug_info    0x00002af3      0xe3f ./Core/Src/Display/GFX_FUNCTIONS.o
 .debug_info    0x00003932      0xc93 ./Core/Src/Display/ST7735.o
 .debug_info    0x000045c5      0x19a ./Core/Src/Display/fonts.o
 .debug_info    0x0000475f      0x3c6 ./Core/Src/FFT/fft.o
 .debug_info    0x00004b25     0x2126 ./Core/Src/main.o
 .debug_info    0x00006c4b     0x1ab3 ./Core/Src/stm32f4xx_hal_msp.o
 .debug_info    0x000086fe      0x112 ./Core/Src/stm32f4xx_it.o
 .debug_info    0x00008810      0x52e ./Core/Src/system_stm32f4xx.o
 .debug_info    0x00008d3e       0x30 ./Core/Startup/startup_stm32f429zitx.o
 .debug_info    0x00008d6e      0x9ba ./Drivers/STM32F4xx_HAL_Driver/Src/stm32f4xx_hal.o
 .debug_info    0x00009728      0xdc2 ./Drivers/STM32F4xx_HAL_Driver/Src/stm32f4xx_hal_cortex.o
 .debug_info    0x0000a4ea     0x2169 ./Drivers/STM32F4xx_HAL_Driver/Src/stm32f4xx_hal_eth.o
 .debug_info    0x0000c653      0x6db ./Drivers/STM32F4xx_HAL_Driver/Src/stm32f4xx_hal_gpio.o
 .debug_info    0x0000cd2e     0x156f ./Drivers/STM32F4xx_HAL_Driver/Src/stm32f4xx_hal_pcd.o
 .debug_info    0x0000e29d      0x8c7 ./Drivers/STM32F4xx_HAL_Driver/Src/stm32f4xx_hal_rcc.o
 .debug_info    0x0000eb64     0x1525 ./Drivers/STM32F4xx_HAL_Driver/Src/stm32f4xx_hal_spi.o
 .debug_info    0x00010089     0x2f4f ./Drivers/STM32F4xx_HAL_Driver/Src/stm32f4xx_hal_uart.o
 .debug_info    0x00012fd8     0x1993 ./Drivers/STM32F4xx_HAL_Driver/Src/stm32f4xx_ll_usb.o

.debug_abbrev   0x00000000     0x2979
 .debug_abbrev  0x00000000       0xc2 ./Core/Src/DSP/arm_common_tables.o
 .debug_abbrev  0x000000c2      0x105 ./Core/Src/DSP/arm_const_structs.o
 .debug_abbrev  0x000001c7      0x1b8 ./Core/Src/DSP/arm_rfft_init_q15.o
 .debug_abbrev  0x0000037f      0x1b0 ./Core/Src/Display/GFX_FUNCTIONS.o
 .debug_abbrev  0x0000052f      0x273 ./Core/Src/Display/ST7735.o
 .debug_abbrev  0x000007a2       0xb3 ./Core/Src/Display/fonts.o
 .debug_abbrev  0x00000855      0x199 ./Core/Src/FFT/fft.o
 .debug_abbrev  0x000009ee      0x37c ./Core/Src/main.o
 .debug_abbrev  0x00000d6a      0x252 ./Core/Src/stm32f4xx_hal_msp.o
 .debug_abbrev  0x00000fbc       0x73 ./Core/Src/stm32f4xx_it.o
 .debug_abbrev  0x0000102f      0x11a ./Core/Src/system_stm32f4xx.o
 .debug_abbrev  0x00001149       0x24 ./Core/Startup/startup_stm32f429zitx.o
 .debug_abbrev  0x0000116d      0x214 ./Drivers/STM32F4xx_HAL_Driver/Src/stm32f4xx_hal.o
 .debug_abbrev  0x00001381      0x31d ./Drivers/STM32F4xx_HAL_Driver/Src/stm32f4xx_hal_cortex.o
 .debug_abbrev  0x0000169e      0x35c ./Drivers/STM32F4xx_HAL_Driver/Src/stm32f4xx_hal_eth.o
 .debug_abbrev  0x000019fa      0x1d4 ./Drivers/STM32F4xx_HAL_Driver/Src/stm32f4xx_hal_gpio.o
 .debug_abbrev  0x00001bce      0x2b9 ./Drivers/STM32F4xx_HAL_Driver/Src/stm32f4xx_hal_pcd.o
 .debug_abbrev  0x00001e87      0x2b7 ./Drivers/STM32F4xx_HAL_Driver/Src/stm32f4xx_hal_rcc.o
 .debug_abbrev  0x0000213e      0x27a ./Drivers/STM32F4xx_HAL_Driver/Src/stm32f4xx_hal_spi.o
 .debug_abbrev  0x000023b8      0x30e ./Drivers/STM32F4xx_HAL_Driver/Src/stm32f4xx_hal_uart.o
 .debug_abbrev  0x000026c6      0x2b3 ./Drivers/STM32F4xx_HAL_Driver/Src/stm32f4xx_ll_usb.o

.debug_aranges  0x00000000      0xf90
 .debug_aranges
                0x00000000       0x18 ./Core/Src/DSP/arm_common_tables.o
 .debug_aranges
                0x00000018       0x18 ./Core/Src/DSP/arm_const_structs.o
 .debug_aranges
                0x00000030       0x68 ./Core/Src/DSP/arm_rfft_init_q15.o
 .debug_aranges
                0x00000098      0x100 ./Core/Src/Display/GFX_FUNCTIONS.o
 .debug_aranges
                0x00000198       0x90 ./Core/Src/Display/ST7735.o
 .debug_aranges
                0x00000228       0x18 ./Core/Src/Display/fonts.o
 .debug_aranges
                0x00000240       0x30 ./Core/Src/FFT/fft.o
 .debug_aranges
                0x00000270       0x60 ./Core/Src/main.o
 .debug_aranges
                0x000002d0       0x60 ./Core/Src/stm32f4xx_hal_msp.o
 .debug_aranges
                0x00000330       0x60 ./Core/Src/stm32f4xx_it.o
 .debug_aranges
                0x00000390       0x28 ./Core/Src/system_stm32f4xx.o
 .debug_aranges
                0x000003b8       0x28 ./Core/Startup/startup_stm32f429zitx.o
 .debug_aranges
                0x000003e0      0x100 ./Drivers/STM32F4xx_HAL_Driver/Src/stm32f4xx_hal.o
 .debug_aranges
                0x000004e0      0x130 ./Drivers/STM32F4xx_HAL_Driver/Src/stm32f4xx_hal_cortex.o
 .debug_aranges
                0x00000610      0x1e0 ./Drivers/STM32F4xx_HAL_Driver/Src/stm32f4xx_hal_eth.o
 .debug_aranges
                0x000007f0       0x58 ./Drivers/STM32F4xx_HAL_Driver/Src/stm32f4xx_hal_gpio.o
 .debug_aranges
                0x00000848      0x148 ./Drivers/STM32F4xx_HAL_Driver/Src/stm32f4xx_hal_pcd.o
 .debug_aranges
                0x00000990       0x88 ./Drivers/STM32F4xx_HAL_Driver/Src/stm32f4xx_hal_rcc.o
 .debug_aranges
                0x00000a18      0x1d0 ./Drivers/STM32F4xx_HAL_Driver/Src/stm32f4xx_hal_spi.o
 .debug_aranges
                0x00000be8      0x208 ./Drivers/STM32F4xx_HAL_Driver/Src/stm32f4xx_hal_uart.o
 .debug_aranges
                0x00000df0      0x1a0 ./Drivers/STM32F4xx_HAL_Driver/Src/stm32f4xx_ll_usb.o

.debug_macro    0x00000000    0x23aff
 .debug_macro   0x00000000      0x200 ./Core/Src/DSP/arm_common_tables.o
 .debug_macro   0x00000200       0x22 ./Core/Src/DSP/arm_common_tables.o
 .debug_macro   0x00000222      0x222 ./Core/Src/DSP/arm_const_structs.o
 .debug_macro   0x00000444      0x230 ./Core/Src/DSP/arm_rfft_init_q15.o
 .debug_macro   0x00000674      0x2ec ./Core/Src/Display/GFX_FUNCTIONS.o
 .debug_macro   0x00000960      0x2a7 ./Core/Src/Display/GFX_FUNCTIONS.o
 .debug_macro   0x00000c07       0x2e ./Core/Src/Display/GFX_FUNCTIONS.o
 .debug_macro   0x00000c35       0x28 ./Core/Src/Display/GFX_FUNCTIONS.o
 .debug_macro   0x00000c5d       0x1c ./Core/Src/Display/GFX_FUNCTIONS.o
 .debug_macro   0x00000c79       0x22 ./Core/Src/Display/GFX_FUNCTIONS.o
 .debug_macro   0x00000c9b     0x1011 ./Core/Src/Display/GFX_FUNCTIONS.o
 .debug_macro   0x00001cac      0x11f ./Core/Src/Display/GFX_FUNCTIONS.o
 .debug_macro   0x00001dcb    0x17fd8 ./Core/Src/Display/GFX_FUNCTIONS.o
 .debug_macro   0x00019da3       0x6d ./Core/Src/Display/GFX_FUNCTIONS.o
 .debug_macro   0x00019e10     0x3711 ./Core/Src/Display/GFX_FUNCTIONS.o
 .debug_macro   0x0001d521       0x5c ./Core/Src/Display/GFX_FUNCTIONS.o
 .debug_macro   0x0001d57d      0xcba ./Core/Src/Display/GFX_FUNCTIONS.o
 .debug_macro   0x0001e237      0x9e9 ./Core/Src/Display/GFX_FUNCTIONS.o
 .debug_macro   0x0001ec20      0x115 ./Core/Src/Display/GFX_FUNCTIONS.o
 .debug_macro   0x0001ed35      0x156 ./Core/Src/Display/GFX_FUNCTIONS.o
 .debug_macro   0x0001ee8b       0xa5 ./Core/Src/Display/GFX_FUNCTIONS.o
 .debug_macro   0x0001ef30      0x182 ./Core/Src/Display/GFX_FUNCTIONS.o
 .debug_macro   0x0001f0b2      0x287 ./Core/Src/Display/GFX_FUNCTIONS.o
 .debug_macro   0x0001f339       0x5f ./Core/Src/Display/GFX_FUNCTIONS.o
 .debug_macro   0x0001f398      0x236 ./Core/Src/Display/GFX_FUNCTIONS.o
 .debug_macro   0x0001f5ce      0xb99 ./Core/Src/Display/GFX_FUNCTIONS.o
 .debug_macro   0x00020167      0x132 ./Core/Src/Display/GFX_FUNCTIONS.o
 .debug_macro   0x00020299      0x41d ./Core/Src/Display/GFX_FUNCTIONS.o
 .debug_macro   0x000206b6       0x2e ./Core/Src/Display/GFX_FUNCTIONS.o
 .debug_macro   0x000206e4      0x127 ./Core/Src/Display/GFX_FUNCTIONS.o
 .debug_macro   0x0002080b       0xe2 ./Core/Src/Display/GFX_FUNCTIONS.o
 .debug_macro   0x000208ed       0x89 ./Core/Src/Display/GFX_FUNCTIONS.o
 .debug_macro   0x00020976      0x225 ./Core/Src/Display/GFX_FUNCTIONS.o
 .debug_macro   0x00020b9b      0x2aa ./Core/Src/Display/GFX_FUNCTIONS.o
 .debug_macro   0x00020e45      0x293 ./Core/Src/Display/GFX_FUNCTIONS.o
 .debug_macro   0x000210d8       0xba ./Core/Src/Display/GFX_FUNCTIONS.o
 .debug_macro   0x00021192      0x134 ./Core/Src/Display/GFX_FUNCTIONS.o
 .debug_macro   0x000212c6       0x22 ./Core/Src/Display/GFX_FUNCTIONS.o
 .debug_macro   0x000212e8      0x184 ./Core/Src/Display/GFX_FUNCTIONS.o
 .debug_macro   0x0002146c       0x16 ./Core/Src/Display/GFX_FUNCTIONS.o
 .debug_macro   0x00021482       0x16 ./Core/Src/Display/GFX_FUNCTIONS.o
 .debug_macro   0x00021498       0x29 ./Core/Src/Display/GFX_FUNCTIONS.o
 .debug_macro   0x000214c1      0x214 ./Core/Src/Display/ST7735.o
 .debug_macro   0x000216d5       0x6d ./Core/Src/Display/fonts.o
 .debug_macro   0x00021742      0x2c7 ./Core/Src/FFT/fft.o
 .debug_macro   0x00021a09       0x16 ./Core/Src/FFT/fft.o
 .debug_macro   0x00021a1f       0x16 ./Core/Src/FFT/fft.o
 .debug_macro   0x00021a35       0x10 ./Core/Src/FFT/fft.o
 .debug_macro   0x00021a45      0x4e6 ./Core/Src/main.o
 .debug_macro   0x00021f2b      0x130 ./Core/Src/main.o
 .debug_macro   0x0002205b       0x1c ./Core/Src/main.o
 .debug_macro   0x00022077       0x10 ./Core/Src/main.o
 .debug_macro   0x00022087       0x1c ./Core/Src/main.o
 .debug_macro   0x000220a3       0x16 ./Core/Src/main.o
 .debug_macro   0x000220b9      0x146 ./Core/Src/main.o
 .debug_macro   0x000221ff      0x201 ./Core/Src/stm32f4xx_hal_msp.o
 .debug_macro   0x00022400      0x20b ./Core/Src/stm32f4xx_it.o
 .debug_macro   0x0002260b      0x1f2 ./Core/Src/system_stm32f4xx.o
 .debug_macro   0x000227fd      0x252 ./Drivers/STM32F4xx_HAL_Driver/Src/stm32f4xx_hal.o
 .debug_macro   0x00022a4f      0x1f2 ./Drivers/STM32F4xx_HAL_Driver/Src/stm32f4xx_hal_cortex.o
 .debug_macro   0x00022c41      0x2cc ./Drivers/STM32F4xx_HAL_Driver/Src/stm32f4xx_hal_eth.o
 .debug_macro   0x00022f0d      0x1f8 ./Drivers/STM32F4xx_HAL_Driver/Src/stm32f4xx_hal_gpio.o
 .debug_macro   0x00023105      0x1fe ./Drivers/STM32F4xx_HAL_Driver/Src/stm32f4xx_hal_pcd.o
 .debug_macro   0x00023303      0x216 ./Drivers/STM32F4xx_HAL_Driver/Src/stm32f4xx_hal_rcc.o
 .debug_macro   0x00023519      0x201 ./Drivers/STM32F4xx_HAL_Driver/Src/stm32f4xx_hal_spi.o
 .debug_macro   0x0002371a      0x1f3 ./Drivers/STM32F4xx_HAL_Driver/Src/stm32f4xx_hal_uart.o
 .debug_macro   0x0002390d      0x1f2 ./Drivers/STM32F4xx_HAL_Driver/Src/stm32f4xx_ll_usb.o

.debug_line     0x00000000    0x13783
 .debug_line    0x00000000      0x774 ./Core/Src/DSP/arm_common_tables.o
 .debug_line    0x00000774      0x7c0 ./Core/Src/DSP/arm_const_structs.o
 .debug_line    0x00000f34      0x8c7 ./Core/Src/DSP/arm_rfft_init_q15.o
 .debug_line    0x000017fb     0x159b ./Core/Src/Display/GFX_FUNCTIONS.o
 .debug_line    0x00002d96      0xbbb ./Core/Src/Display/ST7735.o
 .debug_line    0x00003951      0x422 ./Core/Src/Display/fonts.o
 .debug_line    0x00003d73      0x972 ./Core/Src/FFT/fft.o
 .debug_line    0x000046e5      0xf06 ./Core/Src/main.o
 .debug_line    0x000055eb      0x922 ./Core/Src/stm32f4xx_hal_msp.o
 .debug_line    0x00005f0d      0x855 ./Core/Src/stm32f4xx_it.o
 .debug_line    0x00006762      0x817 ./Core/Src/system_stm32f4xx.o
 .debug_line    0x00006f79       0x7a ./Core/Startup/startup_stm32f429zitx.o
 .debug_line    0x00006ff3      0xab6 ./Drivers/STM32F4xx_HAL_Driver/Src/stm32f4xx_hal.o
 .debug_line    0x00007aa9      0xd72 ./Drivers/STM32F4xx_HAL_Driver/Src/stm32f4xx_hal_cortex.o
 .debug_line    0x0000881b     0x1a75 ./Drivers/STM32F4xx_HAL_Driver/Src/stm32f4xx_hal_eth.o
 .debug_line    0x0000a290      0xc34 ./Drivers/STM32F4xx_HAL_Driver/Src/stm32f4xx_hal_gpio.o
 .debug_line    0x0000aec4     0x1569 ./Drivers/STM32F4xx_HAL_Driver/Src/stm32f4xx_hal_pcd.o
 .debug_line    0x0000c42d      0xe0b ./Drivers/STM32F4xx_HAL_Driver/Src/stm32f4xx_hal_rcc.o
 .debug_line    0x0000d238     0x1d9e ./Drivers/STM32F4xx_HAL_Driver/Src/stm32f4xx_hal_spi.o
 .debug_line    0x0000efd6     0x2952 ./Drivers/STM32F4xx_HAL_Driver/Src/stm32f4xx_hal_uart.o
 .debug_line    0x00011928     0x1e5b ./Drivers/STM32F4xx_HAL_Driver/Src/stm32f4xx_ll_usb.o

.debug_str      0x00000000    0xdf9ec
 .debug_str     0x00000000     0xa49f ./Core/Src/DSP/arm_common_tables.o
                               0xa7e9 (size before relaxing)
 .debug_str     0x0000a49f      0x885 ./Core/Src/DSP/arm_const_structs.o
                               0xae39 (size before relaxing)
 .debug_str     0x0000ad24      0x39d ./Core/Src/DSP/arm_rfft_init_q15.o
                               0xa406 (size before relaxing)
 .debug_str     0x0000b0c1    0xce5c3 ./Core/Src/Display/GFX_FUNCTIONS.o
                              0xd6216 (size before relaxing)
 .debug_str     0x000d9684      0x61a ./Core/Src/Display/ST7735.o
                              0xd3495 (size before relaxing)
 .debug_str     0x000d9c9e       0x59 ./Core/Src/Display/fonts.o
                               0x3dbc (size before relaxing)
 .debug_str     0x000d9cf7      0x2f1 ./Core/Src/FFT/fft.o
                               0x9d65 (size before relaxing)
 .debug_str     0x000d9fe8     0x1ac1 ./Core/Src/main.o
                              0xd9f95 (size before relaxing)
 .debug_str     0x000dbaa9       0xd6 ./Core/Src/stm32f4xx_hal_msp.o
                              0xd3e13 (size before relaxing)
 .debug_str     0x000dbb7f       0xc9 ./Core/Src/stm32f4xx_it.o
                              0xd2dcf (size before relaxing)
 .debug_str     0x000dbc48       0xdb ./Core/Src/system_stm32f4xx.o
                              0xd2a4b (size before relaxing)
 .debug_str     0x000dbd23       0x44 ./Core/Startup/startup_stm32f429zitx.o
                                 0x8c (size before relaxing)
 .debug_str     0x000dbd67      0xb9c ./Drivers/STM32F4xx_HAL_Driver/Src/stm32f4xx_hal.o
                              0xd366e (size before relaxing)
 .debug_str     0x000dc903      0x37e ./Drivers/STM32F4xx_HAL_Driver/Src/stm32f4xx_hal_cortex.o
                              0xd339c (size before relaxing)
 .debug_str     0x000dcc81     0x1245 ./Drivers/STM32F4xx_HAL_Driver/Src/stm32f4xx_hal_eth.o
                              0xd432c (size before relaxing)
 .debug_str     0x000ddec6       0xe1 ./Drivers/STM32F4xx_HAL_Driver/Src/stm32f4xx_hal_gpio.o
                              0xd2bc6 (size before relaxing)
 .debug_str     0x000ddfa7      0x7fc ./Drivers/STM32F4xx_HAL_Driver/Src/stm32f4xx_hal_pcd.o
                              0xd3516 (size before relaxing)
 .debug_str     0x000de7a3      0x214 ./Drivers/STM32F4xx_HAL_Driver/Src/stm32f4xx_hal_rcc.o
                              0xd2e7f (size before relaxing)
 .debug_str     0x000de9b7      0x577 ./Drivers/STM32F4xx_HAL_Driver/Src/stm32f4xx_hal_spi.o
                              0xd32f6 (size before relaxing)
 .debug_str     0x000def2e      0x613 ./Drivers/STM32F4xx_HAL_Driver/Src/stm32f4xx_hal_uart.o
                              0xd344d (size before relaxing)
 .debug_str     0x000df541      0x4ab ./Drivers/STM32F4xx_HAL_Driver/Src/stm32f4xx_ll_usb.o
                              0xd33f1 (size before relaxing)

.comment        0x00000000       0x43
 .comment       0x00000000       0x43 ./Core/Src/DSP/arm_common_tables.o
                                 0x44 (size before relaxing)
 .comment       0x00000043       0x44 ./Core/Src/DSP/arm_const_structs.o
 .comment       0x00000043       0x44 ./Core/Src/DSP/arm_rfft_init_q15.o
 .comment       0x00000043       0x44 ./Core/Src/Display/GFX_FUNCTIONS.o
 .comment       0x00000043       0x44 ./Core/Src/Display/ST7735.o
 .comment       0x00000043       0x44 ./Core/Src/Display/fonts.o
 .comment       0x00000043       0x44 ./Core/Src/FFT/fft.o
 .comment       0x00000043       0x44 ./Core/Src/main.o
 .comment       0x00000043       0x44 ./Core/Src/stm32f4xx_hal_msp.o
 .comment       0x00000043       0x44 ./Core/Src/stm32f4xx_it.o
 .comment       0x00000043       0x44 ./Core/Src/system_stm32f4xx.o
 .comment       0x00000043       0x44 ./Drivers/STM32F4xx_HAL_Driver/Src/stm32f4xx_hal.o
 .comment       0x00000043       0x44 ./Drivers/STM32F4xx_HAL_Driver/Src/stm32f4xx_hal_cortex.o
 .comment       0x00000043       0x44 ./Drivers/STM32F4xx_HAL_Driver/Src/stm32f4xx_hal_eth.o
 .comment       0x00000043       0x44 ./Drivers/STM32F4xx_HAL_Driver/Src/stm32f4xx_hal_gpio.o
 .comment       0x00000043       0x44 ./Drivers/STM32F4xx_HAL_Driver/Src/stm32f4xx_hal_pcd.o
 .comment       0x00000043       0x44 ./Drivers/STM32F4xx_HAL_Driver/Src/stm32f4xx_hal_rcc.o
 .comment       0x00000043       0x44 ./Drivers/STM32F4xx_HAL_Driver/Src/stm32f4xx_hal_spi.o
 .comment       0x00000043       0x44 ./Drivers/STM32F4xx_HAL_Driver/Src/stm32f4xx_hal_uart.o
 .comment       0x00000043       0x44 ./Drivers/STM32F4xx_HAL_Driver/Src/stm32f4xx_ll_usb.o

.debug_rnglists
                0x00000000      0xbd1
 .debug_rnglists
                0x00000000       0x4a ./Core/Src/DSP/arm_rfft_init_q15.o
 .debug_rnglists
                0x0000004a       0xcd ./Core/Src/Display/GFX_FUNCTIONS.o
 .debug_rnglists
                0x00000117       0x6e ./Core/Src/Display/ST7735.o
 .debug_rnglists
                0x00000185       0x1f ./Core/Src/FFT/fft.o
 .debug_rnglists
                0x000001a4       0x48 ./Core/Src/main.o
 .debug_rnglists
                0x000001ec       0x47 ./Core/Src/stm32f4xx_hal_msp.o
 .debug_rnglists
                0x00000233       0x43 ./Core/Src/stm32f4xx_it.o
 .debug_rnglists
                0x00000276       0x1a ./Core/Src/system_stm32f4xx.o
 .debug_rnglists
                0x00000290       0x19 ./Core/Startup/startup_stm32f429zitx.o
 .debug_rnglists
                0x000002a9       0xbb ./Drivers/STM32F4xx_HAL_Driver/Src/stm32f4xx_hal.o
 .debug_rnglists
                0x00000364       0xe0 ./Drivers/STM32F4xx_HAL_Driver/Src/stm32f4xx_hal_cortex.o
 .debug_rnglists
                0x00000444      0x17c ./Drivers/STM32F4xx_HAL_Driver/Src/stm32f4xx_hal_eth.o
 .debug_rnglists
                0x000005c0       0x3f ./Drivers/STM32F4xx_HAL_Driver/Src/stm32f4xx_hal_gpio.o
 .debug_rnglists
                0x000005ff       0xfa ./Drivers/STM32F4xx_HAL_Driver/Src/stm32f4xx_hal_pcd.o
 .debug_rnglists
                0x000006f9       0x66 ./Drivers/STM32F4xx_HAL_Driver/Src/stm32f4xx_hal_rcc.o
 .debug_rnglists
                0x0000075f      0x16f ./Drivers/STM32F4xx_HAL_Driver/Src/stm32f4xx_hal_spi.o
 .debug_rnglists
                0x000008ce      0x1bc ./Drivers/STM32F4xx_HAL_Driver/Src/stm32f4xx_hal_uart.o
 .debug_rnglists
                0x00000a8a      0x147 ./Drivers/STM32F4xx_HAL_Driver/Src/stm32f4xx_ll_usb.o

.debug_frame    0x00000000     0x40d8
 .debug_frame   0x00000000      0x19c ./Core/Src/DSP/arm_rfft_init_q15.o
 .debug_frame   0x0000019c      0x478 ./Core/Src/Display/GFX_FUNCTIONS.o
 .debug_frame   0x00000614      0x23c ./Core/Src/Display/ST7735.o
 .debug_frame   0x00000850       0x7c ./Core/Src/FFT/fft.o
 .debug_frame   0x000008cc      0x124 ./Core/Src/main.o
 .debug_frame   0x000009f0      0x158 ./Core/Src/stm32f4xx_hal_msp.o
 .debug_frame   0x00000b48      0x104 ./Core/Src/stm32f4xx_it.o
 .debug_frame   0x00000c4c       0x58 ./Core/Src/system_stm32f4xx.o
 .debug_frame   0x00000ca4      0x3b4 ./Drivers/STM32F4xx_HAL_Driver/Src/stm32f4xx_hal.o
 .debug_frame   0x00001058      0x508 ./Drivers/STM32F4xx_HAL_Driver/Src/stm32f4xx_hal_cortex.o
 .debug_frame   0x00001560      0x898 ./Drivers/STM32F4xx_HAL_Driver/Src/stm32f4xx_hal_eth.o
 .debug_frame   0x00001df8      0x14c ./Drivers/STM32F4xx_HAL_Driver/Src/stm32f4xx_hal_gpio.o
 .debug_frame   0x00001f44      0x5b8 ./Drivers/STM32F4xx_HAL_Driver/Src/stm32f4xx_hal_pcd.o
 .debug_frame   0x000024fc      0x1f4 ./Drivers/STM32F4xx_HAL_Driver/Src/stm32f4xx_hal_rcc.o
 .debug_frame   0x000026f0      0x828 ./Drivers/STM32F4xx_HAL_Driver/Src/stm32f4xx_hal_spi.o
 .debug_frame   0x00002f18      0x954 ./Drivers/STM32F4xx_HAL_Driver/Src/stm32f4xx_hal_uart.o
 .debug_frame   0x0000386c      0x7c0 ./Drivers/STM32F4xx_HAL_Driver/Src/stm32f4xx_ll_usb.o
 .debug_frame   0x0000402c       0x20 C:/ST/STM32CubeIDE_1.16.1/STM32CubeIDE/plugins/com.st.stm32cube.ide.mcu.externaltools.gnu-tools-for-stm32.12.3.rel1.win32_1.0.200.202406191623/tools/bin/../lib/gcc/arm-none-eabi/12.3.1/../../../../arm-none-eabi/lib/thumb/v7e-m+fp/hard\libc_nano.a(libc_a-memset.o)
 .debug_frame   0x0000404c       0x2c C:/ST/STM32CubeIDE_1.16.1/STM32CubeIDE/plugins/com.st.stm32cube.ide.mcu.externaltools.gnu-tools-for-stm32.12.3.rel1.win32_1.0.200.202406191623/tools/bin/../lib/gcc/arm-none-eabi/12.3.1/../../../../arm-none-eabi/lib/thumb/v7e-m+fp/hard\libc_nano.a(libc_a-init.o)
 .debug_frame   0x00004078       0x2c C:/ST/STM32CubeIDE_1.16.1/STM32CubeIDE/plugins/com.st.stm32cube.ide.mcu.externaltools.gnu-tools-for-stm32.12.3.rel1.win32_1.0.200.202406191623/tools/bin/../lib/gcc/arm-none-eabi/12.3.1/thumb/v7e-m+fp/hard\libgcc.a(_aeabi_uldivmod.o)
 .debug_frame   0x000040a4       0x34 C:/ST/STM32CubeIDE_1.16.1/STM32CubeIDE/plugins/com.st.stm32cube.ide.mcu.externaltools.gnu-tools-for-stm32.12.3.rel1.win32_1.0.200.202406191623/tools/bin/../lib/gcc/arm-none-eabi/12.3.1/thumb/v7e-m+fp/hard\libgcc.a(_udivmoddi4.o)

.debug_line_str
                0x00000000       0x70
 .debug_line_str
                0x00000000       0x70 ./Core/Startup/startup_stm32f429zitx.o
