Archive member included to satisfy reference by file (symbol)

C:/ST/STM32CubeIDE_1.16.1/STM32CubeIDE/plugins/com.st.stm32cube.ide.mcu.externaltools.gnu-tools-for-stm32.12.3.rel1.win32_1.1.0.202410251130/tools/bin/../lib/gcc/arm-none-eabi/12.3.1/../../../../arm-none-eabi/lib/thumb/v7e-m+fp/hard\libc_nano.a(libc_a-exit.o)
                              C:/ST/STM32CubeIDE_1.16.1/STM32CubeIDE/plugins/com.st.stm32cube.ide.mcu.externaltools.gnu-tools-for-stm32.12.3.rel1.win32_1.1.0.202410251130/tools/bin/../lib/gcc/arm-none-eabi/12.3.1/../../../../arm-none-eabi/lib/thumb/v7e-m+fp/hard/crt0.o (exit)
C:/ST/STM32CubeIDE_1.16.1/STM32CubeIDE/plugins/com.st.stm32cube.ide.mcu.externaltools.gnu-tools-for-stm32.12.3.rel1.win32_1.1.0.202410251130/tools/bin/../lib/gcc/arm-none-eabi/12.3.1/../../../../arm-none-eabi/lib/thumb/v7e-m+fp/hard\libc_nano.a(libc_a-malloc.o)
                              ./Core/Src/Display/st7735.o (malloc)
C:/ST/STM32CubeIDE_1.16.1/STM32CubeIDE/plugins/com.st.stm32cube.ide.mcu.externaltools.gnu-tools-for-stm32.12.3.rel1.win32_1.1.0.202410251130/tools/bin/../lib/gcc/arm-none-eabi/12.3.1/../../../../arm-none-eabi/lib/thumb/v7e-m+fp/hard\libc_nano.a(libc_a-mallocr.o)
                              C:/ST/STM32CubeIDE_1.16.1/STM32CubeIDE/plugins/com.st.stm32cube.ide.mcu.externaltools.gnu-tools-for-stm32.12.3.rel1.win32_1.1.0.202410251130/tools/bin/../lib/gcc/arm-none-eabi/12.3.1/../../../../arm-none-eabi/lib/thumb/v7e-m+fp/hard\libc_nano.a(libc_a-malloc.o) (_malloc_r)
C:/ST/STM32CubeIDE_1.16.1/STM32CubeIDE/plugins/com.st.stm32cube.ide.mcu.externaltools.gnu-tools-for-stm32.12.3.rel1.win32_1.1.0.202410251130/tools/bin/../lib/gcc/arm-none-eabi/12.3.1/../../../../arm-none-eabi/lib/thumb/v7e-m+fp/hard\libc_nano.a(libc_a-mlock.o)
                              C:/ST/STM32CubeIDE_1.16.1/STM32CubeIDE/plugins/com.st.stm32cube.ide.mcu.externaltools.gnu-tools-for-stm32.12.3.rel1.win32_1.1.0.202410251130/tools/bin/../lib/gcc/arm-none-eabi/12.3.1/../../../../arm-none-eabi/lib/thumb/v7e-m+fp/hard\libc_nano.a(libc_a-mallocr.o) (__malloc_lock)
C:/ST/STM32CubeIDE_1.16.1/STM32CubeIDE/plugins/com.st.stm32cube.ide.mcu.externaltools.gnu-tools-for-stm32.12.3.rel1.win32_1.1.0.202410251130/tools/bin/../lib/gcc/arm-none-eabi/12.3.1/../../../../arm-none-eabi/lib/thumb/v7e-m+fp/hard\libc_nano.a(libc_a-nano-vfprintf_float.o)
                              (_printf_float)
C:/ST/STM32CubeIDE_1.16.1/STM32CubeIDE/plugins/com.st.stm32cube.ide.mcu.externaltools.gnu-tools-for-stm32.12.3.rel1.win32_1.1.0.202410251130/tools/bin/../lib/gcc/arm-none-eabi/12.3.1/../../../../arm-none-eabi/lib/thumb/v7e-m+fp/hard\libc_nano.a(libc_a-nano-vfprintf_i.o)
                              C:/ST/STM32CubeIDE_1.16.1/STM32CubeIDE/plugins/com.st.stm32cube.ide.mcu.externaltools.gnu-tools-for-stm32.12.3.rel1.win32_1.1.0.202410251130/tools/bin/../lib/gcc/arm-none-eabi/12.3.1/../../../../arm-none-eabi/lib/thumb/v7e-m+fp/hard\libc_nano.a(libc_a-nano-vfprintf_float.o) (_printf_common)
C:/ST/STM32CubeIDE_1.16.1/STM32CubeIDE/plugins/com.st.stm32cube.ide.mcu.externaltools.gnu-tools-for-stm32.12.3.rel1.win32_1.1.0.202410251130/tools/bin/../lib/gcc/arm-none-eabi/12.3.1/../../../../arm-none-eabi/lib/thumb/v7e-m+fp/hard\libc_nano.a(libc_a-findfp.o)
                              C:/ST/STM32CubeIDE_1.16.1/STM32CubeIDE/plugins/com.st.stm32cube.ide.mcu.externaltools.gnu-tools-for-stm32.12.3.rel1.win32_1.1.0.202410251130/tools/bin/../lib/gcc/arm-none-eabi/12.3.1/../../../../arm-none-eabi/lib/thumb/v7e-m+fp/hard\libc_nano.a(libc_a-exit.o) (__stdio_exit_handler)
C:/ST/STM32CubeIDE_1.16.1/STM32CubeIDE/plugins/com.st.stm32cube.ide.mcu.externaltools.gnu-tools-for-stm32.12.3.rel1.win32_1.1.0.202410251130/tools/bin/../lib/gcc/arm-none-eabi/12.3.1/../../../../arm-none-eabi/lib/thumb/v7e-m+fp/hard\libc_nano.a(libc_a-fwalk.o)
                              C:/ST/STM32CubeIDE_1.16.1/STM32CubeIDE/plugins/com.st.stm32cube.ide.mcu.externaltools.gnu-tools-for-stm32.12.3.rel1.win32_1.1.0.202410251130/tools/bin/../lib/gcc/arm-none-eabi/12.3.1/../../../../arm-none-eabi/lib/thumb/v7e-m+fp/hard\libc_nano.a(libc_a-findfp.o) (_fwalk_sglue)
C:/ST/STM32CubeIDE_1.16.1/STM32CubeIDE/plugins/com.st.stm32cube.ide.mcu.externaltools.gnu-tools-for-stm32.12.3.rel1.win32_1.1.0.202410251130/tools/bin/../lib/gcc/arm-none-eabi/12.3.1/../../../../arm-none-eabi/lib/thumb/v7e-m+fp/hard\libc_nano.a(libc_a-puts.o)
                              ./Core/Src/main.o (puts)
C:/ST/STM32CubeIDE_1.16.1/STM32CubeIDE/plugins/com.st.stm32cube.ide.mcu.externaltools.gnu-tools-for-stm32.12.3.rel1.win32_1.1.0.202410251130/tools/bin/../lib/gcc/arm-none-eabi/12.3.1/../../../../arm-none-eabi/lib/thumb/v7e-m+fp/hard\libc_nano.a(libc_a-sprintf.o)
                              ./Core/Src/Display/display.o (sprintf)
[...]
Memory Configuration

Name             Origin             Length             Attributes
CCMRAM           0x10000000         0x00010000         xrw
RAM              0x20000000         0x00030000         xrw
FLASH            0x08000000         0x00200000         xr
*default*        0x00000000         0xffffffff

Linker script and memory map

LOAD C:/ST/STM32CubeIDE_1.16.1/STM32CubeIDE/plugins/com.st.stm32cube.ide.mcu.externaltools.gnu-tools-for-stm32.12.3.rel1.win32_1.1.0.202410251130/tools/bin/../lib/gcc/arm-none-eabi/12.3.1/thumb/v7e-m+fp/hard/crti.o
LOAD C:/ST/STM32CubeIDE_1.16.1/STM32CubeIDE/plugins/com.st.stm32cube.ide.mcu.externaltools.gnu-tools-for-stm32.12.3.rel1.win32_1.1.0.202410251130/tools/bin/../lib/gcc/arm-none-eabi/12.3.1/thumb/v7e-m+fp/hard/crtbegin.o
LOAD C:/ST/STM32CubeIDE_1.16.1/STM32CubeIDE/plugins/com.st.stm32cube.ide.mcu.externaltools.gnu-tools-for-stm32.12.3.rel1.win32_1.1.0.202410251130/tools/bin/../lib/gcc/arm-none-eabi/12.3.1/../../../../arm-none-eabi/lib/thumb/v7e-m+fp/hard/crt0.o
LOAD ./Core/Src/Buffer/buffer.o
LOAD ./Core/Src/DSP/arm_bitreversal.o
LOAD ./Core/Src/DSP/arm_bitreversal2.o
LOAD ./Core/Src/DSP/arm_bitreversal_f16.o
LOAD ./Core/Src/DSP/arm_cfft_f32.o
LOAD ./Core/Src/DSP/arm_cfft_init_f32.o
LOAD ./Core/Src/DSP/arm_cfft_q31.o
LOAD ./Core/Src/DSP/arm_cfft_radix4_f32.o
LOAD ./Core/Src/DSP/arm_cfft_radix4_init_f32.o
LOAD ./Core/Src/DSP/arm_cfft_radix4_q31.o
LOAD ./Core/Src/DSP/arm_cfft_radix8_f32.o
LOAD ./Core/Src/DSP/arm_cmplx_mag_f32.o
LOAD ./Core/Src/DSP/arm_cmplx_mag_q31.o
LOAD ./Core/Src/DSP/arm_common_tables.o
LOAD ./Core/Src/DSP/arm_const_structs.o
LOAD ./Core/Src/DSP/arm_cos_q31.o
LOAD ./Core/Src/DSP/arm_float_to_q31.o
LOAD ./Core/Src/DSP/arm_mve_tables.o
LOAD ./Core/Src/DSP/arm_rfft_f32.o
LOAD ./Core/Src/DSP/arm_rfft_fast_f32.o
LOAD ./Core/Src/DSP/arm_rfft_fast_init_f32.o
LOAD ./Core/Src/DSP/arm_rfft_init_f32.o
LOAD ./Core/Src/DSP/arm_rfft_init_q31.o
LOAD ./Core/Src/DSP/arm_rfft_q31.o
LOAD ./Core/Src/DSP/arm_shift_q31.o
LOAD ./Core/Src/DSP/arm_sin_f32.o
LOAD ./Core/Src/DSP/arm_sin_q31.o
LOAD ./Core/Src/DSP/arm_sqrt_q31.o
LOAD ./Core/Src/Display/coordinatesystem.o
LOAD ./Core/Src/Display/cursor.o
LOAD ./Core/Src/Display/display.o
LOAD ./Core/Src/Display/displayrefresher.o
LOAD ./Core/Src/Display/fonts.o
LOAD ./Core/Src/Display/st7735.o
LOAD ./Core/Src/FFT/fft.o
LOAD ./Core/Src/FFT/fft_test.o
LOAD ./Core/Src/main.o
LOAD ./Core/Src/stm32f4xx_hal_msp.o
LOAD ./Core/Src/stm32f4xx_it.o
LOAD ./Core/Src/syscalls.o
LOAD ./Core/Src/sysmem.o
LOAD ./Core/Src/system_stm32f4xx.o
LOAD ./Core/Src/utils.o
LOAD ./Core/Startup/startup_stm32f429zitx.o
LOAD ./Drivers/STM32F4xx_HAL_Driver/Src/stm32f4xx_hal.o
LOAD ./Drivers/STM32F4xx_HAL_Driver/Src/stm32f4xx_hal_cortex.o
LOAD ./Drivers/STM32F4xx_HAL_Driver/Src/stm32f4xx_hal_dma.o
LOAD ./Drivers/STM32F4xx_HAL_Driver/Src/stm32f4xx_hal_dma_ex.o
LOAD ./Drivers/STM32F4xx_HAL_Driver/Src/stm32f4xx_hal_eth.o
LOAD ./Drivers/STM32F4xx_HAL_Driver/Src/stm32f4xx_hal_exti.o
LOAD ./Drivers/STM32F4xx_HAL_Driver/Src/stm32f4xx_hal_flash.o
LOAD ./Drivers/STM32F4xx_HAL_Driver/Src/stm32f4xx_hal_flash_ex.o
LOAD ./Drivers/STM32F4xx_HAL_Driver/Src/stm32f4xx_hal_flash_ramfunc.o
LOAD ./Drivers/STM32F4xx_HAL_Driver/Src/stm32f4xx_hal_gpio.o
LOAD ./Drivers/STM32F4xx_HAL_Driver/Src/stm32f4xx_hal_i2s.o
LOAD ./Drivers/STM32F4xx_HAL_Driver/Src/stm32f4xx_hal_i2s_ex.o
LOAD ./Drivers/STM32F4xx_HAL_Driver/Src/stm32f4xx_hal_pcd.o
LOAD ./Drivers/STM32F4xx_HAL_Driver/Src/stm32f4xx_hal_pcd_ex.o
LOAD ./Drivers/STM32F4xx_HAL_Driver/Src/stm32f4xx_hal_pwr.o
LOAD ./Drivers/STM32F4xx_HAL_Driver/Src/stm32f4xx_hal_pwr_ex.o
LOAD ./Drivers/STM32F4xx_HAL_Driver/Src/stm32f4xx_hal_rcc.o
LOAD ./Drivers/STM32F4xx_HAL_Driver/Src/stm32f4xx_hal_rcc_ex.o
LOAD ./Drivers/STM32F4xx_HAL_Driver/Src/stm32f4xx_hal_spi.o
LOAD ./Drivers/STM32F4xx_HAL_Driver/Src/stm32f4xx_hal_tim.o
LOAD ./Drivers/STM32F4xx_HAL_Driver/Src/stm32f4xx_hal_tim_ex.o
LOAD ./Drivers/STM32F4xx_HAL_Driver/Src/stm32f4xx_hal_uart.o
LOAD ./Drivers/STM32F4xx_HAL_Driver/Src/stm32f4xx_ll_usb.o
START GROUP
LOAD C:/ST/STM32CubeIDE_1.16.1/STM32CubeIDE/plugins/com.st.stm32cube.ide.mcu.externaltools.gnu-tools-for-stm32.12.3.rel1.win32_1.1.0.202410251130/tools/bin/../lib/gcc/arm-none-eabi/12.3.1/../../../../arm-none-eabi/lib/thumb/v7e-m+fp/hard\libc_nano.a
LOAD C:/ST/STM32CubeIDE_1.16.1/STM32CubeIDE/plugins/com.st.stm32cube.ide.mcu.externaltools.gnu-tools-for-stm32.12.3.rel1.win32_1.1.0.202410251130/tools/bin/../lib/gcc/arm-none-eabi/12.3.1/../../../../arm-none-eabi/lib/thumb/v7e-m+fp/hard\libm.a
END GROUP
START GROUP
LOAD C:/ST/STM32CubeIDE_1.16.1/STM32CubeIDE/plugins/com.st.stm32cube.ide.mcu.externaltools.gnu-tools-for-stm32.12.3.rel1.win32_1.1.0.202410251130/tools/bin/../lib/gcc/arm-none-eabi/12.3.1/thumb/v7e-m+fp/hard\libgcc.a
LOAD C:/ST/STM32CubeIDE_1.16.1/STM32CubeIDE/plugins/com.st.stm32cube.ide.mcu.externaltools.gnu-tools-for-stm32.12.3.rel1.win32_1.1.0.202410251130/tools/bin/../lib/gcc/arm-none-eabi/12.3.1/../../../../arm-none-eabi/lib/thumb/v7e-m+fp/hard\libc_nano.a
END GROUP
START GROUP
LOAD C:/ST/STM32CubeIDE_1.16.1/STM32CubeIDE/plugins/com.st.stm32cube.ide.mcu.externaltools.gnu-tools-for-stm32.12.3.rel1.win32_1.1.0.202410251130/tools/bin/../lib/gcc/arm-none-eabi/12.3.1/thumb/v7e-m+fp/hard\libgcc.a
LOAD C:/ST/STM32CubeIDE_1.16.1/STM32CubeIDE/plugins/com.st.stm32cube.ide.mcu.externaltools.gnu-tools-for-stm32.12.3.rel1.win32_1.1.0.202410251130/tools/bin/../lib/gcc/arm-none-eabi/12.3.1/../../../../arm-none-eabi/lib/thumb/v7e-m+fp/hard\libc_nano.a
LOAD C:/ST/STM32CubeIDE_1.16.1/STM32CubeIDE/plugins/com.st.stm32cube.ide.mcu.externaltools.gnu-tools-for-stm32.12.3.rel1.win32_1.1.0.202410251130/tools/bin/../lib/gcc/arm-none-eabi/12.3.1/../../../../arm-none-eabi/lib/thumb/v7e-m+fp/hard\libnosys.a
END GROUP
START GROUP
LOAD C:/ST/STM32CubeIDE_1.16.1/STM32CubeIDE/plugins/com.st.stm32cube.ide.mcu.externaltools.gnu-tools-for-stm32.12.3.rel1.win32_1.1.0.202410251130/tools/bin/../lib/gcc/arm-none-eabi/12.3.1/thumb/v7e-m+fp/hard\libgcc.a
LOAD C:/ST/STM32CubeIDE_1.16.1/STM32CubeIDE/plugins/com.st.stm32cube.ide.mcu.externaltools.gnu-tools-for-stm32.12.3.rel1.win32_1.1.0.202410251130/tools/bin/../lib/gcc/arm-none-eabi/12.3.1/../../../../arm-none-eabi/lib/thumb/v7e-m+fp/hard\libc_nano.a
LOAD C:/ST/STM32CubeIDE_1.16.1/STM32CubeIDE/plugins/com.st.stm32cube.ide.mcu.externaltools.gnu-tools-for-stm32.12.3.rel1.win32_1.1.0.202410251130/tools/bin/../lib/gcc/arm-none-eabi/12.3.1/../../../../arm-none-eabi/lib/thumb/v7e-m+fp/hard\libnosys.a
END GROUP
LOAD C:/ST/STM32CubeIDE_1.16.1/STM32CubeIDE/plugins/com.st.stm32cube.ide.mcu.externaltools.gnu-tools-for-stm32.12.3.rel1.win32_1.1.0.202410251130/tools/bin/../lib/gcc/arm-none-eabi/12.3.1/thumb/v7e-m+fp/hard/crtend.o
LOAD C:/ST/STM32CubeIDE_1.16.1/STM32CubeIDE/plugins/com.st.stm32cube.ide.mcu.externaltools.gnu-tools-for-stm32.12.3.rel1.win32_1.1.0.202410251130/tools/bin/../lib/gcc/arm-none-eabi/12.3.1/thumb/v7e-m+fp/hard/crtn.o
                0x20030000                        _estack = (ORIGIN (RAM) + LENGTH (RAM))
                0x00000200                        _Min_Heap_Size = 0x200
                0x00000400                        _Min_Stack_Size = 0x400

.isr_vector     0x08000000      0x1ac
                0x08000000                        . = ALIGN (0x4)
 *(.isr_vector)
 .isr_vector    0x08000000      0x1ac ./Core/Startup/startup_stm32f429zitx.o
                0x08000000                g_pfnVectors
                0x080001ac                        . = ALIGN (0x4)

.text           0x080001b0     0xd1c0
                0x080001b0                        . = ALIGN (0x4)
 *(.text)
 .text          0x080001b0       0x40 C:/ST/STM32CubeIDE_1.16.1/STM32CubeIDE/plugins/com.st.stm32cube.ide.mcu.externaltools.gnu-tools-for-stm32.12.3.rel1.win32_1.1.0.202410251130/tools/bin/../lib/gcc/arm-none-eabi/12.3.1/thumb/v7e-m+fp/hard/crtbegin.o
 .text          0x080001f0       0xa0 C:/ST/STM32CubeIDE_1.16.1/STM32CubeIDE/plugins/com.st.stm32cube.ide.mcu.externaltools.gnu-tools-for-stm32.12.3.rel1.win32_1.1.0.202410251130/tools/bin/../lib/gcc/arm-none-eabi/12.3.1/../../../../arm-none-eabi/lib/thumb/v7e-m+fp/hard\libc_nano.a(libc_a-memchr.o)
                0x080001f0                memchr
 .text          0x08000290       0x10 C:/ST/STM32CubeIDE_1.16.1/STM32CubeIDE/plugins/com.st.stm32cube.ide.mcu.externaltools.gnu-tools-for-stm32.12.3.rel1.win32_1.1.0.202410251130/tools/bin/../lib/gcc/arm-none-eabi/12.3.1/../../../../arm-none-eabi/lib/thumb/v7e-m+fp/hard\libc_nano.a(libc_a-strlen.o)
                0x08000290                strlen
 .text          0x080002a0      0x378 C:/ST/STM32CubeIDE_1.16.1/STM32CubeIDE/plugins/com.st.stm32cube.ide.mcu.externaltools.gnu-tools-for-stm32.12.3.rel1.win32_1.1.0.202410251130/tools/bin/../lib/gcc/arm-none-eabi/12.3.1/thumb/v7e-m+fp/hard\libgcc.a(_arm_addsubdf3.o)
                0x080002a0                __aeabi_drsub
                0x080002a8                __aeabi_dsub
                0x080002a8                __subdf3
                0x080002ac                __aeabi_dadd
                0x080002ac                __adddf3
                0x08000524                __floatunsidf
                0x08000524                __aeabi_ui2d
                0x08000544                __floatsidf
                0x08000544                __aeabi_i2d
                0x08000568                __aeabi_f2d
                0x08000568                __extendsfdf2
                0x080005ac                __floatundidf
                0x080005ac                __aeabi_ul2d
                0x080005bc                __floatdidf
                0x080005bc                __aeabi_l2d
 .text          0x08000618      0x424 C:/ST/STM32CubeIDE_1.16.1/STM32CubeIDE/plugins/com.st.stm32cube.ide.mcu.externaltools.gnu-tools-for-stm32.12.3.rel1.win32_1.1.0.202410251130/tools/bin/../lib/gcc/arm-none-eabi/12.3.1/thumb/v7e-m+fp/hard\libgcc.a(_arm_muldivdf3.o)
                0x08000618                __aeabi_dmul
                0x08000618                __muldf3
                0x0800086c                __divdf3
                0x0800086c                __aeabi_ddiv
 .text          0x08000a3c      0x110 C:/ST/STM32CubeIDE_1.16.1/STM32CubeIDE/plugins/com.st.stm32cube.ide.mcu.externaltools.gnu-tools-for-stm32.12.3.rel1.win32_1.1.0.202410251130/tools/bin/../lib/gcc/arm-none-eabi/12.3.1/thumb/v7e-m+fp/hard\libgcc.a(_arm_cmpdf2.o)
                0x08000a3c                __gtdf2
                0x08000a3c                __gedf2
                0x08000a44                __ltdf2
                0x08000a44                __ledf2
                0x08000a4c                __nedf2
                0x08000a4c                __eqdf2
                0x08000a4c                __cmpdf2
                0x08000ac8                __aeabi_cdrcmple
                0x08000ad8                __aeabi_cdcmpeq
                0x08000ad8                __aeabi_cdcmple
                0x08000ae8                __aeabi_dcmpeq
                0x08000afc                __aeabi_dcmplt
                0x08000b10                __aeabi_dcmple
                0x08000b24                __aeabi_dcmpge
                0x08000b38                __aeabi_dcmpgt
 .text          0x08000b4c       0x2c C:/ST/STM32CubeIDE_1.16.1/STM32CubeIDE/plugins/com.st.stm32cube.ide.mcu.externaltools.gnu-tools-for-stm32.12.3.rel1.win32_1.1.0.202410251130/tools/bin/../lib/gcc/arm-none-eabi/12.3.1/thumb/v7e-m+fp/hard\libgcc.a(_arm_unorddf2.o)
                0x08000b4c                __unorddf2
                0x08000b4c                __aeabi_dcmpun
 .text          0x08000b78       0x50 C:/ST/STM32CubeIDE_1.16.1/STM32CubeIDE/plugins/com.st.stm32cube.ide.mcu.externaltools.gnu-tools-for-stm32.12.3.rel1.win32_1.1.0.202410251130/tools/bin/../lib/gcc/arm-none-eabi/12.3.1/thumb/v7e-m+fp/hard\libgcc.a(_arm_fixdfsi.o)
                0x08000b78                __aeabi_d2iz
                0x08000b78                __fixdfsi
 .text          0x08000bc8       0xa0 C:/ST/STM32CubeIDE_1.16.1/STM32CubeIDE/plugins/com.st.stm32cube.ide.mcu.externaltools.gnu-tools-for-stm32.12.3.rel1.win32_1.1.0.202410251130/tools/bin/../lib/gcc/arm-none-eabi/12.3.1/thumb/v7e-m+fp/hard\libgcc.a(_arm_truncdfsf2.o)
                0x08000bc8                __truncdfsf2
                0x08000bc8                __aeabi_d2f
 .text          0x08000c68       0x30 C:/ST/STM32CubeIDE_1.16.1/STM32CubeIDE/plugins/com.st.stm32cube.ide.mcu.externaltools.gnu-tools-for-stm32.12.3.rel1.win32_1.1.0.202410251130/tools/bin/../lib/gcc/arm-none-eabi/12.3.1/thumb/v7e-m+fp/hard\libgcc.a(_aeabi_uldivmod.o)
                0x08000c68                __aeabi_uldivmod
 .text          0x08000c98      0x2bc C:/ST/STM32CubeIDE_1.16.1/STM32CubeIDE/plugins/com.st.stm32cube.ide.mcu.externaltools.gnu-tools-for-stm32.12.3.rel1.win32_1.1.0.202410251130/tools/bin/../lib/gcc/arm-none-eabi/12.3.1/thumb/v7e-m+fp/hard\libgcc.a(_udivmoddi4.o)
                0x08000c98                __udivmoddi4
 .text          0x08000f54        0x4 C:/ST/STM32CubeIDE_1.16.1/STM32CubeIDE/plugins/com.st.stm32cube.ide.mcu.externaltools.gnu-tools-for-stm32.12.3.rel1.win32_1.1.0.202410251130/tools/bin/../lib/gcc/arm-none-eabi/12.3.1/thumb/v7e-m+fp/hard\libgcc.a(_dvmd_tls.o)
                0x08000f54                __aeabi_idiv0
                0x08000f54                __aeabi_ldiv0
 *(.text*)
 .text.arm_bitreversal_32
                0x08000f58       0xb2 ./Core/Src/DSP/arm_bitreversal2.o
                0x08000f58                arm_bitreversal_32
 .text.arm_cfft_radix8by2_f32
                0x0800100a      0x3e8 ./Core/Src/DSP/arm_cfft_f32.o
 .text.arm_cfft_radix8by4_f32
                0x080013f2      0xc60 ./Core/Src/DSP/arm_cfft_f32.o
 .text.arm_cfft_f32
                0x08002052      0x174 ./Core/Src/DSP/arm_cfft_f32.o
                0x08002052                arm_cfft_f32
 *fill*         0x080021c6        0x2 
 .text.arm_cfft_init_2048_f32
                0x080021c8       0x48 ./Core/Src/DSP/arm_cfft_init_f32.o
                0x080021c8                arm_cfft_init_2048_f32
 .text.arm_cfft_init_1024_f32
                0x08002210       0x48 ./Core/Src/DSP/arm_cfft_init_f32.o
                0x08002210                arm_cfft_init_1024_f32
 .text.arm_cfft_init_512_f32
                0x08002258       0x48 ./Core/Src/DSP/arm_cfft_init_f32.o
                0x08002258                arm_cfft_init_512_f32
 .text.arm_cfft_init_256_f32
                0x080022a0       0x48 ./Core/Src/DSP/arm_cfft_init_f32.o
                0x080022a0                arm_cfft_init_256_f32
 .text.arm_cfft_init_128_f32
                0x080022e8       0x44 ./Core/Src/DSP/arm_cfft_init_f32.o
                0x080022e8                arm_cfft_init_128_f32
 .text.arm_cfft_init_64_f32
                0x0800232c       0x44 ./Core/Src/DSP/arm_cfft_init_f32.o
                0x0800232c                arm_cfft_init_64_f32
 .text.arm_cfft_init_32_f32
                0x08002370       0x44 ./Core/Src/DSP/arm_cfft_init_f32.o
                0x08002370                arm_cfft_init_32_f32
 .text.arm_cfft_init_16_f32
                0x080023b4       0x44 ./Core/Src/DSP/arm_cfft_init_f32.o
                0x080023b4                arm_cfft_init_16_f32
 .text.arm_radix8_butterfly_f32
                0x080023f8     0x100c ./Core/Src/DSP/arm_cfft_radix8_f32.o
                0x080023f8                arm_radix8_butterfly_f32
 .text.arm_cmplx_mag_f32
                0x08003404       0x88 ./Core/Src/DSP/arm_cmplx_mag_f32.o
                0x08003404                arm_cmplx_mag_f32
 .text.stage_rfft_f32
                0x0800348c      0x1d2 ./Core/Src/DSP/arm_rfft_fast_f32.o
 .text.merge_rfft_f32
                0x0800365e      0x198 ./Core/Src/DSP/arm_rfft_fast_f32.o
 .text.arm_rfft_fast_f32
                0x080037f6       0x4e ./Core/Src/DSP/arm_rfft_fast_f32.o
                0x080037f6                arm_rfft_fast_f32
 .text.arm_rfft_fast_init_32_f32
                0x08003844       0x48 ./Core/Src/DSP/arm_rfft_fast_init_f32.o
                0x08003844                arm_rfft_fast_init_32_f32
 .text.arm_rfft_fast_init_64_f32
                0x0800388c       0x48 ./Core/Src/DSP/arm_rfft_fast_init_f32.o
                0x0800388c                arm_rfft_fast_init_64_f32
 .text.arm_rfft_fast_init_128_f32
                0x080038d4       0x48 ./Core/Src/DSP/arm_rfft_fast_init_f32.o
                0x080038d4                arm_rfft_fast_init_128_f32
 .text.arm_rfft_fast_init_256_f32
                0x0800391c       0x4c ./Core/Src/DSP/arm_rfft_fast_init_f32.o
                0x0800391c                arm_rfft_fast_init_256_f32
 .text.arm_rfft_fast_init_512_f32
                0x08003968       0x4c ./Core/Src/DSP/arm_rfft_fast_init_f32.o
                0x08003968                arm_rfft_fast_init_512_f32
 .text.arm_rfft_fast_init_1024_f32
                0x080039b4       0x4c ./Core/Src/DSP/arm_rfft_fast_init_f32.o
                0x080039b4                arm_rfft_fast_init_1024_f32
 .text.arm_rfft_fast_init_2048_f32
                0x08003a00       0x4c ./Core/Src/DSP/arm_rfft_fast_init_f32.o
                0x08003a00                arm_rfft_fast_init_2048_f32
 .text.arm_rfft_fast_init_4096_f32
                0x08003a4c       0x4c ./Core/Src/DSP/arm_rfft_fast_init_f32.o
                0x08003a4c                arm_rfft_fast_init_4096_f32
 .text.arm_rfft_fast_init_f32
                0x08003a98       0xce ./Core/Src/DSP/arm_rfft_fast_init_f32.o
                0x08003a98                arm_rfft_fast_init_f32
 .text.getPixelRangeYEnd
                0x08003b66       0x10 ./Core/Src/Display/coordinatesystem.o
                0x08003b66                getPixelRangeYEnd
 *fill*         0x08003b76        0x2 
 .text.getValueRangeYEnd
                0x08003b78       0x1c ./Core/Src/Display/coordinatesystem.o
                0x08003b78                getValueRangeYEnd
 .text.getMaxPixelRangeYEnd
                0x08003b94        0xe ./Core/Src/Display/coordinatesystem.o
                0x08003b94                getMaxPixelRangeYEnd
 .text.getMaxValueRangeYEnd
                0x08003ba2       0x12 ./Core/Src/Display/coordinatesystem.o
                0x08003ba2                getMaxValueRangeYEnd
 .text.coordinateToDisplay
                0x08003bb4       0x1e ./Core/Src/Display/coordinatesystem.o
                0x08003bb4                coordinateToDisplay
 .text.getYPixel
                0x08003bd2       0x46 ./Core/Src/Display/coordinatesystem.o
                0x08003bd2                getYPixel
 .text.setMaximum
                0x08003c18       0x34 ./Core/Src/Display/coordinatesystem.o
                0x08003c18                setMaximum
 .text.drawText
                0x08003c4c      0x10c ./Core/Src/Display/display.o
                0x08003c4c                drawText
 .text.drawCoordinateSystem
                0x08003d58       0x2c ./Core/Src/Display/display.o
                0x08003d58                drawCoordinateSystem
 .text.drawInit
                0x08003d84       0x18 ./Core/Src/Display/display.o
                0x08003d84                drawInit
 .text.drawData
                0x08003d9c      0x138 ./Core/Src/Display/display.o
                0x08003d9c                drawData
 .text.draw     0x08003ed4       0x3a ./Core/Src/Display/display.o
                0x08003ed4                draw
 *fill*         0x08003f0e        0x2 
 .text.ST7735_Select
                0x08003f10       0x18 ./Core/Src/Display/st7735.o
 .text.ST7735_Unselect
                0x08003f28       0x18 ./Core/Src/Display/st7735.o
                0x08003f28                ST7735_Unselect
 .text.ST7735_Reset
                0x08003f40       0x2c ./Core/Src/Display/st7735.o
 .text.ST7735_WriteCommand
                0x08003f6c       0x34 ./Core/Src/Display/st7735.o
 .text.ST7735_WriteData
                0x08003fa0       0x38 ./Core/Src/Display/st7735.o
 .text.ST7735_ExecuteCommandList
                0x08003fd8       0x92 ./Core/Src/Display/st7735.o
 .text.ST7735_SetAddressWindow
                0x0800406a       0x68 ./Core/Src/Display/st7735.o
 *fill*         0x080040d2        0x2 
 .text.ST7735_Init
                0x080040d4       0x34 ./Core/Src/Display/st7735.o
                0x080040d4                ST7735_Init
 .text.ST7735_WriteChar
                0x08004108       0xf2 ./Core/Src/Display/st7735.o
 .text.ST7735_WriteString
                0x080041fa       0x94 ./Core/Src/Display/st7735.o
                0x080041fa                ST7735_WriteString
 *fill*         0x0800428e        0x2 
 .text.ST7735_FillRectangle
                0x08004290       0xec ./Core/Src/Display/st7735.o
                0x08004290                ST7735_FillRectangle
 .text.ST7735_FillRectangleFast
                0x0800437c      0x110 ./Core/Src/Display/st7735.o
                0x0800437c                ST7735_FillRectangleFast
 .text.ST7735_FillScreen
                0x0800448c       0x22 ./Core/Src/Display/st7735.o
                0x0800448c                ST7735_FillScreen
 .text.ST7735_DrawHorizontalLine
                0x080044ae       0x5c ./Core/Src/Display/st7735.o
                0x080044ae                ST7735_DrawHorizontalLine
 .text.ST7735_DrawVerticalLine
                0x0800450a       0x5c ./Core/Src/Display/st7735.o
                0x0800450a                ST7735_DrawVerticalLine
 *fill*         0x08004566        0x2 
 .text.displayInit
                0x08004568       0x5c ./Core/Src/main.o
                0x08004568                displayInit
 .text.HAL_I2S_RxHalfCpltCallback
                0x080045c4       0x20 ./Core/Src/main.o
                0x080045c4                HAL_I2S_RxHalfCpltCallback
 .text.HAL_I2S_RxCpltCallback
                0x080045e4       0x20 ./Core/Src/main.o
                0x080045e4                HAL_I2S_RxCpltCallback
 .text.fftPipe  0x08004604       0x44 ./Core/Src/main.o
                0x08004604                fftPipe
 .text.HAL_TIM_PeriodElapsedCallback
                0x08004648       0x28 ./Core/Src/main.o
                0x08004648                HAL_TIM_PeriodElapsedCallback
 .text.main     0x08004670      0x304 ./Core/Src/main.o
                0x08004670                main
 .text.SystemClock_Config
                0x08004974       0xd4 ./Core/Src/main.o
                0x08004974                SystemClock_Config
 .text.MX_ETH_Init
                0x08004a48       0x9c ./Core/Src/main.o
 .text.MX_I2S2_Init
                0x08004ae4       0x5c ./Core/Src/main.o
 .text.MX_SPI1_Init
                0x08004b40       0x6c ./Core/Src/main.o
 .text.MX_TIM2_Init
                0x08004bac       0x9c ./Core/Src/main.o
 .text.MX_USART3_UART_Init
                0x08004c48       0x54 ./Core/Src/main.o
 .text.MX_USB_OTG_FS_PCD_Init
                0x08004c9c       0x5c ./Core/Src/main.o
 .text.MX_DMA_Init
                0x08004cf8       0x40 ./Core/Src/main.o
 .text.MX_GPIO_Init
                0x08004d38      0x208 ./Core/Src/main.o
 .text.Error_Handler
                0x08004f40        0xc ./Core/Src/main.o
                0x08004f40                Error_Handler
 .text.HAL_MspInit
                0x08004f4c       0x50 ./Core/Src/stm32f4xx_hal_msp.o
                0x08004f4c                HAL_MspInit
 .text.HAL_ETH_MspInit
                0x08004f9c      0x18c ./Core/Src/stm32f4xx_hal_msp.o
                0x08004f9c                HAL_ETH_MspInit
 .text.HAL_I2S_MspInit
                0x08005128      0x168 ./Core/Src/stm32f4xx_hal_msp.o
                0x08005128                HAL_I2S_MspInit
 .text.HAL_SPI_MspInit
                0x08005290       0xd0 ./Core/Src/stm32f4xx_hal_msp.o
                0x08005290                HAL_SPI_MspInit
 .text.HAL_TIM_Base_MspInit
                0x08005360       0x4c ./Core/Src/stm32f4xx_hal_msp.o
                0x08005360                HAL_TIM_Base_MspInit
 .text.HAL_UART_MspInit
                0x080053ac       0x90 ./Core/Src/stm32f4xx_hal_msp.o
                0x080053ac                HAL_UART_MspInit
 .text.HAL_PCD_MspInit
                0x0800543c       0xb4 ./Core/Src/stm32f4xx_hal_msp.o
                0x0800543c                HAL_PCD_MspInit
 .text.NMI_Handler
                0x080054f0        0x8 ./Core/Src/stm32f4xx_it.o
                0x080054f0                NMI_Handler
 .text.HardFault_Handler
                0x080054f8        0x8 ./Core/Src/stm32f4xx_it.o
                0x080054f8                HardFault_Handler
 .text.MemManage_Handler
                0x08005500        0x8 ./Core/Src/stm32f4xx_it.o
                0x08005500                MemManage_Handler
 .text.BusFault_Handler
                0x08005508        0x8 ./Core/Src/stm32f4xx_it.o
                0x08005508                BusFault_Handler
 .text.UsageFault_Handler
                0x08005510        0x8 ./Core/Src/stm32f4xx_it.o
                0x08005510                UsageFault_Handler
 .text.SVC_Handler
                0x08005518        0xe ./Core/Src/stm32f4xx_it.o
                0x08005518                SVC_Handler
 .text.DebugMon_Handler
                0x08005526        0xe ./Core/Src/stm32f4xx_it.o
                0x08005526                DebugMon_Handler
 .text.PendSV_Handler
                0x08005534        0xe ./Core/Src/stm32f4xx_it.o
                0x08005534                PendSV_Handler
 .text.SysTick_Handler
                0x08005542        0xc ./Core/Src/stm32f4xx_it.o
                0x08005542                SysTick_Handler
 *fill*         0x0800554e        0x2 
 .text.DMA1_Stream3_IRQHandler
                0x08005550       0x14 ./Core/Src/stm32f4xx_it.o
                0x08005550                DMA1_Stream3_IRQHandler
 .text.TIM2_IRQHandler
                0x08005564       0x14 ./Core/Src/stm32f4xx_it.o
                0x08005564                TIM2_IRQHandler
 .text._getpid  0x08005578       0x10 ./Core/Src/syscalls.o
                0x08005578                _getpid
 .text._kill    0x08005588       0x20 ./Core/Src/syscalls.o
                0x08005588                _kill
 .text._exit    0x080055a8       0x16 ./Core/Src/syscalls.o
                0x080055a8                _exit
 .text._read    0x080055be       0x3a ./Core/Src/syscalls.o
                0x080055be                _read
 .text._write   0x080055f8       0x38 ./Core/Src/syscalls.o
                0x080055f8                _write
 .text._close   0x08005630       0x18 ./Core/Src/syscalls.o
                0x08005630                _close
 .text._fstat   0x08005648       0x20 ./Core/Src/syscalls.o
                0x08005648                _fstat
 .text._isatty  0x08005668       0x16 ./Core/Src/syscalls.o
                0x08005668                _isatty
 .text._lseek   0x0800567e       0x1a ./Core/Src/syscalls.o
                0x0800567e                _lseek
 .text._sbrk    0x08005698       0x6c ./Core/Src/sysmem.o
                0x08005698                _sbrk
 .text.SystemInit
                0x08005704       0x24 ./Core/Src/system_stm32f4xx.o
                0x08005704                SystemInit
 .text.Reset_Handler
                0x08005728       0x50 ./Core/Startup/startup_stm32f429zitx.o
                0x08005728                Reset_Handler
 .text.Default_Handler
                0x08005778        0x2 ./Core/Startup/startup_stm32f429zitx.o
                0x08005778                RTC_Alarm_IRQHandler
                0x08005778                HASH_RNG_IRQHandler
                0x08005778                EXTI2_IRQHandler
                0x08005778                TIM8_CC_IRQHandler
                0x08005778                UART8_IRQHandler
                0x08005778                SPI4_IRQHandler
                0x08005778                TIM1_CC_IRQHandler
                0x08005778                DMA2_Stream5_IRQHandler
                0x08005778                DMA1_Stream5_IRQHandler
                0x08005778                PVD_IRQHandler
                0x08005778                SDIO_IRQHandler
                0x08005778                TAMP_STAMP_IRQHandler
                0x08005778                CAN2_RX1_IRQHandler
                0x08005778                EXTI3_IRQHandler
                0x08005778                TIM8_TRG_COM_TIM14_IRQHandler
                0x08005778                TIM1_UP_TIM10_IRQHandler
                0x08005778                TIM8_UP_TIM13_IRQHandler
                0x08005778                I2C3_ER_IRQHandler
                0x08005778                EXTI0_IRQHandler
                0x08005778                I2C2_EV_IRQHandler
                0x08005778                DMA1_Stream2_IRQHandler
                0x08005778                CAN1_RX0_IRQHandler
                0x08005778                FPU_IRQHandler
                0x08005778                OTG_HS_WKUP_IRQHandler
                0x08005778                LTDC_ER_IRQHandler
                0x08005778                CAN2_SCE_IRQHandler
                0x08005778                DMA2_Stream2_IRQHandler
                0x08005778                SPI1_IRQHandler
                0x08005778                TIM6_DAC_IRQHandler
                0x08005778                TIM1_BRK_TIM9_IRQHandler
                0x08005778                DCMI_IRQHandler
                0x08005778                CAN2_RX0_IRQHandler
                0x08005778                DMA2_Stream3_IRQHandler
                0x08005778                USART6_IRQHandler
                0x08005778                USART3_IRQHandler
                0x08005778                CAN1_RX1_IRQHandler
                0x08005778                UART5_IRQHandler
                0x08005778                DMA2_Stream0_IRQHandler
                0x08005778                TIM4_IRQHandler
                0x08005778                I2C1_EV_IRQHandler
                0x08005778                DMA1_Stream6_IRQHandler
                0x08005778                DMA1_Stream1_IRQHandler
                0x08005778                UART4_IRQHandler
                0x08005778                TIM3_IRQHandler
                0x08005778                RCC_IRQHandler
                0x08005778                TIM8_BRK_TIM12_IRQHandler
                0x08005778                Default_Handler
                0x08005778                EXTI15_10_IRQHandler
                0x08005778                ADC_IRQHandler
                0x08005778                DMA1_Stream7_IRQHandler
                0x08005778                SPI5_IRQHandler
                0x08005778                TIM7_IRQHandler
                0x08005778                CAN2_TX_IRQHandler
                0x08005778                TIM5_IRQHandler
                0x08005778                DMA2_Stream7_IRQHandler
                0x08005778                I2C3_EV_IRQHandler
                0x08005778                EXTI9_5_IRQHandler
                0x08005778                RTC_WKUP_IRQHandler
                0x08005778                LTDC_IRQHandler
                0x08005778                ETH_WKUP_IRQHandler
                0x08005778                SPI2_IRQHandler
                0x08005778                OTG_HS_EP1_IN_IRQHandler
                0x08005778                DMA1_Stream0_IRQHandler
                0x08005778                CAN1_TX_IRQHandler
                0x08005778                EXTI4_IRQHandler
                0x08005778                ETH_IRQHandler
                0x08005778                OTG_HS_EP1_OUT_IRQHandler
                0x08005778                WWDG_IRQHandler
                0x08005778                SPI6_IRQHandler
                0x08005778                OTG_FS_WKUP_IRQHandler
                0x08005778                TIM1_TRG_COM_TIM11_IRQHandler
                0x08005778                OTG_HS_IRQHandler
                0x08005778                DMA2D_IRQHandler
                0x08005778                EXTI1_IRQHandler
                0x08005778                UART7_IRQHandler
                0x08005778                USART2_IRQHandler
                0x08005778                I2C2_ER_IRQHandler
                0x08005778                DMA2_Stream1_IRQHandler
                0x08005778                CAN1_SCE_IRQHandler
                0x08005778                FLASH_IRQHandler
                0x08005778                DMA2_Stream4_IRQHandler
                0x08005778                USART1_IRQHandler
                0x08005778                OTG_FS_IRQHandler
                0x08005778                SPI3_IRQHandler
                0x08005778                DMA1_Stream4_IRQHandler
                0x08005778                I2C1_ER_IRQHandler
                0x08005778                FMC_IRQHandler
                0x08005778                DMA2_Stream6_IRQHandler
                0x08005778                SAI1_IRQHandler
 *fill*         0x0800577a        0x2 
 .text.HAL_Init
                0x0800577c       0x44 ./Drivers/STM32F4xx_HAL_Driver/Src/stm32f4xx_hal.o
                0x0800577c                HAL_Init
 .text.HAL_InitTick
                0x080057c0       0x60 ./Drivers/STM32F4xx_HAL_Driver/Src/stm32f4xx_hal.o
                0x080057c0                HAL_InitTick
 .text.HAL_IncTick
                0x08005820       0x28 ./Drivers/STM32F4xx_HAL_Driver/Src/stm32f4xx_hal.o
                0x08005820                HAL_IncTick
 .text.HAL_GetTick
                0x08005848       0x18 ./Drivers/STM32F4xx_HAL_Driver/Src/stm32f4xx_hal.o
                0x08005848                HAL_GetTick
 .text.HAL_Delay
                0x08005860       0x48 ./Drivers/STM32F4xx_HAL_Driver/Src/stm32f4xx_hal.o
                0x08005860                HAL_Delay
 .text.__NVIC_SetPriorityGrouping
                0x080058a8       0x48 ./Drivers/STM32F4xx_HAL_Driver/Src/stm32f4xx_hal_cortex.o
 .text.__NVIC_GetPriorityGrouping
                0x080058f0       0x1c ./Drivers/STM32F4xx_HAL_Driver/Src/stm32f4xx_hal_cortex.o
 .text.__NVIC_EnableIRQ
                0x0800590c       0x3c ./Drivers/STM32F4xx_HAL_Driver/Src/stm32f4xx_hal_cortex.o
 .text.__NVIC_SetPriority
                0x08005948       0x54 ./Drivers/STM32F4xx_HAL_Driver/Src/stm32f4xx_hal_cortex.o
 .text.NVIC_EncodePriority
                0x0800599c       0x66 ./Drivers/STM32F4xx_HAL_Driver/Src/stm32f4xx_hal_cortex.o
 *fill*         0x08005a02        0x2 
 .text.SysTick_Config
                0x08005a04       0x44 ./Drivers/STM32F4xx_HAL_Driver/Src/stm32f4xx_hal_cortex.o
 .text.HAL_NVIC_SetPriorityGrouping
                0x08005a48       0x16 ./Drivers/STM32F4xx_HAL_Driver/Src/stm32f4xx_hal_cortex.o
                0x08005a48                HAL_NVIC_SetPriorityGrouping
 .text.HAL_NVIC_SetPriority
                0x08005a5e       0x38 ./Drivers/STM32F4xx_HAL_Driver/Src/stm32f4xx_hal_cortex.o
                0x08005a5e                HAL_NVIC_SetPriority
 .text.HAL_NVIC_EnableIRQ
                0x08005a96       0x1c ./Drivers/STM32F4xx_HAL_Driver/Src/stm32f4xx_hal_cortex.o
                0x08005a96                HAL_NVIC_EnableIRQ
 .text.HAL_SYSTICK_Config
                0x08005ab2       0x18 ./Drivers/STM32F4xx_HAL_Driver/Src/stm32f4xx_hal_cortex.o
                0x08005ab2                HAL_SYSTICK_Config
 *fill*         0x08005aca        0x2 
 .text.HAL_DMA_Init
                0x08005acc      0x15c ./Drivers/STM32F4xx_HAL_Driver/Src/stm32f4xx_hal_dma.o
                0x08005acc                HAL_DMA_Init
 .text.HAL_DMA_Start_IT
                0x08005c28       0xb0 ./Drivers/STM32F4xx_HAL_Driver/Src/stm32f4xx_hal_dma.o
                0x08005c28                HAL_DMA_Start_IT
 .text.HAL_DMA_IRQHandler
                0x08005cd8      0x314 ./Drivers/STM32F4xx_HAL_Driver/Src/stm32f4xx_hal_dma.o
                0x08005cd8                HAL_DMA_IRQHandler
 .text.DMA_SetConfig
                0x08005fec       0x5c ./Drivers/STM32F4xx_HAL_Driver/Src/stm32f4xx_hal_dma.o
 .text.DMA_CalcBaseAndBitshift
                0x08006048       0x6c ./Drivers/STM32F4xx_HAL_Driver/Src/stm32f4xx_hal_dma.o
 .text.DMA_CheckFifoParam
                0x080060b4       0xf8 ./Drivers/STM32F4xx_HAL_Driver/Src/stm32f4xx_hal_dma.o
 .text.HAL_ETH_Init
                0x080061ac      0x138 ./Drivers/STM32F4xx_HAL_Driver/Src/stm32f4xx_hal_eth.o
                0x080061ac                HAL_ETH_Init
 .text.ETH_SetMACConfig
                0x080062e4      0x168 ./Drivers/STM32F4xx_HAL_Driver/Src/stm32f4xx_hal_eth.o
 .text.ETH_SetDMAConfig
                0x0800644c      0x114 ./Drivers/STM32F4xx_HAL_Driver/Src/stm32f4xx_hal_eth.o
 .text.ETH_MACDMAConfig
                0x08006560       0xea ./Drivers/STM32F4xx_HAL_Driver/Src/stm32f4xx_hal_eth.o
 *fill*         0x0800664a        0x2 
 .text.ETH_MACAddressConfig
                0x0800664c       0x70 ./Drivers/STM32F4xx_HAL_Driver/Src/stm32f4xx_hal_eth.o
 .text.ETH_DMATxDescListInit
                0x080066bc       0xb2 ./Drivers/STM32F4xx_HAL_Driver/Src/stm32f4xx_hal_eth.o
 .text.ETH_DMARxDescListInit
                0x0800676e       0xde ./Drivers/STM32F4xx_HAL_Driver/Src/stm32f4xx_hal_eth.o
 .text.HAL_GPIO_Init
                0x0800684c      0x358 ./Drivers/STM32F4xx_HAL_Driver/Src/stm32f4xx_hal_gpio.o
                0x0800684c                HAL_GPIO_Init
 .text.HAL_GPIO_WritePin
                0x08006ba4       0x32 ./Drivers/STM32F4xx_HAL_Driver/Src/stm32f4xx_hal_gpio.o
                0x08006ba4                HAL_GPIO_WritePin
 *fill*         0x08006bd6        0x2 
 .text.HAL_I2S_Init
                0x08006bd8      0x280 ./Drivers/STM32F4xx_HAL_Driver/Src/stm32f4xx_hal_i2s.o
                0x08006bd8                HAL_I2S_Init
 .text.HAL_I2S_Receive_DMA
                0x08006e58      0x170 ./Drivers/STM32F4xx_HAL_Driver/Src/stm32f4xx_hal_i2s.o
                0x08006e58                HAL_I2S_Receive_DMA
 .text.HAL_I2S_TxCpltCallback
                0x08006fc8       0x14 ./Drivers/STM32F4xx_HAL_Driver/Src/stm32f4xx_hal_i2s.o
                0x08006fc8                HAL_I2S_TxCpltCallback
 .text.HAL_I2S_ErrorCallback
                0x08006fdc       0x14 ./Drivers/STM32F4xx_HAL_Driver/Src/stm32f4xx_hal_i2s.o
                0x08006fdc                HAL_I2S_ErrorCallback
 .text.I2S_DMARxCplt
                0x08006ff0       0x42 ./Drivers/STM32F4xx_HAL_Driver/Src/stm32f4xx_hal_i2s.o
 .text.I2S_DMARxHalfCplt
                0x08007032       0x1c ./Drivers/STM32F4xx_HAL_Driver/Src/stm32f4xx_hal_i2s.o
 .text.I2S_DMAError
                0x0800704e       0x4c ./Drivers/STM32F4xx_HAL_Driver/Src/stm32f4xx_hal_i2s.o
 .text.I2S_Transmit_IT
                0x0800709a       0x5c ./Drivers/STM32F4xx_HAL_Driver/Src/stm32f4xx_hal_i2s.o
 .text.I2S_Receive_IT
                0x080070f6       0x5e ./Drivers/STM32F4xx_HAL_Driver/Src/stm32f4xx_hal_i2s.o
 .text.I2S_IRQHandler
                0x08007154      0x114 ./Drivers/STM32F4xx_HAL_Driver/Src/stm32f4xx_hal_i2s.o
 .text.HAL_I2SEx_FullDuplex_IRQHandler
                0x08007268      0x2a8 ./Drivers/STM32F4xx_HAL_Driver/Src/stm32f4xx_hal_i2s_ex.o
                0x08007268                HAL_I2SEx_FullDuplex_IRQHandler
 .text.HAL_I2SEx_TxRxCpltCallback
                0x08007510       0x14 ./Drivers/STM32F4xx_HAL_Driver/Src/stm32f4xx_hal_i2s_ex.o
                0x08007510                HAL_I2SEx_TxRxCpltCallback
 .text.I2SEx_TxISR_I2S
                0x08007524       0x62 ./Drivers/STM32F4xx_HAL_Driver/Src/stm32f4xx_hal_i2s_ex.o
 *fill*         0x08007586        0x2 
 .text.I2SEx_TxISR_I2SExt
                0x08007588       0x98 ./Drivers/STM32F4xx_HAL_Driver/Src/stm32f4xx_hal_i2s_ex.o
 .text.I2SEx_RxISR_I2S
                0x08007620       0x64 ./Drivers/STM32F4xx_HAL_Driver/Src/stm32f4xx_hal_i2s_ex.o
 .text.I2SEx_RxISR_I2SExt
                0x08007684       0x98 ./Drivers/STM32F4xx_HAL_Driver/Src/stm32f4xx_hal_i2s_ex.o
 .text.HAL_PCD_Init
                0x0800771c      0x21e ./Drivers/STM32F4xx_HAL_Driver/Src/stm32f4xx_hal_pcd.o
                0x0800771c                HAL_PCD_Init
 *fill*         0x0800793a        0x2 
 .text.HAL_RCC_OscConfig
                0x0800793c      0x4f0 ./Drivers/STM32F4xx_HAL_Driver/Src/stm32f4xx_hal_rcc.o
                0x0800793c                HAL_RCC_OscConfig
 .text.HAL_RCC_ClockConfig
                0x08007e2c      0x1cc ./Drivers/STM32F4xx_HAL_Driver/Src/stm32f4xx_hal_rcc.o
                0x08007e2c                HAL_RCC_ClockConfig
 .text.HAL_RCC_GetSysClockFreq
                0x08007ff8      0x20c ./Drivers/STM32F4xx_HAL_Driver/Src/stm32f4xx_hal_rcc.o
                0x08007ff8                HAL_RCC_GetSysClockFreq
 .text.HAL_RCC_GetHCLKFreq
                0x08008204       0x18 ./Drivers/STM32F4xx_HAL_Driver/Src/stm32f4xx_hal_rcc.o
                0x08008204                HAL_RCC_GetHCLKFreq
 .text.HAL_RCC_GetPCLK1Freq
                0x0800821c       0x28 ./Drivers/STM32F4xx_HAL_Driver/Src/stm32f4xx_hal_rcc.o
                0x0800821c                HAL_RCC_GetPCLK1Freq
 .text.HAL_RCC_GetPCLK2Freq
                0x08008244       0x28 ./Drivers/STM32F4xx_HAL_Driver/Src/stm32f4xx_hal_rcc.o
                0x08008244                HAL_RCC_GetPCLK2Freq
 .text.HAL_RCCEx_PeriphCLKConfig
                0x0800826c      0x380 ./Drivers/STM32F4xx_HAL_Driver/Src/stm32f4xx_hal_rcc_ex.o
                0x0800826c                HAL_RCCEx_PeriphCLKConfig
 .text.HAL_RCCEx_GetPeriphCLKFreq
                0x080085ec       0xc0 ./Drivers/STM32F4xx_HAL_Driver/Src/stm32f4xx_hal_rcc_ex.o
                0x080085ec                HAL_RCCEx_GetPeriphCLKFreq
 .text.HAL_SPI_Init
                0x080086ac      0x112 ./Drivers/STM32F4xx_HAL_Driver/Src/stm32f4xx_hal_spi.o
                0x080086ac                HAL_SPI_Init
 .text.HAL_SPI_Transmit
                0x080087be      0x288 ./Drivers/STM32F4xx_HAL_Driver/Src/stm32f4xx_hal_spi.o
                0x080087be                HAL_SPI_Transmit
 *fill*         0x08008a46        0x2 
 .text.SPI_WaitFlagStateUntilTimeout
                0x08008a48      0x110 ./Drivers/STM32F4xx_HAL_Driver/Src/stm32f4xx_hal_spi.o
 .text.SPI_EndRxTxTransaction
                0x08008b58       0xa8 ./Drivers/STM32F4xx_HAL_Driver/Src/stm32f4xx_hal_spi.o
 .text.HAL_TIM_Base_Init
                0x08008c00       0x9e ./Drivers/STM32F4xx_HAL_Driver/Src/stm32f4xx_hal_tim.o
                0x08008c00                HAL_TIM_Base_Init
 *fill*         0x08008c9e        0x2 
 .text.HAL_TIM_Base_Start_IT
                0x08008ca0       0xe0 ./Drivers/STM32F4xx_HAL_Driver/Src/stm32f4xx_hal_tim.o
                0x08008ca0                HAL_TIM_Base_Start_IT
 .text.HAL_TIM_IRQHandler
                0x08008d80      0x1e0 ./Drivers/STM32F4xx_HAL_Driver/Src/stm32f4xx_hal_tim.o
                0x08008d80                HAL_TIM_IRQHandler
 .text.HAL_TIM_ConfigClockSource
                0x08008f60      0x18e ./Drivers/STM32F4xx_HAL_Driver/Src/stm32f4xx_hal_tim.o
                0x08008f60                HAL_TIM_ConfigClockSource
 .text.HAL_TIM_OC_DelayElapsedCallback
                0x080090ee       0x14 ./Drivers/STM32F4xx_HAL_Driver/Src/stm32f4xx_hal_tim.o
                0x080090ee                HAL_TIM_OC_DelayElapsedCallback
 .text.HAL_TIM_IC_CaptureCallback
                0x08009102       0x14 ./Drivers/STM32F4xx_HAL_Driver/Src/stm32f4xx_hal_tim.o
                0x08009102                HAL_TIM_IC_CaptureCallback
 .text.HAL_TIM_PWM_PulseFinishedCallback
                0x08009116       0x14 ./Drivers/STM32F4xx_HAL_Driver/Src/stm32f4xx_hal_tim.o
                0x08009116                HAL_TIM_PWM_PulseFinishedCallback
 .text.HAL_TIM_TriggerCallback
                0x0800912a       0x14 ./Drivers/STM32F4xx_HAL_Driver/Src/stm32f4xx_hal_tim.o
                0x0800912a                HAL_TIM_TriggerCallback
 *fill*         0x0800913e        0x2 
 .text.TIM_Base_SetConfig
                0x08009140      0x158 ./Drivers/STM32F4xx_HAL_Driver/Src/stm32f4xx_hal_tim.o
                0x08009140                TIM_Base_SetConfig
 .text.TIM_TI1_ConfigInputStage
                0x08009298       0x5e ./Drivers/STM32F4xx_HAL_Driver/Src/stm32f4xx_hal_tim.o
 .text.TIM_TI2_ConfigInputStage
                0x080092f6       0x60 ./Drivers/STM32F4xx_HAL_Driver/Src/stm32f4xx_hal_tim.o
 .text.TIM_ITRx_SetConfig
                0x08009356       0x36 ./Drivers/STM32F4xx_HAL_Driver/Src/stm32f4xx_hal_tim.o
 .text.TIM_ETR_SetConfig
                0x0800938c       0x40 ./Drivers/STM32F4xx_HAL_Driver/Src/stm32f4xx_hal_tim.o
                0x0800938c                TIM_ETR_SetConfig
 .text.HAL_TIMEx_MasterConfigSynchronization
                0x080093cc       0xf8 ./Drivers/STM32F4xx_HAL_Driver/Src/stm32f4xx_hal_tim_ex.o
                0x080093cc                HAL_TIMEx_MasterConfigSynchronization
 .text.HAL_TIMEx_CommutCallback
                0x080094c4       0x14 ./Drivers/STM32F4xx_HAL_Driver/Src/stm32f4xx_hal_tim_ex.o
                0x080094c4                HAL_TIMEx_CommutCallback
 .text.HAL_TIMEx_BreakCallback
                0x080094d8       0x14 ./Drivers/STM32F4xx_HAL_Driver/Src/stm32f4xx_hal_tim_ex.o
                0x080094d8                HAL_TIMEx_BreakCallback
 .text.HAL_UART_Init
                0x080094ec       0xa0 ./Drivers/STM32F4xx_HAL_Driver/Src/stm32f4xx_hal_uart.o
                0x080094ec                HAL_UART_Init
 .text.HAL_UART_Transmit
                0x0800958c      0x116 ./Drivers/STM32F4xx_HAL_Driver/Src/stm32f4xx_hal_uart.o
                0x0800958c                HAL_UART_Transmit
 .text.UART_WaitOnFlagUntilTimeout
                0x080096a2       0xb2 ./Drivers/STM32F4xx_HAL_Driver/Src/stm32f4xx_hal_uart.o
 .text.UART_EndRxTransfer
                0x08009754       0xc6 ./Drivers/STM32F4xx_HAL_Driver/Src/stm32f4xx_hal_uart.o
 *fill*         0x0800981a        0x2 
 .text.UART_SetConfig
                0x0800981c      0x4e8 ./Drivers/STM32F4xx_HAL_Driver/Src/stm32f4xx_hal_uart.o
 .text.USB_CoreInit
                0x08009d04       0xc8 ./Drivers/STM32F4xx_HAL_Driver/Src/stm32f4xx_ll_usb.o
                0x08009d04                USB_CoreInit
 .text.USB_DisableGlobalInt
                0x08009dcc       0x22 ./Drivers/STM32F4xx_HAL_Driver/Src/stm32f4xx_ll_usb.o
                0x08009dcc                USB_DisableGlobalInt
 .text.USB_SetCurrentMode
                0x08009dee       0x98 ./Drivers/STM32F4xx_HAL_Driver/Src/stm32f4xx_ll_usb.o
                0x08009dee                USB_SetCurrentMode
 *fill*         0x08009e86        0x2 
 .text.USB_DevInit
                0x08009e88      0x2c8 ./Drivers/STM32F4xx_HAL_Driver/Src/stm32f4xx_ll_usb.o
                0x08009e88                USB_DevInit
 .text.USB_FlushTxFifo
                0x0800a150       0x64 ./Drivers/STM32F4xx_HAL_Driver/Src/stm32f4xx_ll_usb.o
                0x0800a150                USB_FlushTxFifo
 .text.USB_FlushRxFifo
                0x0800a1b4       0x5c ./Drivers/STM32F4xx_HAL_Driver/Src/stm32f4xx_ll_usb.o
                0x0800a1b4                USB_FlushRxFifo
 .text.USB_SetDevSpeed
                0x0800a210       0x32 ./Drivers/STM32F4xx_HAL_Driver/Src/stm32f4xx_ll_usb.o
                0x0800a210                USB_SetDevSpeed
 .text.USB_DevDisconnect
                0x0800a242       0x42 ./Drivers/STM32F4xx_HAL_Driver/Src/stm32f4xx_ll_usb.o
                0x0800a242                USB_DevDisconnect
 .text.USB_GetMode
                0x0800a284       0x1c ./Drivers/STM32F4xx_HAL_Driver/Src/stm32f4xx_ll_usb.o
                0x0800a284                USB_GetMode
 .text.USB_CoreReset
                0x0800a2a0       0x62 ./Drivers/STM32F4xx_HAL_Driver/Src/stm32f4xx_ll_usb.o
 *fill*         0x0800a302        0x2 
 .text.malloc   0x0800a304       0x10 C:/ST/STM32CubeIDE_1.16.1/STM32CubeIDE/plugins/com.st.stm32cube.ide.mcu.externaltools.gnu-tools-for-stm32.12.3.rel1.win32_1.1.0.202410251130/tools/bin/../lib/gcc/arm-none-eabi/12.3.1/../../../../arm-none-eabi/lib/thumb/v7e-m+fp/hard\libc_nano.a(libc_a-malloc.o)
                0x0800a304                malloc
 .text.free     0x0800a314       0x10 C:/ST/STM32CubeIDE_1.16.1/STM32CubeIDE/plugins/com.st.stm32cube.ide.mcu.externaltools.gnu-tools-for-stm32.12.3.rel1.win32_1.1.0.202410251130/tools/bin/../lib/gcc/arm-none-eabi/12.3.1/../../../../arm-none-eabi/lib/thumb/v7e-m+fp/hard\libc_nano.a(libc_a-malloc.o)
                0x0800a314                free
 .text.sbrk_aligned
                0x0800a324       0x44 C:/ST/STM32CubeIDE_1.16.1/STM32CubeIDE/plugins/com.st.stm32cube.ide.mcu.externaltools.gnu-tools-for-stm32.12.3.rel1.win32_1.1.0.202410251130/tools/bin/../lib/gcc/arm-none-eabi/12.3.1/../../../../arm-none-eabi/lib/thumb/v7e-m+fp/hard\libc_nano.a(libc_a-mallocr.o)
 .text._malloc_r
                0x0800a368      0x100 C:/ST/STM32CubeIDE_1.16.1/STM32CubeIDE/plugins/com.st.stm32cube.ide.mcu.externaltools.gnu-tools-for-stm32.12.3.rel1.win32_1.1.0.202410251130/tools/bin/../lib/gcc/arm-none-eabi/12.3.1/../../../../arm-none-eabi/lib/thumb/v7e-m+fp/hard\libc_nano.a(libc_a-mallocr.o)
                0x0800a368                _malloc_r
 .text.__malloc_lock
                0x0800a468        0xc C:/ST/STM32CubeIDE_1.16.1/STM32CubeIDE/plugins/com.st.stm32cube.ide.mcu.externaltools.gnu-tools-for-stm32.12.3.rel1.win32_1.1.0.202410251130/tools/bin/../lib/gcc/arm-none-eabi/12.3.1/../../../../arm-none-eabi/lib/thumb/v7e-m+fp/hard\libc_nano.a(libc_a-mlock.o)
                0x0800a468                __malloc_lock
 .text.__malloc_unlock
                0x0800a474        0xc C:/ST/STM32CubeIDE_1.16.1/STM32CubeIDE/plugins/com.st.stm32cube.ide.mcu.externaltools.gnu-tools-for-stm32.12.3.rel1.win32_1.1.0.202410251130/tools/bin/../lib/gcc/arm-none-eabi/12.3.1/../../../../arm-none-eabi/lib/thumb/v7e-m+fp/hard\libc_nano.a(libc_a-mlock.o)
                0x0800a474                __malloc_unlock
 .text.__cvt    0x0800a480       0xca C:/ST/STM32CubeIDE_1.16.1/STM32CubeIDE/plugins/com.st.stm32cube.ide.mcu.externaltools.gnu-tools-for-stm32.12.3.rel1.win32_1.1.0.202410251130/tools/bin/../lib/gcc/arm-none-eabi/12.3.1/../../../../arm-none-eabi/lib/thumb/v7e-m+fp/hard\libc_nano.a(libc_a-nano-vfprintf_float.o)
                0x0800a480                __cvt
 .text.__exponent
                0x0800a54a       0x74 C:/ST/STM32CubeIDE_1.16.1/STM32CubeIDE/plugins/com.st.stm32cube.ide.mcu.externaltools.gnu-tools-for-stm32.12.3.rel1.win32_1.1.0.202410251130/tools/bin/../lib/gcc/arm-none-eabi/12.3.1/../../../../arm-none-eabi/lib/thumb/v7e-m+fp/hard\libc_nano.a(libc_a-nano-vfprintf_float.o)
                0x0800a54a                __exponent
 *fill*         0x0800a5be        0x2 
 .text._printf_float
                0x0800a5c0      0x454 C:/ST/STM32CubeIDE_1.16.1/STM32CubeIDE/plugins/com.st.stm32cube.ide.mcu.externaltools.gnu-tools-for-stm32.12.3.rel1.win32_1.1.0.202410251130/tools/bin/../lib/gcc/arm-none-eabi/12.3.1/../../../../arm-none-eabi/lib/thumb/v7e-m+fp/hard\libc_nano.a(libc_a-nano-vfprintf_float.o)
                0x0800a5c0                _printf_float
 .text._printf_common
                0x0800aa14       0xda C:/ST/STM32CubeIDE_1.16.1/STM32CubeIDE/plugins/com.st.stm32cube.ide.mcu.externaltools.gnu-tools-for-stm32.12.3.rel1.win32_1.1.0.202410251130/tools/bin/../lib/gcc/arm-none-eabi/12.3.1/../../../../arm-none-eabi/lib/thumb/v7e-m+fp/hard\libc_nano.a(libc_a-nano-vfprintf_i.o)
                0x0800aa14                _printf_common
 *fill*         0x0800aaee        0x2 
 .text._printf_i
                0x0800aaf0      0x240 C:/ST/STM32CubeIDE_1.16.1/STM32CubeIDE/plugins/com.st.stm32cube.ide.mcu.externaltools.gnu-tools-for-stm32.12.3.rel1.win32_1.1.0.202410251130/tools/bin/../lib/gcc/arm-none-eabi/12.3.1/../../../../arm-none-eabi/lib/thumb/v7e-m+fp/hard\libc_nano.a(libc_a-nano-vfprintf_i.o)
                0x0800aaf0                _printf_i
 .text.std      0x0800ad30       0x6c C:/ST/STM32CubeIDE_1.16.1/STM32CubeIDE/plugins/com.st.stm32cube.ide.mcu.externaltools.gnu-tools-for-stm32.12.3.rel1.win32_1.1.0.202410251130/tools/bin/../lib/gcc/arm-none-eabi/12.3.1/../../../../arm-none-eabi/lib/thumb/v7e-m+fp/hard\libc_nano.a(libc_a-findfp.o)
 .text.stdio_exit_handler
                0x0800ad9c       0x18 C:/ST/STM32CubeIDE_1.16.1/STM32CubeIDE/plugins/com.st.stm32cube.ide.mcu.externaltools.gnu-tools-for-stm32.12.3.rel1.win32_1.1.0.202410251130/tools/bin/../lib/gcc/arm-none-eabi/12.3.1/../../../../arm-none-eabi/lib/thumb/v7e-m+fp/hard\libc_nano.a(libc_a-findfp.o)
 .text.cleanup_stdio
                0x0800adb4       0x40 C:/ST/STM32CubeIDE_1.16.1/STM32CubeIDE/plugins/com.st.stm32cube.ide.mcu.externaltools.gnu-tools-for-stm32.12.3.rel1.win32_1.1.0.202410251130/tools/bin/../lib/gcc/arm-none-eabi/12.3.1/../../../../arm-none-eabi/lib/thumb/v7e-m+fp/hard\libc_nano.a(libc_a-findfp.o)
 .text.global_stdio_init.part.0
                0x0800adf4       0x3c C:/ST/STM32CubeIDE_1.16.1/STM32CubeIDE/plugins/com.st.stm32cube.ide.mcu.externaltools.gnu-tools-for-stm32.12.3.rel1.win32_1.1.0.202410251130/tools/bin/../lib/gcc/arm-none-eabi/12.3.1/../../../../arm-none-eabi/lib/thumb/v7e-m+fp/hard\libc_nano.a(libc_a-findfp.o)
 .text.__sfp_lock_acquire
                0x0800ae30        0xc C:/ST/STM32CubeIDE_1.16.1/STM32CubeIDE/plugins/com.st.stm32cube.ide.mcu.externaltools.gnu-tools-for-stm32.12.3.rel1.win32_1.1.0.202410251130/tools/bin/../lib/gcc/arm-none-eabi/12.3.1/../../../../arm-none-eabi/lib/thumb/v7e-m+fp/hard\libc_nano.a(libc_a-findfp.o)
                0x0800ae30                __sfp_lock_acquire
 .text.__sfp_lock_release
                0x0800ae3c        0xc C:/ST/STM32CubeIDE_1.16.1/STM32CubeIDE/plugins/com.st.stm32cube.ide.mcu.externaltools.gnu-tools-for-stm32.12.3.rel1.win32_1.1.0.202410251130/tools/bin/../lib/gcc/arm-none-eabi/12.3.1/../../../../arm-none-eabi/lib/thumb/v7e-m+fp/hard\libc_nano.a(libc_a-findfp.o)
                0x0800ae3c                __sfp_lock_release
 .text.__sinit  0x0800ae48       0x30 C:/ST/STM32CubeIDE_1.16.1/STM32CubeIDE/plugins/com.st.stm32cube.ide.mcu.externaltools.gnu-tools-for-stm32.12.3.rel1.win32_1.1.0.202410251130/tools/bin/../lib/gcc/arm-none-eabi/12.3.1/../../../../arm-none-eabi/lib/thumb/v7e-m+fp/hard\libc_nano.a(libc_a-findfp.o)
                0x0800ae48                __sinit
 .text._fwalk_sglue
                0x0800ae78       0x3c C:/ST/STM32CubeIDE_1.16.1/STM32CubeIDE/plugins/com.st.stm32cube.ide.mcu.externaltools.gnu-tools-for-stm32.12.3.rel1.win32_1.1.0.202410251130/tools/bin/../lib/gcc/arm-none-eabi/12.3.1/../../../../arm-none-eabi/lib/thumb/v7e-m+fp/hard\libc_nano.a(libc_a-fwalk.o)
                0x0800ae78                _fwalk_sglue
 .text._puts_r  0x0800aeb4       0xaa C:/ST/STM32CubeIDE_1.16.1/STM32CubeIDE/plugins/com.st.stm32cube.ide.mcu.externaltools.gnu-tools-for-stm32.12.3.rel1.win32_1.1.0.202410251130/tools/bin/../lib/gcc/arm-none-eabi/12.3.1/../../../../arm-none-eabi/lib/thumb/v7e-m+fp/hard\libc_nano.a(libc_a-puts.o)
                0x0800aeb4                _puts_r
 *fill*         0x0800af5e        0x2 
 .text.puts     0x0800af60       0x10 C:/ST/STM32CubeIDE_1.16.1/STM32CubeIDE/plugins/com.st.stm32cube.ide.mcu.externaltools.gnu-tools-for-stm32.12.3.rel1.win32_1.1.0.202410251130/tools/bin/../lib/gcc/arm-none-eabi/12.3.1/../../../../arm-none-eabi/lib/thumb/v7e-m+fp/hard\libc_nano.a(libc_a-puts.o)
                0x0800af60                puts
 .text.sprintf  0x0800af70       0x40 C:/ST/STM32CubeIDE_1.16.1/STM32CubeIDE/plugins/com.st.stm32cube.ide.mcu.externaltools.gnu-tools-for-stm32.12.3.rel1.win32_1.1.0.202410251130/tools/bin/../lib/gcc/arm-none-eabi/12.3.1/../../../../arm-none-eabi/lib/thumb/v7e-m+fp/hard\libc_nano.a(libc_a-sprintf.o)
                0x0800af70                siprintf
                0x0800af70                sprintf
 .text.__sread  0x0800afb0       0x22 C:/ST/STM32CubeIDE_1.16.1/STM32CubeIDE/plugins/com.st.stm32cube.ide.mcu.externaltools.gnu-tools-for-stm32.12.3.rel1.win32_1.1.0.202410251130/tools/bin/../lib/gcc/arm-none-eabi/12.3.1/../../../../arm-none-eabi/lib/thumb/v7e-m+fp/hard\libc_nano.a(libc_a-stdio.o)
                0x0800afb0                __sread
 .text.__swrite
                0x0800afd2       0x38 C:/ST/STM32CubeIDE_1.16.1/STM32CubeIDE/plugins/com.st.stm32cube.ide.mcu.externaltools.gnu-tools-for-stm32.12.3.rel1.win32_1.1.0.202410251130/tools/bin/../lib/gcc/arm-none-eabi/12.3.1/../../../../arm-none-eabi/lib/thumb/v7e-m+fp/hard\libc_nano.a(libc_a-stdio.o)
                0x0800afd2                __swrite
 .text.__sseek  0x0800b00a       0x24 C:/ST/STM32CubeIDE_1.16.1/STM32CubeIDE/plugins/com.st.stm32cube.ide.mcu.externaltools.gnu-tools-for-stm32.12.3.rel1.win32_1.1.0.202410251130/tools/bin/../lib/gcc/arm-none-eabi/12.3.1/../../../../arm-none-eabi/lib/thumb/v7e-m+fp/hard\libc_nano.a(libc_a-stdio.o)
                0x0800b00a                __sseek
 .text.__sclose
                0x0800b02e        0x8 C:/ST/STM32CubeIDE_1.16.1/STM32CubeIDE/plugins/com.st.stm32cube.ide.mcu.externaltools.gnu-tools-for-stm32.12.3.rel1.win32_1.1.0.202410251130/tools/bin/../lib/gcc/arm-none-eabi/12.3.1/../../../../arm-none-eabi/lib/thumb/v7e-m+fp/hard\libc_nano.a(libc_a-stdio.o)
                0x0800b02e                __sclose
 .text.__swbuf_r
                0x0800b036       0x7c C:/ST/STM32CubeIDE_1.16.1/STM32CubeIDE/plugins/com.st.stm32cube.ide.mcu.externaltools.gnu-tools-for-stm32.12.3.rel1.win32_1.1.0.202410251130/tools/bin/../lib/gcc/arm-none-eabi/12.3.1/../../../../arm-none-eabi/lib/thumb/v7e-m+fp/hard\libc_nano.a(libc_a-wbuf.o)
                0x0800b036                __swbuf_r
 *fill*         0x0800b0b2        0x2 
 .text.__swsetup_r
                0x0800b0b4       0xac C:/ST/STM32CubeIDE_1.16.1/STM32CubeIDE/plugins/com.st.stm32cube.ide.mcu.externaltools.gnu-tools-for-stm32.12.3.rel1.win32_1.1.0.202410251130/tools/bin/../lib/gcc/arm-none-eabi/12.3.1/../../../../arm-none-eabi/lib/thumb/v7e-m+fp/hard\libc_nano.a(libc_a-wsetup.o)
                0x0800b0b4                __swsetup_r
 .text.memset   0x0800b160       0x10 C:/ST/STM32CubeIDE_1.16.1/STM32CubeIDE/plugins/com.st.stm32cube.ide.mcu.externaltools.gnu-tools-for-stm32.12.3.rel1.win32_1.1.0.202410251130/tools/bin/../lib/gcc/arm-none-eabi/12.3.1/../../../../arm-none-eabi/lib/thumb/v7e-m+fp/hard\libc_nano.a(libc_a-memset.o)
                0x0800b160                memset
 .text._localeconv_r
                0x0800b170        0x8 C:/ST/STM32CubeIDE_1.16.1/STM32CubeIDE/plugins/com.st.stm32cube.ide.mcu.externaltools.gnu-tools-for-stm32.12.3.rel1.win32_1.1.0.202410251130/tools/bin/../lib/gcc/arm-none-eabi/12.3.1/../../../../arm-none-eabi/lib/thumb/v7e-m+fp/hard\libc_nano.a(libc_a-localeconv.o)
                0x0800b170                _localeconv_r
 .text._close_r
                0x0800b178       0x20 C:/ST/STM32CubeIDE_1.16.1/STM32CubeIDE/plugins/com.st.stm32cube.ide.mcu.externaltools.gnu-tools-for-stm32.12.3.rel1.win32_1.1.0.202410251130/tools/bin/../lib/gcc/arm-none-eabi/12.3.1/../../../../arm-none-eabi/lib/thumb/v7e-m+fp/hard\libc_nano.a(libc_a-closer.o)
                0x0800b178                _close_r
 .text._lseek_r
                0x0800b198       0x24 C:/ST/STM32CubeIDE_1.16.1/STM32CubeIDE/plugins/com.st.stm32cube.ide.mcu.externaltools.gnu-tools-for-stm32.12.3.rel1.win32_1.1.0.202410251130/tools/bin/../lib/gcc/arm-none-eabi/12.3.1/../../../../arm-none-eabi/lib/thumb/v7e-m+fp/hard\libc_nano.a(libc_a-lseekr.o)
                0x0800b198                _lseek_r
 .text._read_r  0x0800b1bc       0x24 C:/ST/STM32CubeIDE_1.16.1/STM32CubeIDE/plugins/com.st.stm32cube.ide.mcu.externaltools.gnu-tools-for-stm32.12.3.rel1.win32_1.1.0.202410251130/tools/bin/../lib/gcc/arm-none-eabi/12.3.1/../../../../arm-none-eabi/lib/thumb/v7e-m+fp/hard\libc_nano.a(libc_a-readr.o)
                0x0800b1bc                _read_r
 .text._sbrk_r  0x0800b1e0       0x20 C:/ST/STM32CubeIDE_1.16.1/STM32CubeIDE/plugins/com.st.stm32cube.ide.mcu.externaltools.gnu-tools-for-stm32.12.3.rel1.win32_1.1.0.202410251130/tools/bin/../lib/gcc/arm-none-eabi/12.3.1/../../../../arm-none-eabi/lib/thumb/v7e-m+fp/hard\libc_nano.a(libc_a-sbrkr.o)
                0x0800b1e0                _sbrk_r
 .text._write_r
                0x0800b200       0x24 C:/ST/STM32CubeIDE_1.16.1/STM32CubeIDE/plugins/com.st.stm32cube.ide.mcu.externaltools.gnu-tools-for-stm32.12.3.rel1.win32_1.1.0.202410251130/tools/bin/../lib/gcc/arm-none-eabi/12.3.1/../../../../arm-none-eabi/lib/thumb/v7e-m+fp/hard\libc_nano.a(libc_a-writer.o)
                0x0800b200                _write_r
 .text.__errno  0x0800b224        0xc C:/ST/STM32CubeIDE_1.16.1/STM32CubeIDE/plugins/com.st.stm32cube.ide.mcu.externaltools.gnu-tools-for-stm32.12.3.rel1.win32_1.1.0.202410251130/tools/bin/../lib/gcc/arm-none-eabi/12.3.1/../../../../arm-none-eabi/lib/thumb/v7e-m+fp/hard\libc_nano.a(libc_a-errno.o)
                0x0800b224                __errno
 .text.__libc_init_array
                0x0800b230       0x48 C:/ST/STM32CubeIDE_1.16.1/STM32CubeIDE/plugins/com.st.stm32cube.ide.mcu.externaltools.gnu-tools-for-stm32.12.3.rel1.win32_1.1.0.202410251130/tools/bin/../lib/gcc/arm-none-eabi/12.3.1/../../../../arm-none-eabi/lib/thumb/v7e-m+fp/hard\libc_nano.a(libc_a-init.o)
                0x0800b230                __libc_init_array
 .text.__retarget_lock_init_recursive
                0x0800b278        0x2 C:/ST/STM32CubeIDE_1.16.1/STM32CubeIDE/plugins/com.st.stm32cube.ide.mcu.externaltools.gnu-tools-for-stm32.12.3.rel1.win32_1.1.0.202410251130/tools/bin/../lib/gcc/arm-none-eabi/12.3.1/../../../../arm-none-eabi/lib/thumb/v7e-m+fp/hard\libc_nano.a(libc_a-lock.o)
                0x0800b278                __retarget_lock_init_recursive
 .text.__retarget_lock_acquire_recursive
                0x0800b27a        0x2 C:/ST/STM32CubeIDE_1.16.1/STM32CubeIDE/plugins/com.st.stm32cube.ide.mcu.externaltools.gnu-tools-for-stm32.12.3.rel1.win32_1.1.0.202410251130/tools/bin/../lib/gcc/arm-none-eabi/12.3.1/../../../../arm-none-eabi/lib/thumb/v7e-m+fp/hard\libc_nano.a(libc_a-lock.o)
                0x0800b27a                __retarget_lock_acquire_recursive
 .text.__retarget_lock_release_recursive
                0x0800b27c        0x2 C:/ST/STM32CubeIDE_1.16.1/STM32CubeIDE/plugins/com.st.stm32cube.ide.mcu.externaltools.gnu-tools-for-stm32.12.3.rel1.win32_1.1.0.202410251130/tools/bin/../lib/gcc/arm-none-eabi/12.3.1/../../../../arm-none-eabi/lib/thumb/v7e-m+fp/hard\libc_nano.a(libc_a-lock.o)
                0x0800b27c                __retarget_lock_release_recursive
 .text.quorem   0x0800b27e      0x110 C:/ST/STM32CubeIDE_1.16.1/STM32CubeIDE/plugins/com.st.stm32cube.ide.mcu.externaltools.gnu-tools-for-stm32.12.3.rel1.win32_1.1.0.202410251130/tools/bin/../lib/gcc/arm-none-eabi/12.3.1/../../../../arm-none-eabi/lib/thumb/v7e-m+fp/hard\libc_nano.a(libc_a-dtoa.o)
 *fill*         0x0800b38e        0x2 
 .text._dtoa_r  0x0800b390      0xb88 C:/ST/STM32CubeIDE_1.16.1/STM32CubeIDE/plugins/com.st.stm32cube.ide.mcu.externaltools.gnu-tools-for-stm32.12.3.rel1.win32_1.1.0.202410251130/tools/bin/../lib/gcc/arm-none-eabi/12.3.1/../../../../arm-none-eabi/lib/thumb/v7e-m+fp/hard\libc_nano.a(libc_a-dtoa.o)
                0x0800b390                _dtoa_r
 .text._free_r  0x0800bf18       0x94 C:/ST/STM32CubeIDE_1.16.1/STM32CubeIDE/plugins/com.st.stm32cube.ide.mcu.externaltools.gnu-tools-for-stm32.12.3.rel1.win32_1.1.0.202410251130/tools/bin/../lib/gcc/arm-none-eabi/12.3.1/../../../../arm-none-eabi/lib/thumb/v7e-m+fp/hard\libc_nano.a(libc_a-freer.o)
                0x0800bf18                _free_r
 .text._Balloc  0x0800bfac       0x80 C:/ST/STM32CubeIDE_1.16.1/STM32CubeIDE/plugins/com.st.stm32cube.ide.mcu.externaltools.gnu-tools-for-stm32.12.3.rel1.win32_1.1.0.202410251130/tools/bin/../lib/gcc/arm-none-eabi/12.3.1/../../../../arm-none-eabi/lib/thumb/v7e-m+fp/hard\libc_nano.a(libc_a-mprec.o)
                0x0800bfac                _Balloc
 .text._Bfree   0x0800c02c       0x44 C:/ST/STM32CubeIDE_1.16.1/STM32CubeIDE/plugins/com.st.stm32cube.ide.mcu.externaltools.gnu-tools-for-stm32.12.3.rel1.win32_1.1.0.202410251130/tools/bin/../lib/gcc/arm-none-eabi/12.3.1/../../../../arm-none-eabi/lib/thumb/v7e-m+fp/hard\libc_nano.a(libc_a-mprec.o)
                0x0800c02c                _Bfree
 .text.__multadd
                0x0800c070       0x8c C:/ST/STM32CubeIDE_1.16.1/STM32CubeIDE/plugins/com.st.stm32cube.ide.mcu.externaltools.gnu-tools-for-stm32.12.3.rel1.win32_1.1.0.202410251130/tools/bin/../lib/gcc/arm-none-eabi/12.3.1/../../../../arm-none-eabi/lib/thumb/v7e-m+fp/hard\libc_nano.a(libc_a-mprec.o)
                0x0800c070                __multadd
 .text.__hi0bits
                0x0800c0fc       0x3e C:/ST/STM32CubeIDE_1.16.1/STM32CubeIDE/plugins/com.st.stm32cube.ide.mcu.externaltools.gnu-tools-for-stm32.12.3.rel1.win32_1.1.0.202410251130/tools/bin/../lib/gcc/arm-none-eabi/12.3.1/../../../../arm-none-eabi/lib/thumb/v7e-m+fp/hard\libc_nano.a(libc_a-mprec.o)
                0x0800c0fc                __hi0bits
 .text.__lo0bits
                0x0800c13a       0x5a C:/ST/STM32CubeIDE_1.16.1/STM32CubeIDE/plugins/com.st.stm32cube.ide.mcu.externaltools.gnu-tools-for-stm32.12.3.rel1.win32_1.1.0.202410251130/tools/bin/../lib/gcc/arm-none-eabi/12.3.1/../../../../arm-none-eabi/lib/thumb/v7e-m+fp/hard\libc_nano.a(libc_a-mprec.o)
                0x0800c13a                __lo0bits
 .text.__i2b    0x0800c194       0x2c C:/ST/STM32CubeIDE_1.16.1/STM32CubeIDE/plugins/com.st.stm32cube.ide.mcu.externaltools.gnu-tools-for-stm32.12.3.rel1.win32_1.1.0.202410251130/tools/bin/../lib/gcc/arm-none-eabi/12.3.1/../../../../arm-none-eabi/lib/thumb/v7e-m+fp/hard\libc_nano.a(libc_a-mprec.o)
                0x0800c194                __i2b
 .text.__multiply
                0x0800c1c0      0x154 C:/ST/STM32CubeIDE_1.16.1/STM32CubeIDE/plugins/com.st.stm32cube.ide.mcu.externaltools.gnu-tools-for-stm32.12.3.rel1.win32_1.1.0.202410251130/tools/bin/../lib/gcc/arm-none-eabi/12.3.1/../../../../arm-none-eabi/lib/thumb/v7e-m+fp/hard\libc_nano.a(libc_a-mprec.o)
                0x0800c1c0                __multiply
 .text.__pow5mult
                0x0800c314       0xb4 C:/ST/STM32CubeIDE_1.16.1/STM32CubeIDE/plugins/com.st.stm32cube.ide.mcu.externaltools.gnu-tools-for-stm32.12.3.rel1.win32_1.1.0.202410251130/tools/bin/../lib/gcc/arm-none-eabi/12.3.1/../../../../arm-none-eabi/lib/thumb/v7e-m+fp/hard\libc_nano.a(libc_a-mprec.o)
                0x0800c314                __pow5mult
 .text.__lshift
                0x0800c3c8       0xd8 C:/ST/STM32CubeIDE_1.16.1/STM32CubeIDE/plugins/com.st.stm32cube.ide.mcu.externaltools.gnu-tools-for-stm32.12.3.rel1.win32_1.1.0.202410251130/tools/bin/../lib/gcc/arm-none-eabi/12.3.1/../../../../arm-none-eabi/lib/thumb/v7e-m+fp/hard\libc_nano.a(libc_a-mprec.o)
                0x0800c3c8                __lshift
 .text.__mcmp   0x0800c4a0       0x36 C:/ST/STM32CubeIDE_1.16.1/STM32CubeIDE/plugins/com.st.stm32cube.ide.mcu.externaltools.gnu-tools-for-stm32.12.3.rel1.win32_1.1.0.202410251130/tools/bin/../lib/gcc/arm-none-eabi/12.3.1/../../../../arm-none-eabi/lib/thumb/v7e-m+fp/hard\libc_nano.a(libc_a-mprec.o)
                0x0800c4a0                __mcmp
 *fill*         0x0800c4d6        0x2 
 .text.__mdiff  0x0800c4d8      0x128 C:/ST/STM32CubeIDE_1.16.1/STM32CubeIDE/plugins/com.st.stm32cube.ide.mcu.externaltools.gnu-tools-for-stm32.12.3.rel1.win32_1.1.0.202410251130/tools/bin/../lib/gcc/arm-none-eabi/12.3.1/../../../../arm-none-eabi/lib/thumb/v7e-m+fp/hard\libc_nano.a(libc_a-mprec.o)
                0x0800c4d8                __mdiff
 .text.__d2b    0x0800c600       0xb0 C:/ST/STM32CubeIDE_1.16.1/STM32CubeIDE/plugins/com.st.stm32cube.ide.mcu.externaltools.gnu-tools-for-stm32.12.3.rel1.win32_1.1.0.202410251130/tools/bin/../lib/gcc/arm-none-eabi/12.3.1/../../../../arm-none-eabi/lib/thumb/v7e-m+fp/hard\libc_nano.a(libc_a-mprec.o)
                0x0800c600                __d2b
 .text.__ssputs_r
                0x0800c6b0       0xb6 C:/ST/STM32CubeIDE_1.16.1/STM32CubeIDE/plugins/com.st.stm32cube.ide.mcu.externaltools.gnu-tools-for-stm32.12.3.rel1.win32_1.1.0.202410251130/tools/bin/../lib/gcc/arm-none-eabi/12.3.1/../../../../arm-none-eabi/lib/thumb/v7e-m+fp/hard\libc_nano.a(libc_a-nano-svfprintf.o)
                0x0800c6b0                __ssputs_r
 *fill*         0x0800c766        0x2 
 .text._svfprintf_r
                0x0800c768      0x1f8 C:/ST/STM32CubeIDE_1.16.1/STM32CubeIDE/plugins/com.st.stm32cube.ide.mcu.externaltools.gnu-tools-for-stm32.12.3.rel1.win32_1.1.0.202410251130/tools/bin/../lib/gcc/arm-none-eabi/12.3.1/../../../../arm-none-eabi/lib/thumb/v7e-m+fp/hard\libc_nano.a(libc_a-nano-svfprintf.o)
                0x0800c768                _svfiprintf_r
                0x0800c768                _svfprintf_r
 .text.__sflush_r
                0x0800c960      0x108 C:/ST/STM32CubeIDE_1.16.1/STM32CubeIDE/plugins/com.st.stm32cube.ide.mcu.externaltools.gnu-tools-for-stm32.12.3.rel1.win32_1.1.0.202410251130/tools/bin/../lib/gcc/arm-none-eabi/12.3.1/../../../../arm-none-eabi/lib/thumb/v7e-m+fp/hard\libc_nano.a(libc_a-fflush.o)
                0x0800c960                __sflush_r
 .text._fflush_r
                0x0800ca68       0x50 C:/ST/STM32CubeIDE_1.16.1/STM32CubeIDE/plugins/com.st.stm32cube.ide.mcu.externaltools.gnu-tools-for-stm32.12.3.rel1.win32_1.1.0.202410251130/tools/bin/../lib/gcc/arm-none-eabi/12.3.1/../../../../arm-none-eabi/lib/thumb/v7e-m+fp/hard\libc_nano.a(libc_a-fflush.o)
                0x0800ca68                _fflush_r
 .text.__swhatbuf_r
                0x0800cab8       0x4c C:/ST/STM32CubeIDE_1.16.1/STM32CubeIDE/plugins/com.st.stm32cube.ide.mcu.externaltools.gnu-tools-for-stm32.12.3.rel1.win32_1.1.0.202410251130/tools/bin/../lib/gcc/arm-none-eabi/12.3.1/../../../../arm-none-eabi/lib/thumb/v7e-m+fp/hard\libc_nano.a(libc_a-makebuf.o)
                0x0800cab8                __swhatbuf_r
 .text.__smakebuf_r
                0x0800cb04       0x78 C:/ST/STM32CubeIDE_1.16.1/STM32CubeIDE/plugins/com.st.stm32cube.ide.mcu.externaltools.gnu-tools-for-stm32.12.3.rel1.win32_1.1.0.202410251130/tools/bin/../lib/gcc/arm-none-eabi/12.3.1/../../../../arm-none-eabi/lib/thumb/v7e-m+fp/hard\libc_nano.a(libc_a-makebuf.o)
                0x0800cb04                __smakebuf_r
 .text.memmove  0x0800cb7c       0x34 C:/ST/STM32CubeIDE_1.16.1/STM32CubeIDE/plugins/com.st.stm32cube.ide.mcu.externaltools.gnu-tools-for-stm32.12.3.rel1.win32_1.1.0.202410251130/tools/bin/../lib/gcc/arm-none-eabi/12.3.1/../../../../arm-none-eabi/lib/thumb/v7e-m+fp/hard\libc_nano.a(libc_a-memmove.o)
                0x0800cb7c                memmove
 .text._fstat_r
                0x0800cbb0       0x24 C:/ST/STM32CubeIDE_1.16.1/STM32CubeIDE/plugins/com.st.stm32cube.ide.mcu.externaltools.gnu-tools-for-stm32.12.3.rel1.win32_1.1.0.202410251130/tools/bin/../lib/gcc/arm-none-eabi/12.3.1/../../../../arm-none-eabi/lib/thumb/v7e-m+fp/hard\libc_nano.a(libc_a-fstatr.o)
                0x0800cbb0                _fstat_r
 .text._isatty_r
                0x0800cbd4       0x20 C:/ST/STM32CubeIDE_1.16.1/STM32CubeIDE/plugins/com.st.stm32cube.ide.mcu.externaltools.gnu-tools-for-stm32.12.3.rel1.win32_1.1.0.202410251130/tools/bin/../lib/gcc/arm-none-eabi/12.3.1/../../../../arm-none-eabi/lib/thumb/v7e-m+fp/hard\libc_nano.a(libc_a-isattyr.o)
                0x0800cbd4                _isatty_r
 .text.memcpy   0x0800cbf4       0x1c C:/ST/STM32CubeIDE_1.16.1/STM32CubeIDE/plugins/com.st.stm32cube.ide.mcu.externaltools.gnu-tools-for-stm32.12.3.rel1.win32_1.1.0.202410251130/tools/bin/../lib/gcc/arm-none-eabi/12.3.1/../../../../arm-none-eabi/lib/thumb/v7e-m+fp/hard\libc_nano.a(libc_a-memcpy-stub.o)
                0x0800cbf4                memcpy
 .text.__assert_func
                0x0800cc10       0x3c C:/ST/STM32CubeIDE_1.16.1/STM32CubeIDE/plugins/com.st.stm32cube.ide.mcu.externaltools.gnu-tools-for-stm32.12.3.rel1.win32_1.1.0.202410251130/tools/bin/../lib/gcc/arm-none-eabi/12.3.1/../../../../arm-none-eabi/lib/thumb/v7e-m+fp/hard\libc_nano.a(libc_a-assert.o)
                0x0800cc10                __assert_func
 .text._calloc_r
                0x0800cc4c       0x28 C:/ST/STM32CubeIDE_1.16.1/STM32CubeIDE/plugins/com.st.stm32cube.ide.mcu.externaltools.gnu-tools-for-stm32.12.3.rel1.win32_1.1.0.202410251130/tools/bin/../lib/gcc/arm-none-eabi/12.3.1/../../../../arm-none-eabi/lib/thumb/v7e-m+fp/hard\libc_nano.a(libc_a-callocr.o)
                0x0800cc4c                _calloc_r
 .text.__ascii_mbtowc
                0x0800cc74       0x24 C:/ST/STM32CubeIDE_1.16.1/STM32CubeIDE/plugins/com.st.stm32cube.ide.mcu.externaltools.gnu-tools-for-stm32.12.3.rel1.win32_1.1.0.202410251130/tools/bin/../lib/gcc/arm-none-eabi/12.3.1/../../../../arm-none-eabi/lib/thumb/v7e-m+fp/hard\libc_nano.a(libc_a-mbtowc_r.o)
                0x0800cc74                __ascii_mbtowc
 .text._realloc_r
                0x0800cc98       0x5c C:/ST/STM32CubeIDE_1.16.1/STM32CubeIDE/plugins/com.st.stm32cube.ide.mcu.externaltools.gnu-tools-for-stm32.12.3.rel1.win32_1.1.0.202410251130/tools/bin/../lib/gcc/arm-none-eabi/12.3.1/../../../../arm-none-eabi/lib/thumb/v7e-m+fp/hard\libc_nano.a(libc_a-reallocr.o)
                0x0800cc98                _realloc_r
 .text.__ascii_wctomb
                0x0800ccf4       0x1a C:/ST/STM32CubeIDE_1.16.1/STM32CubeIDE/plugins/com.st.stm32cube.ide.mcu.externaltools.gnu-tools-for-stm32.12.3.rel1.win32_1.1.0.202410251130/tools/bin/../lib/gcc/arm-none-eabi/12.3.1/../../../../arm-none-eabi/lib/thumb/v7e-m+fp/hard\libc_nano.a(libc_a-wctomb_r.o)
                0x0800ccf4                __ascii_wctomb
 *fill*         0x0800cd0e        0x2 
 .text.fprintf  0x0800cd10       0x24 C:/ST/STM32CubeIDE_1.16.1/STM32CubeIDE/plugins/com.st.stm32cube.ide.mcu.externaltools.gnu-tools-for-stm32.12.3.rel1.win32_1.1.0.202410251130/tools/bin/../lib/gcc/arm-none-eabi/12.3.1/../../../../arm-none-eabi/lib/thumb/v7e-m+fp/hard\libc_nano.a(libc_a-fprintf.o)
                0x0800cd10                fiprintf
                0x0800cd10                fprintf
 .text.abort    0x0800cd34        0xe C:/ST/STM32CubeIDE_1.16.1/STM32CubeIDE/plugins/com.st.stm32cube.ide.mcu.externaltools.gnu-tools-for-stm32.12.3.rel1.win32_1.1.0.202410251130/tools/bin/../lib/gcc/arm-none-eabi/12.3.1/../../../../arm-none-eabi/lib/thumb/v7e-m+fp/hard\libc_nano.a(libc_a-abort.o)
                0x0800cd34                abort
 .text._malloc_usable_size_r
                0x0800cd42       0x10 C:/ST/STM32CubeIDE_1.16.1/STM32CubeIDE/plugins/com.st.stm32cube.ide.mcu.externaltools.gnu-tools-for-stm32.12.3.rel1.win32_1.1.0.202410251130/tools/bin/../lib/gcc/arm-none-eabi/12.3.1/../../../../arm-none-eabi/lib/thumb/v7e-m+fp/hard\libc_nano.a(libc_a-msizer.o)
                0x0800cd42                _malloc_usable_size_r
 .text.__sfputc_r
                0x0800cd52       0x2e C:/ST/STM32CubeIDE_1.16.1/STM32CubeIDE/plugins/com.st.stm32cube.ide.mcu.externaltools.gnu-tools-for-stm32.12.3.rel1.win32_1.1.0.202410251130/tools/bin/../lib/gcc/arm-none-eabi/12.3.1/../../../../arm-none-eabi/lib/thumb/v7e-m+fp/hard\libc_nano.a(libc_a-nano-vfprintf.o)
 .text.__sfputs_r
                0x0800cd80       0x24 C:/ST/STM32CubeIDE_1.16.1/STM32CubeIDE/plugins/com.st.stm32cube.ide.mcu.externaltools.gnu-tools-for-stm32.12.3.rel1.win32_1.1.0.202410251130/tools/bin/../lib/gcc/arm-none-eabi/12.3.1/../../../../arm-none-eabi/lib/thumb/v7e-m+fp/hard\libc_nano.a(libc_a-nano-vfprintf.o)
                0x0800cd80                __sfputs_r
 .text._vfprintf_r
                0x0800cda4      0x230 C:/ST/STM32CubeIDE_1.16.1/STM32CubeIDE/plugins/com.st.stm32cube.ide.mcu.externaltools.gnu-tools-for-stm32.12.3.rel1.win32_1.1.0.202410251130/tools/bin/../lib/gcc/arm-none-eabi/12.3.1/../../../../arm-none-eabi/lib/thumb/v7e-m+fp/hard\libc_nano.a(libc_a-nano-vfprintf.o)
                0x0800cda4                _vfprintf_r
                0x0800cda4                _vfiprintf_r
 .text._raise_r
                0x0800cfd4       0x50 C:/ST/STM32CubeIDE_1.16.1/STM32CubeIDE/plugins/com.st.stm32cube.ide.mcu.externaltools.gnu-tools-for-stm32.12.3.rel1.win32_1.1.0.202410251130/tools/bin/../lib/gcc/arm-none-eabi/12.3.1/../../../../arm-none-eabi/lib/thumb/v7e-m+fp/hard\libc_nano.a(libc_a-signal.o)
                0x0800cfd4                _raise_r
 .text.raise    0x0800d024       0x10 C:/ST/STM32CubeIDE_1.16.1/STM32CubeIDE/plugins/com.st.stm32cube.ide.mcu.externaltools.gnu-tools-for-stm32.12.3.rel1.win32_1.1.0.202410251130/tools/bin/../lib/gcc/arm-none-eabi/12.3.1/../../../../arm-none-eabi/lib/thumb/v7e-m+fp/hard\libc_nano.a(libc_a-signal.o)
                0x0800d024                raise
 .text._kill_r  0x0800d034       0x24 C:/ST/STM32CubeIDE_1.16.1/STM32CubeIDE/plugins/com.st.stm32cube.ide.mcu.externaltools.gnu-tools-for-stm32.12.3.rel1.win32_1.1.0.202410251130/tools/bin/../lib/gcc/arm-none-eabi/12.3.1/../../../../arm-none-eabi/lib/thumb/v7e-m+fp/hard\libc_nano.a(libc_a-signalr.o)
                0x0800d034                _kill_r
 .text._getpid_r
                0x0800d058        0x4 C:/ST/STM32CubeIDE_1.16.1/STM32CubeIDE/plugins/com.st.stm32cube.ide.mcu.externaltools.gnu-tools-for-stm32.12.3.rel1.win32_1.1.0.202410251130/tools/bin/../lib/gcc/arm-none-eabi/12.3.1/../../../../arm-none-eabi/lib/thumb/v7e-m+fp/hard\libc_nano.a(libc_a-signalr.o)
                0x0800d058                _getpid_r
 .text.log10f   0x0800d05c       0x5c C:/ST/STM32CubeIDE_1.16.1/STM32CubeIDE/plugins/com.st.stm32cube.ide.mcu.externaltools.gnu-tools-for-stm32.12.3.rel1.win32_1.1.0.202410251130/tools/bin/../lib/gcc/arm-none-eabi/12.3.1/../../../../arm-none-eabi/lib/thumb/v7e-m+fp/hard\libm.a(libm_a-wf_log10.o)
                0x0800d05c                log10f
 .text.nanf     0x0800d0b8        0xc C:/ST/STM32CubeIDE_1.16.1/STM32CubeIDE/plugins/com.st.stm32cube.ide.mcu.externaltools.gnu-tools-for-stm32.12.3.rel1.win32_1.1.0.202410251130/tools/bin/../lib/gcc/arm-none-eabi/12.3.1/../../../../arm-none-eabi/lib/thumb/v7e-m+fp/hard\libm.a(libm_a-sf_nan.o)
                0x0800d0b8                nanf
 .text.__ieee754_log10f
                0x0800d0c4       0xb0 C:/ST/STM32CubeIDE_1.16.1/STM32CubeIDE/plugins/com.st.stm32cube.ide.mcu.externaltools.gnu-tools-for-stm32.12.3.rel1.win32_1.1.0.202410251130/tools/bin/../lib/gcc/arm-none-eabi/12.3.1/../../../../arm-none-eabi/lib/thumb/v7e-m+fp/hard\libm.a(libm_a-ef_log10.o)
                0x0800d0c4                __ieee754_log10f
 .text.__ieee754_logf
                0x0800d174      0x1e4 C:/ST/STM32CubeIDE_1.16.1/STM32CubeIDE/plugins/com.st.stm32cube.ide.mcu.externaltools.gnu-tools-for-stm32.12.3.rel1.win32_1.1.0.202410251130/tools/bin/../lib/gcc/arm-none-eabi/12.3.1/../../../../arm-none-eabi/lib/thumb/v7e-m+fp/hard\libm.a(libm_a-ef_log.o)
                0x0800d174                __ieee754_logf
 *(.glue_7)
 .glue_7        0x0800d358        0x0 linker stubs
 *(.glue_7t)
 .glue_7t       0x0800d358        0x0 linker stubs
 *(.eh_frame)
 .eh_frame      0x0800d358        0x0 C:/ST/STM32CubeIDE_1.16.1/STM32CubeIDE/plugins/com.st.stm32cube.ide.mcu.externaltools.gnu-tools-for-stm32.12.3.rel1.win32_1.1.0.202410251130/tools/bin/../lib/gcc/arm-none-eabi/12.3.1/thumb/v7e-m+fp/hard/crtbegin.o
 *(.init)
 .init          0x0800d358        0x4 C:/ST/STM32CubeIDE_1.16.1/STM32CubeIDE/plugins/com.st.stm32cube.ide.mcu.externaltools.gnu-tools-for-stm32.12.3.rel1.win32_1.1.0.202410251130/tools/bin/../lib/gcc/arm-none-eabi/12.3.1/thumb/v7e-m+fp/hard/crti.o
                0x0800d358                _init
 .init          0x0800d35c        0x8 C:/ST/STM32CubeIDE_1.16.1/STM32CubeIDE/plugins/com.st.stm32cube.ide.mcu.externaltools.gnu-tools-for-stm32.12.3.rel1.win32_1.1.0.202410251130/tools/bin/../lib/gcc/arm-none-eabi/12.3.1/thumb/v7e-m+fp/hard/crtn.o
 *(.fini)
 .fini          0x0800d364        0x4 C:/ST/STM32CubeIDE_1.16.1/STM32CubeIDE/plugins/com.st.stm32cube.ide.mcu.externaltools.gnu-tools-for-stm32.12.3.rel1.win32_1.1.0.202410251130/tools/bin/../lib/gcc/arm-none-eabi/12.3.1/thumb/v7e-m+fp/hard/crti.o
                0x0800d364                _fini
 .fini          0x0800d368        0x8 C:/ST/STM32CubeIDE_1.16.1/STM32CubeIDE/plugins/com.st.stm32cube.ide.mcu.externaltools.gnu-tools-for-stm32.12.3.rel1.win32_1.1.0.202410251130/tools/bin/../lib/gcc/arm-none-eabi/12.3.1/thumb/v7e-m+fp/hard/crtn.o
                0x0800d370                        . = ALIGN (0x4)
                0x0800d370                        _etext = .

.vfp11_veneer   0x0800d370        0x0
 .vfp11_veneer  0x0800d370        0x0 linker stubs

.v4_bx          0x0800d370        0x0
 .v4_bx         0x0800d370        0x0 linker stubs

.iplt           0x0800d370        0x0
 .iplt          0x0800d370        0x0 C:/ST/STM32CubeIDE_1.16.1/STM32CubeIDE/plugins/com.st.stm32cube.ide.mcu.externaltools.gnu-tools-for-stm32.12.3.rel1.win32_1.1.0.202410251130/tools/bin/../lib/gcc/arm-none-eabi/12.3.1/thumb/v7e-m+fp/hard/crtbegin.o

.rodata         0x0800d370    0x140f8
                0x0800d370                        . = ALIGN (0x4)
 *(.rodata)
 .rodata        0x0800d370       0x28 ./Core/Src/Display/display.o
 .rodata        0x0800d398       0x83 ./Core/Src/main.o
 *(.rodata*)
 *fill*         0x0800d41b        0x1 
 .rodata.twiddleCoef_16
                0x0800d41c       0x80 ./Core/Src/DSP/arm_common_tables.o
                0x0800d41c                twiddleCoef_16
 .rodata.twiddleCoef_32
                0x0800d49c      0x100 ./Core/Src/DSP/arm_common_tables.o
                0x0800d49c                twiddleCoef_32
 .rodata.twiddleCoef_64
                0x0800d59c      0x200 ./Core/Src/DSP/arm_common_tables.o
                0x0800d59c                twiddleCoef_64
 .rodata.twiddleCoef_128
                0x0800d79c      0x400 ./Core/Src/DSP/arm_common_tables.o
                0x0800d79c                twiddleCoef_128
 .rodata.twiddleCoef_256
                0x0800db9c      0x800 ./Core/Src/DSP/arm_common_tables.o
                0x0800db9c                twiddleCoef_256
 .rodata.twiddleCoef_512
                0x0800e39c     0x1000 ./Core/Src/DSP/arm_common_tables.o
                0x0800e39c                twiddleCoef_512
 .rodata.twiddleCoef_1024
                0x0800f39c     0x2000 ./Core/Src/DSP/arm_common_tables.o
                0x0800f39c                twiddleCoef_1024
 .rodata.twiddleCoef_2048
                0x0801139c     0x4000 ./Core/Src/DSP/arm_common_tables.o
                0x0801139c                twiddleCoef_2048
 .rodata.armBitRevIndexTable16
                0x0801539c       0x28 ./Core/Src/DSP/arm_common_tables.o
                0x0801539c                armBitRevIndexTable16
 .rodata.armBitRevIndexTable32
                0x080153c4       0x60 ./Core/Src/DSP/arm_common_tables.o
                0x080153c4                armBitRevIndexTable32
 .rodata.armBitRevIndexTable64
                0x08015424       0x70 ./Core/Src/DSP/arm_common_tables.o
                0x08015424                armBitRevIndexTable64
 .rodata.armBitRevIndexTable128
                0x08015494      0x1a0 ./Core/Src/DSP/arm_common_tables.o
                0x08015494                armBitRevIndexTable128
 .rodata.armBitRevIndexTable256
                0x08015634      0x370 ./Core/Src/DSP/arm_common_tables.o
                0x08015634                armBitRevIndexTable256
 .rodata.armBitRevIndexTable512
                0x080159a4      0x380 ./Core/Src/DSP/arm_common_tables.o
                0x080159a4                armBitRevIndexTable512
 .rodata.armBitRevIndexTable1024
                0x08015d24      0xe10 ./Core/Src/DSP/arm_common_tables.o
                0x08015d24                armBitRevIndexTable1024
 .rodata.armBitRevIndexTable2048
                0x08016b34     0x1dc0 ./Core/Src/DSP/arm_common_tables.o
                0x08016b34                armBitRevIndexTable2048
 .rodata.twiddleCoef_rfft_32
                0x080188f4       0x80 ./Core/Src/DSP/arm_common_tables.o
                0x080188f4                twiddleCoef_rfft_32
 .rodata.twiddleCoef_rfft_64
                0x08018974      0x100 ./Core/Src/DSP/arm_common_tables.o
                0x08018974                twiddleCoef_rfft_64
 .rodata.twiddleCoef_rfft_128
                0x08018a74      0x200 ./Core/Src/DSP/arm_common_tables.o
                0x08018a74                twiddleCoef_rfft_128
 .rodata.twiddleCoef_rfft_256
                0x08018c74      0x400 ./Core/Src/DSP/arm_common_tables.o
                0x08018c74                twiddleCoef_rfft_256
 .rodata.twiddleCoef_rfft_512
                0x08019074      0x800 ./Core/Src/DSP/arm_common_tables.o
                0x08019074                twiddleCoef_rfft_512
 .rodata.twiddleCoef_rfft_1024
                0x08019874     0x1000 ./Core/Src/DSP/arm_common_tables.o
                0x08019874                twiddleCoef_rfft_1024
 .rodata.twiddleCoef_rfft_2048
                0x0801a874     0x2000 ./Core/Src/DSP/arm_common_tables.o
                0x0801a874                twiddleCoef_rfft_2048
 .rodata.twiddleCoef_rfft_4096
                0x0801c874     0x4000 ./Core/Src/DSP/arm_common_tables.o
                0x0801c874                twiddleCoef_rfft_4096
 .rodata.arm_cfft_sR_f32_len16
                0x08020874       0x10 ./Core/Src/DSP/arm_const_structs.o
                0x08020874                arm_cfft_sR_f32_len16
 .rodata.arm_cfft_sR_f32_len32
                0x08020884       0x10 ./Core/Src/DSP/arm_const_structs.o
                0x08020884                arm_cfft_sR_f32_len32
 .rodata.arm_cfft_sR_f32_len64
                0x08020894       0x10 ./Core/Src/DSP/arm_const_structs.o
                0x08020894                arm_cfft_sR_f32_len64
 .rodata.arm_cfft_sR_f32_len128
                0x080208a4       0x10 ./Core/Src/DSP/arm_const_structs.o
                0x080208a4                arm_cfft_sR_f32_len128
 .rodata.arm_cfft_sR_f32_len256
                0x080208b4       0x10 ./Core/Src/DSP/arm_const_structs.o
                0x080208b4                arm_cfft_sR_f32_len256
 .rodata.arm_cfft_sR_f32_len512
                0x080208c4       0x10 ./Core/Src/DSP/arm_const_structs.o
                0x080208c4                arm_cfft_sR_f32_len512
 .rodata.arm_cfft_sR_f32_len1024
                0x080208d4       0x10 ./Core/Src/DSP/arm_const_structs.o
                0x080208d4                arm_cfft_sR_f32_len1024
 .rodata.arm_cfft_sR_f32_len2048
                0x080208e4       0x10 ./Core/Src/DSP/arm_const_structs.o
                0x080208e4                arm_cfft_sR_f32_len2048
 .rodata.Font7x10
                0x080208f4      0x76c ./Core/Src/Display/fonts.o
 .rodata.init_cmds1
                0x08021060       0x3b ./Core/Src/Display/st7735.o
 *fill*         0x0802109b        0x1 
 .rodata.init_cmds2
                0x0802109c        0xd ./Core/Src/Display/st7735.o
 *fill*         0x080210a9        0x3 
 .rodata.init_cmds3
                0x080210ac       0x2b ./Core/Src/Display/st7735.o
 *fill*         0x080210d7        0x1 
 .rodata.AHBPrescTable
                0x080210d8       0x10 ./Core/Src/system_stm32f4xx.o
                0x080210d8                AHBPrescTable
 .rodata.APBPrescTable
                0x080210e8        0x8 ./Core/Src/system_stm32f4xx.o
                0x080210e8                APBPrescTable
 .rodata.flagBitshiftOffset.0
                0x080210f0        0x8 ./Drivers/STM32F4xx_HAL_Driver/Src/stm32f4xx_hal_dma.o
 .rodata._printf_float.str1.1
                0x080210f8       0x12 C:/ST/STM32CubeIDE_1.16.1/STM32CubeIDE/plugins/com.st.stm32cube.ide.mcu.externaltools.gnu-tools-for-stm32.12.3.rel1.win32_1.1.0.202410251130/tools/bin/../lib/gcc/arm-none-eabi/12.3.1/../../../../arm-none-eabi/lib/thumb/v7e-m+fp/hard\libc_nano.a(libc_a-nano-vfprintf_float.o)
 .rodata._printf_i.str1.1
                0x0802110a       0x22 C:/ST/STM32CubeIDE_1.16.1/STM32CubeIDE/plugins/com.st.stm32cube.ide.mcu.externaltools.gnu-tools-for-stm32.12.3.rel1.win32_1.1.0.202410251130/tools/bin/../lib/gcc/arm-none-eabi/12.3.1/../../../../arm-none-eabi/lib/thumb/v7e-m+fp/hard\libc_nano.a(libc_a-nano-vfprintf_i.o)
 .rodata._dtoa_r.str1.1
                0x0802112c       0x8d C:/ST/STM32CubeIDE_1.16.1/STM32CubeIDE/plugins/com.st.stm32cube.ide.mcu.externaltools.gnu-tools-for-stm32.12.3.rel1.win32_1.1.0.202410251130/tools/bin/../lib/gcc/arm-none-eabi/12.3.1/../../../../arm-none-eabi/lib/thumb/v7e-m+fp/hard\libc_nano.a(libc_a-dtoa.o)
                                 0x8f (size before relaxing)
 .rodata._Balloc.str1.1
                0x080211b9       0x59 C:/ST/STM32CubeIDE_1.16.1/STM32CubeIDE/plugins/com.st.stm32cube.ide.mcu.externaltools.gnu-tools-for-stm32.12.3.rel1.win32_1.1.0.202410251130/tools/bin/../lib/gcc/arm-none-eabi/12.3.1/../../../../arm-none-eabi/lib/thumb/v7e-m+fp/hard\libc_nano.a(libc_a-mprec.o)
                                 0x70 (size before relaxing)
 .rodata.__multadd.str1.1
                0x08021212       0x11 C:/ST/STM32CubeIDE_1.16.1/STM32CubeIDE/plugins/com.st.stm32cube.ide.mcu.externaltools.gnu-tools-for-stm32.12.3.rel1.win32_1.1.0.202410251130/tools/bin/../lib/gcc/arm-none-eabi/12.3.1/../../../../arm-none-eabi/lib/thumb/v7e-m+fp/hard\libc_nano.a(libc_a-mprec.o)
 *fill*         0x08021212        0x2 
 .rodata.p05.0  0x08021214        0xc C:/ST/STM32CubeIDE_1.16.1/STM32CubeIDE/plugins/com.st.stm32cube.ide.mcu.externaltools.gnu-tools-for-stm32.12.3.rel1.win32_1.1.0.202410251130/tools/bin/../lib/gcc/arm-none-eabi/12.3.1/../../../../arm-none-eabi/lib/thumb/v7e-m+fp/hard\libc_nano.a(libc_a-mprec.o)
 .rodata.__mprec_bigtens
                0x08021220       0x28 C:/ST/STM32CubeIDE_1.16.1/STM32CubeIDE/plugins/com.st.stm32cube.ide.mcu.externaltools.gnu-tools-for-stm32.12.3.rel1.win32_1.1.0.202410251130/tools/bin/../lib/gcc/arm-none-eabi/12.3.1/../../../../arm-none-eabi/lib/thumb/v7e-m+fp/hard\libc_nano.a(libc_a-mprec.o)
                0x08021220                __mprec_bigtens
 .rodata.__mprec_tens
                0x08021248       0xc8 C:/ST/STM32CubeIDE_1.16.1/STM32CubeIDE/plugins/com.st.stm32cube.ide.mcu.externaltools.gnu-tools-for-stm32.12.3.rel1.win32_1.1.0.202410251130/tools/bin/../lib/gcc/arm-none-eabi/12.3.1/../../../../arm-none-eabi/lib/thumb/v7e-m+fp/hard\libc_nano.a(libc_a-mprec.o)
                0x08021248                __mprec_tens
 .rodata._svfprintf_r.str1.1
                0x08021310       0x11 C:/ST/STM32CubeIDE_1.16.1/STM32CubeIDE/plugins/com.st.stm32cube.ide.mcu.externaltools.gnu-tools-for-stm32.12.3.rel1.win32_1.1.0.202410251130/tools/bin/../lib/gcc/arm-none-eabi/12.3.1/../../../../arm-none-eabi/lib/thumb/v7e-m+fp/hard\libc_nano.a(libc_a-nano-svfprintf.o)
 .rodata._setlocale_r.str1.1
                0x08021321        0x8 C:/ST/STM32CubeIDE_1.16.1/STM32CubeIDE/plugins/com.st.stm32cube.ide.mcu.externaltools.gnu-tools-for-stm32.12.3.rel1.win32_1.1.0.202410251130/tools/bin/../lib/gcc/arm-none-eabi/12.3.1/../../../../arm-none-eabi/lib/thumb/v7e-m+fp/hard\libc_nano.a(libc_a-locale.o)
                                  0x9 (size before relaxing)
 .rodata.str1.1
                0x08021329        0x2 C:/ST/STM32CubeIDE_1.16.1/STM32CubeIDE/plugins/com.st.stm32cube.ide.mcu.externaltools.gnu-tools-for-stm32.12.3.rel1.win32_1.1.0.202410251130/tools/bin/../lib/gcc/arm-none-eabi/12.3.1/../../../../arm-none-eabi/lib/thumb/v7e-m+fp/hard\libc_nano.a(libc_a-locale.o)
 .rodata.__assert_func.str1.1
                0x0802132b       0x3c C:/ST/STM32CubeIDE_1.16.1/STM32CubeIDE/plugins/com.st.stm32cube.ide.mcu.externaltools.gnu-tools-for-stm32.12.3.rel1.win32_1.1.0.202410251130/tools/bin/../lib/gcc/arm-none-eabi/12.3.1/../../../../arm-none-eabi/lib/thumb/v7e-m+fp/hard\libc_nano.a(libc_a-assert.o)
                                 0x3d (size before relaxing)
 .rodata._ctype_
                0x08021367      0x101 C:/ST/STM32CubeIDE_1.16.1/STM32CubeIDE/plugins/com.st.stm32cube.ide.mcu.externaltools.gnu-tools-for-stm32.12.3.rel1.win32_1.1.0.202410251130/tools/bin/../lib/gcc/arm-none-eabi/12.3.1/../../../../arm-none-eabi/lib/thumb/v7e-m+fp/hard\libc_nano.a(libc_a-ctype_.o)
                0x08021367                _ctype_
 .rodata._vfprintf_r.str1.1
                0x08021468       0x11 C:/ST/STM32CubeIDE_1.16.1/STM32CubeIDE/plugins/com.st.stm32cube.ide.mcu.externaltools.gnu-tools-for-stm32.12.3.rel1.win32_1.1.0.202410251130/tools/bin/../lib/gcc/arm-none-eabi/12.3.1/../../../../arm-none-eabi/lib/thumb/v7e-m+fp/hard\libc_nano.a(libc_a-nano-vfprintf.o)
 .rodata.log10f.str1.1
                0x08021468        0x1 C:/ST/STM32CubeIDE_1.16.1/STM32CubeIDE/plugins/com.st.stm32cube.ide.mcu.externaltools.gnu-tools-for-stm32.12.3.rel1.win32_1.1.0.202410251130/tools/bin/../lib/gcc/arm-none-eabi/12.3.1/../../../../arm-none-eabi/lib/thumb/v7e-m+fp/hard\libm.a(libm_a-wf_log10.o)
                0x0802147c                        . = ALIGN (0x4)

.ARM.extab      0x08021468        0x0
                0x08021468                        . = ALIGN (0x4)
 *(.ARM.extab* .gnu.linkonce.armextab.*)
                0x08021468                        . = ALIGN (0x4)

.ARM            0x08021468        0x8
                0x08021468                        . = ALIGN (0x4)
                0x08021468                        __exidx_start = .
 *(.ARM.exidx*)
 .ARM.exidx     0x08021468        0x8 C:/ST/STM32CubeIDE_1.16.1/STM32CubeIDE/plugins/com.st.stm32cube.ide.mcu.externaltools.gnu-tools-for-stm32.12.3.rel1.win32_1.1.0.202410251130/tools/bin/../lib/gcc/arm-none-eabi/12.3.1/../../../../arm-none-eabi/lib/thumb/v7e-m+fp/hard\libc_nano.a(libc_a-memchr.o)
 .ARM.exidx     0x08021470        0x0 C:/ST/STM32CubeIDE_1.16.1/STM32CubeIDE/plugins/com.st.stm32cube.ide.mcu.externaltools.gnu-tools-for-stm32.12.3.rel1.win32_1.1.0.202410251130/tools/bin/../lib/gcc/arm-none-eabi/12.3.1/../../../../arm-none-eabi/lib/thumb/v7e-m+fp/hard\libc_nano.a(libc_a-strlen.o)
                                  0x8 (size before relaxing)
 .ARM.exidx     0x08021470        0x0 C:/ST/STM32CubeIDE_1.16.1/STM32CubeIDE/plugins/com.st.stm32cube.ide.mcu.externaltools.gnu-tools-for-stm32.12.3.rel1.win32_1.1.0.202410251130/tools/bin/../lib/gcc/arm-none-eabi/12.3.1/thumb/v7e-m+fp/hard\libgcc.a(_udivmoddi4.o)
                                  0x8 (size before relaxing)
                0x08021470                        __exidx_end = .
                0x08021470                        . = ALIGN (0x4)

.preinit_array  0x08021470        0x0
                0x08021470                        . = ALIGN (0x4)
                0x08021470                        PROVIDE (__preinit_array_start = .)
 *(.preinit_array*)
                0x08021470                        PROVIDE (__preinit_array_end = .)
                0x08021470                        . = ALIGN (0x4)

.init_array     0x08021470        0x4
                0x08021470                        . = ALIGN (0x4)
                0x08021470                        PROVIDE (__init_array_start = .)
 *(SORT_BY_NAME(.init_array.*))
 *(.init_array*)
 .init_array    0x08021470        0x4 C:/ST/STM32CubeIDE_1.16.1/STM32CubeIDE/plugins/com.st.stm32cube.ide.mcu.externaltools.gnu-tools-for-stm32.12.3.rel1.win32_1.1.0.202410251130/tools/bin/../lib/gcc/arm-none-eabi/12.3.1/thumb/v7e-m+fp/hard/crtbegin.o
                0x08021474                        PROVIDE (__init_array_end = .)
                0x08021474                        . = ALIGN (0x4)
