23:59:16 **** Incremental Build of configuration Debug for project Audio Analyser ****
make -j8 all 
arm-none-eabi-gcc "../Core/Src/Display/ST7735.c" -mcpu=cortex-m4 -std=gnu11 -g3 -DDEBUG -DARM_MATH_CM4 -DUSE_HAL_DRIVER -DSTM32F429xx -c -I../Core/Inc -I../Drivers/STM32F4xx_HAL_Driver/Inc -I../Drivers/STM32F4xx_HAL_Driver/Inc/Legacy -I../Drivers/CMSIS/Device/ST/STM32F4xx/Include -I../Drivers/CMSIS/Include -I../Core/Inc/DSP -I../Core/Inc/DSP/dsp -I../Core/Inc/FFT -I../Core/Inc/Display -O0 -ffunction-sections -fdata-sections -Wall -fstack-usage -fcyclomatic-complexity -MMD -MP -MF"Core/Src/Display/ST7735.d" -MT"Core/Src/Display/ST7735.o" --specs=nano.specs -mfpu=fpv4-sp-d16 -mfloat-abi=hard -mthumb -o "Core/Src/Display/ST7735.o"
arm-none-eabi-gcc -o "Audio Analyser.elf" @"objects.list"   -mcpu=cortex-m4 -T"C:\Users\Fabrice Jandt\source\repos\audio-analyser\Audio Analyser\STM32F429ZITX_FLASH.ld" --specs=nosys.specs -Wl,-Map="Audio Analyser.map" -Wl,--gc-sections -static --specs=nano.specs -mfpu=fpv4-sp-d16 -mfloat-abi=hard -mthumb -Wl,--start-group -lc -lm -Wl,--end-group
Finished building target: Audio Analyser.elf
 
arm-none-eabi-size  Audio\ Analyser.elf 
arm-none-eabi-objdump -h -S Audio\ Analyser.elf  > "Audio Analyser.list"
   text	   data	    bss	    dec	    hex	filename
 105532	     28	   3588	 109148	  1aa5c	Audio Analyser.elf
Finished building: default.size.stdout
 
Finished building: Audio Analyser.list
 

23:59:18 Build Finished. 0 errors, 0 warnings. (took 2s.336ms)

